Archive member included to satisfy reference by file (symbol)

e:/gcc-arm-none-eabi-10-2020-q4-major/bin/../lib/gcc/arm-none-eabi/10.2.1/thumb/v7e-m+fp/hard\libgcc.a(_aeabi_uldivmod.o)
                              CMakeFiles/STM32_Mass.elf.dir/Drivers/STM32H7xx_HAL_Driver/Src/stm32h7xx_hal_uart.c.obj (__aeabi_uldivmod)
e:/gcc-arm-none-eabi-10-2020-q4-major/bin/../lib/gcc/arm-none-eabi/10.2.1/thumb/v7e-m+fp/hard\libgcc.a(_udivmoddi4.o)
                              e:/gcc-arm-none-eabi-10-2020-q4-major/bin/../lib/gcc/arm-none-eabi/10.2.1/thumb/v7e-m+fp/hard\libgcc.a(_aeabi_uldivmod.o) (__udivmoddi4)
e:/gcc-arm-none-eabi-10-2020-q4-major/bin/../lib/gcc/arm-none-eabi/10.2.1/thumb/v7e-m+fp/hard\libgcc.a(_dvmd_tls.o)
                              e:/gcc-arm-none-eabi-10-2020-q4-major/bin/../lib/gcc/arm-none-eabi/10.2.1/thumb/v7e-m+fp/hard\libgcc.a(_aeabi_uldivmod.o) (__aeabi_ldiv0)
e:/gcc-arm-none-eabi-10-2020-q4-major/bin/../lib/gcc/arm-none-eabi/10.2.1/../../../../arm-none-eabi/lib/thumb/v7e-m+fp/hard\libg.a(lib_a-errno.o)
                              CMakeFiles/STM32_Mass.elf.dir/Core/Src/syscalls.c.obj (__errno)
e:/gcc-arm-none-eabi-10-2020-q4-major/bin/../lib/gcc/arm-none-eabi/10.2.1/../../../../arm-none-eabi/lib/thumb/v7e-m+fp/hard\libg.a(lib_a-exit.o)
                              e:/gcc-arm-none-eabi-10-2020-q4-major/bin/../lib/gcc/arm-none-eabi/10.2.1/../../../../arm-none-eabi/lib/thumb/v7e-m+fp/hard/crt0.o (exit)
e:/gcc-arm-none-eabi-10-2020-q4-major/bin/../lib/gcc/arm-none-eabi/10.2.1/../../../../arm-none-eabi/lib/thumb/v7e-m+fp/hard\libg.a(lib_a-impure.o)
                              e:/gcc-arm-none-eabi-10-2020-q4-major/bin/../lib/gcc/arm-none-eabi/10.2.1/../../../../arm-none-eabi/lib/thumb/v7e-m+fp/hard\libg.a(lib_a-exit.o) (_global_impure_ptr)
e:/gcc-arm-none-eabi-10-2020-q4-major/bin/../lib/gcc/arm-none-eabi/10.2.1/../../../../arm-none-eabi/lib/thumb/v7e-m+fp/hard\libg.a(lib_a-init.o)
                              e:/gcc-arm-none-eabi-10-2020-q4-major/bin/../lib/gcc/arm-none-eabi/10.2.1/../../../../arm-none-eabi/lib/thumb/v7e-m+fp/hard/crt0.o (__libc_init_array)
e:/gcc-arm-none-eabi-10-2020-q4-major/bin/../lib/gcc/arm-none-eabi/10.2.1/../../../../arm-none-eabi/lib/thumb/v7e-m+fp/hard\libg.a(lib_a-malloc.o)
                              CMakeFiles/STM32_Mass.elf.dir/Middlewares/Third_Party/FatFs/src/option/syscall.c.obj (malloc)
e:/gcc-arm-none-eabi-10-2020-q4-major/bin/../lib/gcc/arm-none-eabi/10.2.1/../../../../arm-none-eabi/lib/thumb/v7e-m+fp/hard\libg.a(lib_a-mallocr.o)
                              e:/gcc-arm-none-eabi-10-2020-q4-major/bin/../lib/gcc/arm-none-eabi/10.2.1/../../../../arm-none-eabi/lib/thumb/v7e-m+fp/hard\libg.a(lib_a-malloc.o) (_malloc_r)
e:/gcc-arm-none-eabi-10-2020-q4-major/bin/../lib/gcc/arm-none-eabi/10.2.1/../../../../arm-none-eabi/lib/thumb/v7e-m+fp/hard\libg.a(lib_a-memset.o)
                              e:/gcc-arm-none-eabi-10-2020-q4-major/bin/../lib/gcc/arm-none-eabi/10.2.1/../../../../arm-none-eabi/lib/thumb/v7e-m+fp/hard/crt0.o (memset)
e:/gcc-arm-none-eabi-10-2020-q4-major/bin/../lib/gcc/arm-none-eabi/10.2.1/../../../../arm-none-eabi/lib/thumb/v7e-m+fp/hard\libg.a(lib_a-mlock.o)
                              e:/gcc-arm-none-eabi-10-2020-q4-major/bin/../lib/gcc/arm-none-eabi/10.2.1/../../../../arm-none-eabi/lib/thumb/v7e-m+fp/hard\libg.a(lib_a-mallocr.o) (__malloc_lock)
e:/gcc-arm-none-eabi-10-2020-q4-major/bin/../lib/gcc/arm-none-eabi/10.2.1/../../../../arm-none-eabi/lib/thumb/v7e-m+fp/hard\libg.a(lib_a-sbrkr.o)
                              e:/gcc-arm-none-eabi-10-2020-q4-major/bin/../lib/gcc/arm-none-eabi/10.2.1/../../../../arm-none-eabi/lib/thumb/v7e-m+fp/hard\libg.a(lib_a-mallocr.o) (_sbrk_r)
e:/gcc-arm-none-eabi-10-2020-q4-major/bin/../lib/gcc/arm-none-eabi/10.2.1/../../../../arm-none-eabi/lib/thumb/v7e-m+fp/hard\libg.a(lib_a-sprintf.o)
                              CMakeFiles/STM32_Mass.elf.dir/FATFS/App/fatfs.c.obj (sprintf)
e:/gcc-arm-none-eabi-10-2020-q4-major/bin/../lib/gcc/arm-none-eabi/10.2.1/../../../../arm-none-eabi/lib/thumb/v7e-m+fp/hard\libg.a(lib_a-strlen.o)
                              CMakeFiles/STM32_Mass.elf.dir/FATFS/App/fatfs.c.obj (strlen)
e:/gcc-arm-none-eabi-10-2020-q4-major/bin/../lib/gcc/arm-none-eabi/10.2.1/../../../../arm-none-eabi/lib/thumb/v7e-m+fp/hard\libg.a(lib_a-svfprintf.o)
                              e:/gcc-arm-none-eabi-10-2020-q4-major/bin/../lib/gcc/arm-none-eabi/10.2.1/../../../../arm-none-eabi/lib/thumb/v7e-m+fp/hard\libg.a(lib_a-sprintf.o) (_svfprintf_r)
e:/gcc-arm-none-eabi-10-2020-q4-major/bin/../lib/gcc/arm-none-eabi/10.2.1/../../../../arm-none-eabi/lib/thumb/v7e-m+fp/hard\libg.a(lib_a-vsnprintf.o)
                              CMakeFiles/STM32_Mass.elf.dir/UserApp/retarget.c.obj (vsnprintf)
e:/gcc-arm-none-eabi-10-2020-q4-major/bin/../lib/gcc/arm-none-eabi/10.2.1/../../../../arm-none-eabi/lib/thumb/v7e-m+fp/hard\libg.a(lib_a-__call_atexit.o)
[...]
Memory Configuration

Name             Origin             Length             Attributes
FLASH            0x08000000         0x00020000         xr
DTCMRAM          0x20000000         0x00020000         xrw
RAM_D1           0x24000000         0x00080000         xrw
RAM_D2           0x30000000         0x00048000         xrw
RAM_D3           0x38000000         0x00010000         xrw
ITCMRAM          0x00000000         0x00010000         xrw
*default*        0x00000000         0xffffffff

Linker script and memory map

LOAD e:/gcc-arm-none-eabi-10-2020-q4-major/bin/../lib/gcc/arm-none-eabi/10.2.1/thumb/v7e-m+fp/hard/crti.o
LOAD e:/gcc-arm-none-eabi-10-2020-q4-major/bin/../lib/gcc/arm-none-eabi/10.2.1/thumb/v7e-m+fp/hard/crtbegin.o
LOAD e:/gcc-arm-none-eabi-10-2020-q4-major/bin/../lib/gcc/arm-none-eabi/10.2.1/../../../../arm-none-eabi/lib/thumb/v7e-m+fp/hard/crt0.o
LOAD CMakeFiles/STM32_Mass.elf.dir/Core/Src/main.c.obj
LOAD CMakeFiles/STM32_Mass.elf.dir/Core/Src/stm32h7xx_hal_msp.c.obj
LOAD CMakeFiles/STM32_Mass.elf.dir/Core/Src/stm32h7xx_hal_timebase_tim.c.obj
LOAD CMakeFiles/STM32_Mass.elf.dir/Core/Src/stm32h7xx_it.c.obj
LOAD CMakeFiles/STM32_Mass.elf.dir/Core/Src/syscalls.c.obj
LOAD CMakeFiles/STM32_Mass.elf.dir/Core/Src/sysmem.c.obj
LOAD CMakeFiles/STM32_Mass.elf.dir/Core/Src/system_stm32h7xx.c.obj
LOAD CMakeFiles/STM32_Mass.elf.dir/Core/Startup/startup_stm32h750vbtx.s.obj
LOAD CMakeFiles/STM32_Mass.elf.dir/Drivers/STM32H7xx_HAL_Driver/Src/stm32h7xx_hal.c.obj
LOAD CMakeFiles/STM32_Mass.elf.dir/Drivers/STM32H7xx_HAL_Driver/Src/stm32h7xx_hal_cortex.c.obj
LOAD CMakeFiles/STM32_Mass.elf.dir/Drivers/STM32H7xx_HAL_Driver/Src/stm32h7xx_hal_crc.c.obj
LOAD CMakeFiles/STM32_Mass.elf.dir/Drivers/STM32H7xx_HAL_Driver/Src/stm32h7xx_hal_crc_ex.c.obj
LOAD CMakeFiles/STM32_Mass.elf.dir/Drivers/STM32H7xx_HAL_Driver/Src/stm32h7xx_hal_dma.c.obj
LOAD CMakeFiles/STM32_Mass.elf.dir/Drivers/STM32H7xx_HAL_Driver/Src/stm32h7xx_hal_dma_ex.c.obj
LOAD CMakeFiles/STM32_Mass.elf.dir/Drivers/STM32H7xx_HAL_Driver/Src/stm32h7xx_hal_exti.c.obj
LOAD CMakeFiles/STM32_Mass.elf.dir/Drivers/STM32H7xx_HAL_Driver/Src/stm32h7xx_hal_flash.c.obj
LOAD CMakeFiles/STM32_Mass.elf.dir/Drivers/STM32H7xx_HAL_Driver/Src/stm32h7xx_hal_flash_ex.c.obj
LOAD CMakeFiles/STM32_Mass.elf.dir/Drivers/STM32H7xx_HAL_Driver/Src/stm32h7xx_hal_gpio.c.obj
LOAD CMakeFiles/STM32_Mass.elf.dir/Drivers/STM32H7xx_HAL_Driver/Src/stm32h7xx_hal_hsem.c.obj
LOAD CMakeFiles/STM32_Mass.elf.dir/Drivers/STM32H7xx_HAL_Driver/Src/stm32h7xx_hal_i2c.c.obj
LOAD CMakeFiles/STM32_Mass.elf.dir/Drivers/STM32H7xx_HAL_Driver/Src/stm32h7xx_hal_i2c_ex.c.obj
LOAD CMakeFiles/STM32_Mass.elf.dir/Drivers/STM32H7xx_HAL_Driver/Src/stm32h7xx_hal_mdma.c.obj
LOAD CMakeFiles/STM32_Mass.elf.dir/Drivers/STM32H7xx_HAL_Driver/Src/stm32h7xx_hal_pcd.c.obj
LOAD CMakeFiles/STM32_Mass.elf.dir/Drivers/STM32H7xx_HAL_Driver/Src/stm32h7xx_hal_pcd_ex.c.obj
LOAD CMakeFiles/STM32_Mass.elf.dir/Drivers/STM32H7xx_HAL_Driver/Src/stm32h7xx_hal_pwr.c.obj
LOAD CMakeFiles/STM32_Mass.elf.dir/Drivers/STM32H7xx_HAL_Driver/Src/stm32h7xx_hal_pwr_ex.c.obj
LOAD CMakeFiles/STM32_Mass.elf.dir/Drivers/STM32H7xx_HAL_Driver/Src/stm32h7xx_hal_qspi.c.obj
LOAD CMakeFiles/STM32_Mass.elf.dir/Drivers/STM32H7xx_HAL_Driver/Src/stm32h7xx_hal_rcc.c.obj
LOAD CMakeFiles/STM32_Mass.elf.dir/Drivers/STM32H7xx_HAL_Driver/Src/stm32h7xx_hal_rcc_ex.c.obj
LOAD CMakeFiles/STM32_Mass.elf.dir/Drivers/STM32H7xx_HAL_Driver/Src/stm32h7xx_hal_sd.c.obj
LOAD CMakeFiles/STM32_Mass.elf.dir/Drivers/STM32H7xx_HAL_Driver/Src/stm32h7xx_hal_sd_ex.c.obj
LOAD CMakeFiles/STM32_Mass.elf.dir/Drivers/STM32H7xx_HAL_Driver/Src/stm32h7xx_hal_tim.c.obj
LOAD CMakeFiles/STM32_Mass.elf.dir/Drivers/STM32H7xx_HAL_Driver/Src/stm32h7xx_hal_tim_ex.c.obj
LOAD CMakeFiles/STM32_Mass.elf.dir/Drivers/STM32H7xx_HAL_Driver/Src/stm32h7xx_hal_uart.c.obj
LOAD CMakeFiles/STM32_Mass.elf.dir/Drivers/STM32H7xx_HAL_Driver/Src/stm32h7xx_hal_uart_ex.c.obj
LOAD CMakeFiles/STM32_Mass.elf.dir/Drivers/STM32H7xx_HAL_Driver/Src/stm32h7xx_ll_delayblock.c.obj
LOAD CMakeFiles/STM32_Mass.elf.dir/Drivers/STM32H7xx_HAL_Driver/Src/stm32h7xx_ll_sdmmc.c.obj
LOAD CMakeFiles/STM32_Mass.elf.dir/Drivers/STM32H7xx_HAL_Driver/Src/stm32h7xx_ll_usb.c.obj
LOAD CMakeFiles/STM32_Mass.elf.dir/FATFS/App/fatfs.c.obj
LOAD CMakeFiles/STM32_Mass.elf.dir/FATFS/Target/bsp_driver_sd.c.obj
LOAD CMakeFiles/STM32_Mass.elf.dir/FATFS/Target/fatfs_platform.c.obj
LOAD CMakeFiles/STM32_Mass.elf.dir/FATFS/Target/sd_diskio.c.obj
LOAD CMakeFiles/STM32_Mass.elf.dir/Middlewares/ST/STM32_USB_Device_Library/Class/MSC/Src/usbd_msc.c.obj
LOAD CMakeFiles/STM32_Mass.elf.dir/Middlewares/ST/STM32_USB_Device_Library/Class/MSC/Src/usbd_msc_bot.c.obj
LOAD CMakeFiles/STM32_Mass.elf.dir/Middlewares/ST/STM32_USB_Device_Library/Class/MSC/Src/usbd_msc_data.c.obj
LOAD CMakeFiles/STM32_Mass.elf.dir/Middlewares/ST/STM32_USB_Device_Library/Class/MSC/Src/usbd_msc_scsi.c.obj
LOAD CMakeFiles/STM32_Mass.elf.dir/Middlewares/ST/STM32_USB_Device_Library/Core/Src/usbd_core.c.obj
LOAD CMakeFiles/STM32_Mass.elf.dir/Middlewares/ST/STM32_USB_Device_Library/Core/Src/usbd_ctlreq.c.obj
LOAD CMakeFiles/STM32_Mass.elf.dir/Middlewares/ST/STM32_USB_Device_Library/Core/Src/usbd_ioreq.c.obj
LOAD CMakeFiles/STM32_Mass.elf.dir/Middlewares/Third_Party/FatFs/src/diskio.c.obj
LOAD CMakeFiles/STM32_Mass.elf.dir/Middlewares/Third_Party/FatFs/src/ff.c.obj
LOAD CMakeFiles/STM32_Mass.elf.dir/Middlewares/Third_Party/FatFs/src/ff_gen_drv.c.obj
LOAD CMakeFiles/STM32_Mass.elf.dir/Middlewares/Third_Party/FatFs/src/option/ccsbcs.c.obj
LOAD CMakeFiles/STM32_Mass.elf.dir/Middlewares/Third_Party/FatFs/src/option/syscall.c.obj
LOAD CMakeFiles/STM32_Mass.elf.dir/USB_DEVICE/App/usb_device.c.obj
LOAD CMakeFiles/STM32_Mass.elf.dir/USB_DEVICE/App/usbd_desc.c.obj
LOAD CMakeFiles/STM32_Mass.elf.dir/USB_DEVICE/App/usbd_storage_if.c.obj
LOAD CMakeFiles/STM32_Mass.elf.dir/USB_DEVICE/Target/usbd_conf.c.obj
LOAD CMakeFiles/STM32_Mass.elf.dir/UserApp/retarget.c.obj
START GROUP
LOAD e:/gcc-arm-none-eabi-10-2020-q4-major/bin/../lib/gcc/arm-none-eabi/10.2.1/thumb/v7e-m+fp/hard\libgcc.a
LOAD e:/gcc-arm-none-eabi-10-2020-q4-major/bin/../lib/gcc/arm-none-eabi/10.2.1/../../../../arm-none-eabi/lib/thumb/v7e-m+fp/hard\libg.a
LOAD e:/gcc-arm-none-eabi-10-2020-q4-major/bin/../lib/gcc/arm-none-eabi/10.2.1/../../../../arm-none-eabi/lib/thumb/v7e-m+fp/hard\libc.a
END GROUP
LOAD e:/gcc-arm-none-eabi-10-2020-q4-major/bin/../lib/gcc/arm-none-eabi/10.2.1/thumb/v7e-m+fp/hard/crtend.o
LOAD e:/gcc-arm-none-eabi-10-2020-q4-major/bin/../lib/gcc/arm-none-eabi/10.2.1/thumb/v7e-m+fp/hard/crtn.o
                0x24080000                _estack = (ORIGIN (RAM_D1) + LENGTH (RAM_D1))
                0x00002000                _Min_Heap_Size = 0x2000
                0x00002000                _Min_Stack_Size = 0x2000

.isr_vector     0x08000000      0x298
                0x08000000                . = ALIGN (0x4)
 *(.isr_vector)
 .isr_vector    0x08000000      0x298 CMakeFiles/STM32_Mass.elf.dir/Core/Startup/startup_stm32h750vbtx.s.obj
                0x08000000                g_pfnVectors
                0x08000298                . = ALIGN (0x4)

.text           0x080002c0    0x140a0
                0x080002c0                . = ALIGN (0x4)
 *(.text)
 .text          0x080002c0       0x40 e:/gcc-arm-none-eabi-10-2020-q4-major/bin/../lib/gcc/arm-none-eabi/10.2.1/thumb/v7e-m+fp/hard/crtbegin.o
 .text          0x08000300       0x30 e:/gcc-arm-none-eabi-10-2020-q4-major/bin/../lib/gcc/arm-none-eabi/10.2.1/thumb/v7e-m+fp/hard\libgcc.a(_aeabi_uldivmod.o)
                0x08000300                __aeabi_uldivmod
 .text          0x08000330      0x2d0 e:/gcc-arm-none-eabi-10-2020-q4-major/bin/../lib/gcc/arm-none-eabi/10.2.1/thumb/v7e-m+fp/hard\libgcc.a(_udivmoddi4.o)
                0x08000330                __udivmoddi4
 .text          0x08000600        0x4 e:/gcc-arm-none-eabi-10-2020-q4-major/bin/../lib/gcc/arm-none-eabi/10.2.1/thumb/v7e-m+fp/hard\libgcc.a(_dvmd_tls.o)
                0x08000600                __aeabi_idiv0
                0x08000600                __aeabi_ldiv0
 *fill*         0x08000604       0x3c 
 .text          0x08000640       0xdc e:/gcc-arm-none-eabi-10-2020-q4-major/bin/../lib/gcc/arm-none-eabi/10.2.1/../../../../arm-none-eabi/lib/thumb/v7e-m+fp/hard\libg.a(lib_a-strlen.o)
                0x08000640                strlen
 *fill*         0x0800071c        0x4 
 .text          0x08000720       0xa0 e:/gcc-arm-none-eabi-10-2020-q4-major/bin/../lib/gcc/arm-none-eabi/10.2.1/../../../../arm-none-eabi/lib/thumb/v7e-m+fp/hard\libg.a(lib_a-memchr.o)
                0x08000720                memchr
 .text          0x080007c0      0x134 e:/gcc-arm-none-eabi-10-2020-q4-major/bin/../lib/gcc/arm-none-eabi/10.2.1/../../../../arm-none-eabi/lib/thumb/v7e-m+fp/hard\libg.a(lib_a-memcpy.o)
                0x080007c0                memcpy
 .text          0x080008f4      0x378 e:/gcc-arm-none-eabi-10-2020-q4-major/bin/../lib/gcc/arm-none-eabi/10.2.1/thumb/v7e-m+fp/hard\libgcc.a(_arm_addsubdf3.o)
                0x080008f4                __aeabi_drsub
                0x080008fc                __aeabi_dsub
                0x080008fc                __subdf3
                0x08000900                __aeabi_dadd
                0x08000900                __adddf3
                0x08000b78                __floatunsidf
                0x08000b78                __aeabi_ui2d
                0x08000b98                __floatsidf
                0x08000b98                __aeabi_i2d
                0x08000bbc                __aeabi_f2d
                0x08000bbc                __extendsfdf2
                0x08000c00                __floatundidf
                0x08000c00                __aeabi_ul2d
                0x08000c10                __floatdidf
                0x08000c10                __aeabi_l2d
 .text          0x08000c6c      0x424 e:/gcc-arm-none-eabi-10-2020-q4-major/bin/../lib/gcc/arm-none-eabi/10.2.1/thumb/v7e-m+fp/hard\libgcc.a(_arm_muldivdf3.o)
                0x08000c6c                __aeabi_dmul
                0x08000c6c                __muldf3
                0x08000ec0                __divdf3
                0x08000ec0                __aeabi_ddiv
 .text          0x08001090      0x110 e:/gcc-arm-none-eabi-10-2020-q4-major/bin/../lib/gcc/arm-none-eabi/10.2.1/thumb/v7e-m+fp/hard\libgcc.a(_arm_cmpdf2.o)
                0x08001090                __gtdf2
                0x08001090                __gedf2
                0x08001098                __ltdf2
                0x08001098                __ledf2
                0x080010a0                __nedf2
                0x080010a0                __eqdf2
                0x080010a0                __cmpdf2
                0x0800111c                __aeabi_cdrcmple
                0x0800112c                __aeabi_cdcmpeq
                0x0800112c                __aeabi_cdcmple
                0x0800113c                __aeabi_dcmpeq
                0x08001150                __aeabi_dcmplt
                0x08001164                __aeabi_dcmple
                0x08001178                __aeabi_dcmpge
                0x0800118c                __aeabi_dcmpgt
 .text          0x080011a0       0x2c e:/gcc-arm-none-eabi-10-2020-q4-major/bin/../lib/gcc/arm-none-eabi/10.2.1/thumb/v7e-m+fp/hard\libgcc.a(_arm_unorddf2.o)
                0x080011a0                __unorddf2
                0x080011a0                __aeabi_dcmpun
 .text          0x080011cc       0x50 e:/gcc-arm-none-eabi-10-2020-q4-major/bin/../lib/gcc/arm-none-eabi/10.2.1/thumb/v7e-m+fp/hard\libgcc.a(_arm_fixdfsi.o)
                0x080011cc                __aeabi_d2iz
                0x080011cc                __fixdfsi
 *(.text*)
 .text.MX_SDMMC1_SD_Init
                0x0800121c       0x20 CMakeFiles/STM32_Mass.elf.dir/Core/Src/main.c.obj
 .text.MX_GPIO_Init
                0x0800123c      0x104 CMakeFiles/STM32_Mass.elf.dir/Core/Src/main.c.obj
 .text.HAL_TIM_PeriodElapsedCallback
                0x08001340       0x18 CMakeFiles/STM32_Mass.elf.dir/Core/Src/main.c.obj
                0x08001340                HAL_TIM_PeriodElapsedCallback
 .text.Error_Handler
                0x08001358        0x4 CMakeFiles/STM32_Mass.elf.dir/Core/Src/main.c.obj
                0x08001358                Error_Handler
 .text.MX_MDMA_Init
                0x0800135c       0x8c CMakeFiles/STM32_Mass.elf.dir/Core/Src/main.c.obj
 .text.MX_QUADSPI_Init
                0x080013e8       0x34 CMakeFiles/STM32_Mass.elf.dir/Core/Src/main.c.obj
 .text.MX_USART1_UART_Init
                0x0800141c       0x60 CMakeFiles/STM32_Mass.elf.dir/Core/Src/main.c.obj
 .text.MX_CRC_Init
                0x0800147c       0x2c CMakeFiles/STM32_Mass.elf.dir/Core/Src/main.c.obj
 .text.SystemClock_Config
                0x080014a8      0x120 CMakeFiles/STM32_Mass.elf.dir/Core/Src/main.c.obj
                0x080014a8                SystemClock_Config
 .text.main     0x080015c8      0x14c CMakeFiles/STM32_Mass.elf.dir/Core/Src/main.c.obj
                0x080015c8                main
 .text.HAL_MspInit
                0x08001714       0x24 CMakeFiles/STM32_Mass.elf.dir/Core/Src/stm32h7xx_hal_msp.c.obj
                0x08001714                HAL_MspInit
 .text.HAL_CRC_MspInit
                0x08001738       0x30 CMakeFiles/STM32_Mass.elf.dir/Core/Src/stm32h7xx_hal_msp.c.obj
                0x08001738                HAL_CRC_MspInit
 .text.HAL_QSPI_MspInit
                0x08001768      0x114 CMakeFiles/STM32_Mass.elf.dir/Core/Src/stm32h7xx_hal_msp.c.obj
                0x08001768                HAL_QSPI_MspInit
 .text.HAL_SD_MspInit
                0x0800187c      0x11c CMakeFiles/STM32_Mass.elf.dir/Core/Src/stm32h7xx_hal_msp.c.obj
                0x0800187c                HAL_SD_MspInit
 .text.HAL_UART_MspInit
                0x08001998       0x9c CMakeFiles/STM32_Mass.elf.dir/Core/Src/stm32h7xx_hal_msp.c.obj
                0x08001998                HAL_UART_MspInit
 .text.HAL_InitTick
                0x08001a34       0x90 CMakeFiles/STM32_Mass.elf.dir/Core/Src/stm32h7xx_hal_timebase_tim.c.obj
                0x08001a34                HAL_InitTick
 .text.NMI_Handler
                0x08001ac4        0x2 CMakeFiles/STM32_Mass.elf.dir/Core/Src/stm32h7xx_it.c.obj
                0x08001ac4                NMI_Handler
 .text.HardFault_Handler
                0x08001ac6        0x2 CMakeFiles/STM32_Mass.elf.dir/Core/Src/stm32h7xx_it.c.obj
                0x08001ac6                HardFault_Handler
 .text.MemManage_Handler
                0x08001ac8        0x2 CMakeFiles/STM32_Mass.elf.dir/Core/Src/stm32h7xx_it.c.obj
                0x08001ac8                MemManage_Handler
 .text.BusFault_Handler
                0x08001aca        0x2 CMakeFiles/STM32_Mass.elf.dir/Core/Src/stm32h7xx_it.c.obj
                0x08001aca                BusFault_Handler
 .text.UsageFault_Handler
                0x08001acc        0x2 CMakeFiles/STM32_Mass.elf.dir/Core/Src/stm32h7xx_it.c.obj
                0x08001acc                UsageFault_Handler
 .text.SVC_Handler
                0x08001ace        0x2 CMakeFiles/STM32_Mass.elf.dir/Core/Src/stm32h7xx_it.c.obj
                0x08001ace                SVC_Handler
 .text.DebugMon_Handler
                0x08001ad0        0x2 CMakeFiles/STM32_Mass.elf.dir/Core/Src/stm32h7xx_it.c.obj
                0x08001ad0                DebugMon_Handler
 .text.PendSV_Handler
                0x08001ad2        0x2 CMakeFiles/STM32_Mass.elf.dir/Core/Src/stm32h7xx_it.c.obj
                0x08001ad2                PendSV_Handler
 .text.SysTick_Handler
                0x08001ad4        0x2 CMakeFiles/STM32_Mass.elf.dir/Core/Src/stm32h7xx_it.c.obj
                0x08001ad4                SysTick_Handler
 *fill*         0x08001ad6        0x2 
 .text.TIM1_UP_IRQHandler
                0x08001ad8       0x10 CMakeFiles/STM32_Mass.elf.dir/Core/Src/stm32h7xx_it.c.obj
                0x08001ad8                TIM1_UP_IRQHandler
 .text.SDMMC1_IRQHandler
                0x08001ae8       0x10 CMakeFiles/STM32_Mass.elf.dir/Core/Src/stm32h7xx_it.c.obj
                0x08001ae8                SDMMC1_IRQHandler
 .text.OTG_FS_IRQHandler
                0x08001af8       0x10 CMakeFiles/STM32_Mass.elf.dir/Core/Src/stm32h7xx_it.c.obj
                0x08001af8                OTG_FS_IRQHandler
 .text.MDMA_IRQHandler
                0x08001b08       0x10 CMakeFiles/STM32_Mass.elf.dir/Core/Src/stm32h7xx_it.c.obj
                0x08001b08                MDMA_IRQHandler
 .text._getpid  0x08001b18        0x4 CMakeFiles/STM32_Mass.elf.dir/Core/Src/syscalls.c.obj
                0x08001b18                _getpid
 .text._kill    0x08001b1c       0x10 CMakeFiles/STM32_Mass.elf.dir/Core/Src/syscalls.c.obj
                0x08001b1c                _kill
 .text._exit    0x08001b2c        0xc CMakeFiles/STM32_Mass.elf.dir/Core/Src/syscalls.c.obj
                0x08001b2c                _exit
 .text._read    0x08001b38       0x20 CMakeFiles/STM32_Mass.elf.dir/Core/Src/syscalls.c.obj
                0x08001b38                _read
 .text._write   0x08001b58       0x1c CMakeFiles/STM32_Mass.elf.dir/Core/Src/syscalls.c.obj
                0x08001b58                _write
 .text._close   0x08001b74        0x6 CMakeFiles/STM32_Mass.elf.dir/Core/Src/syscalls.c.obj
                0x08001b74                _close
 .text._fstat   0x08001b7a        0xa CMakeFiles/STM32_Mass.elf.dir/Core/Src/syscalls.c.obj
                0x08001b7a                _fstat
 .text._isatty  0x08001b84        0x4 CMakeFiles/STM32_Mass.elf.dir/Core/Src/syscalls.c.obj
                0x08001b84                _isatty
 .text._lseek   0x08001b88        0x4 CMakeFiles/STM32_Mass.elf.dir/Core/Src/syscalls.c.obj
                0x08001b88                _lseek
 .text._sbrk    0x08001b8c       0x48 CMakeFiles/STM32_Mass.elf.dir/Core/Src/sysmem.c.obj
                0x08001b8c                _sbrk
 .text.SystemInit
                0x08001bd4       0xcc CMakeFiles/STM32_Mass.elf.dir/Core/Src/system_stm32h7xx.c.obj
                0x08001bd4                SystemInit
 .text.Reset_Handler
                0x08001ca0       0x50 CMakeFiles/STM32_Mass.elf.dir/Core/Startup/startup_stm32h750vbtx.s.obj
                0x08001ca0                Reset_Handler
 .text.Default_Handler
                0x08001cf0        0x2 CMakeFiles/STM32_Mass.elf.dir/Core/Startup/startup_stm32h750vbtx.s.obj
                0x08001cf0                RTC_Alarm_IRQHandler
                0x08001cf0                HASH_RNG_IRQHandler
                0x08001cf0                EXTI2_IRQHandler
                0x08001cf0                TIM8_CC_IRQHandler
                0x08001cf0                HRTIM1_Master_IRQHandler
                0x08001cf0                UART8_IRQHandler
                0x08001cf0                SPI4_IRQHandler
                0x08001cf0                TIM1_CC_IRQHandler
                0x08001cf0                BDMA_Channel6_IRQHandler
                0x08001cf0                DMA2_Stream5_IRQHandler
                0x08001cf0                HRTIM1_FLT_IRQHandler
                0x08001cf0                JPEG_IRQHandler
                0x08001cf0                DMA1_Stream5_IRQHandler
                0x08001cf0                BDMA_Channel1_IRQHandler
                0x08001cf0                HRTIM1_TIMD_IRQHandler
                0x08001cf0                TAMP_STAMP_IRQHandler
                0x08001cf0                EXTI3_IRQHandler
                0x08001cf0                LPTIM4_IRQHandler
                0x08001cf0                TIM8_TRG_COM_TIM14_IRQHandler
                0x08001cf0                LPTIM2_IRQHandler
                0x08001cf0                DFSDM1_FLT1_IRQHandler
                0x08001cf0                DMAMUX2_OVR_IRQHandler
                0x08001cf0                TIM8_UP_TIM13_IRQHandler
                0x08001cf0                I2C3_ER_IRQHandler
                0x08001cf0                DFSDM1_FLT2_IRQHandler
                0x08001cf0                LPTIM3_IRQHandler
                0x08001cf0                HSEM1_IRQHandler
                0x08001cf0                EXTI0_IRQHandler
                0x08001cf0                I2C2_EV_IRQHandler
                0x08001cf0                DMA1_Stream2_IRQHandler
                0x08001cf0                FPU_IRQHandler
                0x08001cf0                OTG_HS_WKUP_IRQHandler
                0x08001cf0                FDCAN1_IT1_IRQHandler
                0x08001cf0                LTDC_ER_IRQHandler
                0x08001cf0                DMA2_Stream2_IRQHandler
                0x08001cf0                HRTIM1_TIME_IRQHandler
                0x08001cf0                SPI1_IRQHandler
                0x08001cf0                TIM6_DAC_IRQHandler
                0x08001cf0                DCMI_IRQHandler
                0x08001cf0                HRTIM1_TIMC_IRQHandler
                0x08001cf0                DMA2_Stream3_IRQHandler
                0x08001cf0                SAI2_IRQHandler
                0x08001cf0                DFSDM1_FLT3_IRQHandler
                0x08001cf0                USART6_IRQHandler
                0x08001cf0                TIM17_IRQHandler
                0x08001cf0                USART3_IRQHandler
                0x08001cf0                BDMA_Channel7_IRQHandler
                0x08001cf0                CRYP_IRQHandler
                0x08001cf0                LPTIM5_IRQHandler
                0x08001cf0                UART5_IRQHandler
                0x08001cf0                ADC3_IRQHandler
                0x08001cf0                DMA2_Stream0_IRQHandler
                0x08001cf0                TIM4_IRQHandler
                0x08001cf0                BDMA_Channel2_IRQHandler
                0x08001cf0                QUADSPI_IRQHandler
                0x08001cf0                I2C1_EV_IRQHandler
                0x08001cf0                DMA1_Stream6_IRQHandler
                0x08001cf0                DMAMUX1_OVR_IRQHandler
                0x08001cf0                DMA1_Stream1_IRQHandler
                0x08001cf0                TIM16_IRQHandler
                0x08001cf0                UART4_IRQHandler
                0x08001cf0                BDMA_Channel5_IRQHandler
                0x08001cf0                TIM3_IRQHandler
                0x08001cf0                RCC_IRQHandler
                0x08001cf0                TIM8_BRK_TIM12_IRQHandler
                0x08001cf0                TIM1_TRG_COM_IRQHandler
                0x08001cf0                Default_Handler
                0x08001cf0                ECC_IRQHandler
                0x08001cf0                CEC_IRQHandler
                0x08001cf0                EXTI15_10_IRQHandler
                0x08001cf0                BDMA_Channel0_IRQHandler
                0x08001cf0                ADC_IRQHandler
                0x08001cf0                DMA1_Stream7_IRQHandler
                0x08001cf0                HRTIM1_TIMA_IRQHandler
                0x08001cf0                SPI5_IRQHandler
                0x08001cf0                TIM7_IRQHandler
                0x08001cf0                TIM5_IRQHandler
                0x08001cf0                DMA2_Stream7_IRQHandler
                0x08001cf0                TIM15_IRQHandler
                0x08001cf0                PVD_AVD_IRQHandler
                0x08001cf0                I2C3_EV_IRQHandler
                0x08001cf0                EXTI9_5_IRQHandler
                0x08001cf0                RTC_WKUP_IRQHandler
                0x08001cf0                LTDC_IRQHandler
                0x08001cf0                SAI3_IRQHandler
                0x08001cf0                ETH_WKUP_IRQHandler
                0x08001cf0                SPDIF_RX_IRQHandler
                0x08001cf0                SPI2_IRQHandler
                0x08001cf0                OTG_HS_EP1_IN_IRQHandler
                0x08001cf0                DMA1_Stream0_IRQHandler
                0x08001cf0                CRS_IRQHandler
                0x08001cf0                EXTI4_IRQHandler
                0x08001cf0                HRTIM1_TIMB_IRQHandler
                0x08001cf0                FDCAN2_IT1_IRQHandler
                0x08001cf0                ETH_IRQHandler
                0x08001cf0                BDMA_Channel4_IRQHandler
                0x08001cf0                OTG_HS_EP1_OUT_IRQHandler
                0x08001cf0                WWDG_IRQHandler
                0x08001cf0                SPI6_IRQHandler
                0x08001cf0                MDIOS_IRQHandler
                0x08001cf0                I2C4_EV_IRQHandler
                0x08001cf0                FDCAN2_IT0_IRQHandler
                0x08001cf0                LPUART1_IRQHandler
                0x08001cf0                FDCAN1_IT0_IRQHandler
                0x08001cf0                TIM2_IRQHandler
                0x08001cf0                OTG_FS_WKUP_IRQHandler
                0x08001cf0                OTG_HS_IRQHandler
                0x08001cf0                DMA2D_IRQHandler
                0x08001cf0                TIM1_BRK_IRQHandler
                0x08001cf0                EXTI1_IRQHandler
                0x08001cf0                SDMMC2_IRQHandler
                0x08001cf0                OTG_FS_EP1_OUT_IRQHandler
                0x08001cf0                BDMA_Channel3_IRQHandler
                0x08001cf0                UART7_IRQHandler
                0x08001cf0                MDIOS_WKUP_IRQHandler
                0x08001cf0                USART2_IRQHandler
                0x08001cf0                DFSDM1_FLT0_IRQHandler
                0x08001cf0                SAI4_IRQHandler
                0x08001cf0                I2C2_ER_IRQHandler
                0x08001cf0                DMA2_Stream1_IRQHandler
                0x08001cf0                FLASH_IRQHandler
                0x08001cf0                DMA2_Stream4_IRQHandler
                0x08001cf0                USART1_IRQHandler
                0x08001cf0                SPI3_IRQHandler
                0x08001cf0                WAKEUP_PIN_IRQHandler
                0x08001cf0                DMA1_Stream4_IRQHandler
                0x08001cf0                OTG_FS_EP1_IN_IRQHandler
                0x08001cf0                I2C1_ER_IRQHandler
                0x08001cf0                FMC_IRQHandler
                0x08001cf0                FDCAN_CAL_IRQHandler
                0x08001cf0                SWPMI1_IRQHandler
                0x08001cf0                COMP1_IRQHandler
                0x08001cf0                LPTIM1_IRQHandler
                0x08001cf0                I2C4_ER_IRQHandler
                0x08001cf0                DMA2_Stream6_IRQHandler
                0x08001cf0                SAI1_IRQHandler
                0x08001cf0                DMA1_Stream3_IRQHandler
 *fill*         0x08001cf2        0x2 
 .text.HAL_Init
                0x08001cf4       0x5c CMakeFiles/STM32_Mass.elf.dir/Drivers/STM32H7xx_HAL_Driver/Src/stm32h7xx_hal.c.obj
                0x08001cf4                HAL_Init
 .text.HAL_IncTick
                0x08001d50       0x18 CMakeFiles/STM32_Mass.elf.dir/Drivers/STM32H7xx_HAL_Driver/Src/stm32h7xx_hal.c.obj
                0x08001d50                HAL_IncTick
 .text.HAL_GetTick
                0x08001d68        0xc CMakeFiles/STM32_Mass.elf.dir/Drivers/STM32H7xx_HAL_Driver/Src/stm32h7xx_hal.c.obj
                0x08001d68                HAL_GetTick
 .text.HAL_Delay
                0x08001d74       0x28 CMakeFiles/STM32_Mass.elf.dir/Drivers/STM32H7xx_HAL_Driver/Src/stm32h7xx_hal.c.obj
                0x08001d74                HAL_Delay
 .text.HAL_GetREVID
                0x08001d9c        0xc CMakeFiles/STM32_Mass.elf.dir/Drivers/STM32H7xx_HAL_Driver/Src/stm32h7xx_hal.c.obj
                0x08001d9c                HAL_GetREVID
 .text.HAL_NVIC_SetPriorityGrouping
                0x08001da8       0x24 CMakeFiles/STM32_Mass.elf.dir/Drivers/STM32H7xx_HAL_Driver/Src/stm32h7xx_hal_cortex.c.obj
                0x08001da8                HAL_NVIC_SetPriorityGrouping
 .text.HAL_NVIC_SetPriority
                0x08001dcc       0x6c CMakeFiles/STM32_Mass.elf.dir/Drivers/STM32H7xx_HAL_Driver/Src/stm32h7xx_hal_cortex.c.obj
                0x08001dcc                HAL_NVIC_SetPriority
 .text.HAL_NVIC_EnableIRQ
                0x08001e38       0x1c CMakeFiles/STM32_Mass.elf.dir/Drivers/STM32H7xx_HAL_Driver/Src/stm32h7xx_hal_cortex.c.obj
                0x08001e38                HAL_NVIC_EnableIRQ
 .text.HAL_CRC_Init
                0x08001e54       0x80 CMakeFiles/STM32_Mass.elf.dir/Drivers/STM32H7xx_HAL_Driver/Src/stm32h7xx_hal_crc.c.obj
                0x08001e54                HAL_CRC_Init
 .text.HAL_CRCEx_Polynomial_Set
                0x08001ed4       0x78 CMakeFiles/STM32_Mass.elf.dir/Drivers/STM32H7xx_HAL_Driver/Src/stm32h7xx_hal_crc_ex.c.obj
                0x08001ed4                HAL_CRCEx_Polynomial_Set
 .text.HAL_GPIO_Init
                0x08001f4c      0x220 CMakeFiles/STM32_Mass.elf.dir/Drivers/STM32H7xx_HAL_Driver/Src/stm32h7xx_hal_gpio.c.obj
                0x08001f4c                HAL_GPIO_Init
 .text.HAL_GPIO_ReadPin
                0x0800216c        0xe CMakeFiles/STM32_Mass.elf.dir/Drivers/STM32H7xx_HAL_Driver/Src/stm32h7xx_hal_gpio.c.obj
                0x0800216c                HAL_GPIO_ReadPin
 .text.HAL_GPIO_WritePin
                0x0800217a        0xc CMakeFiles/STM32_Mass.elf.dir/Drivers/STM32H7xx_HAL_Driver/Src/stm32h7xx_hal_gpio.c.obj
                0x0800217a                HAL_GPIO_WritePin
 .text.HAL_GPIO_TogglePin
                0x08002186       0x12 CMakeFiles/STM32_Mass.elf.dir/Drivers/STM32H7xx_HAL_Driver/Src/stm32h7xx_hal_gpio.c.obj
                0x08002186                HAL_GPIO_TogglePin
 .text.MDMA_Init
                0x08002198       0xb8 CMakeFiles/STM32_Mass.elf.dir/Drivers/STM32H7xx_HAL_Driver/Src/stm32h7xx_hal_mdma.c.obj
 .text.HAL_MDMA_Init
                0x08002250       0x60 CMakeFiles/STM32_Mass.elf.dir/Drivers/STM32H7xx_HAL_Driver/Src/stm32h7xx_hal_mdma.c.obj
                0x08002250                HAL_MDMA_Init
 .text.HAL_MDMA_ConfigPostRequestMask
                0x080022b0       0x66 CMakeFiles/STM32_Mass.elf.dir/Drivers/STM32H7xx_HAL_Driver/Src/stm32h7xx_hal_mdma.c.obj
                0x080022b0                HAL_MDMA_ConfigPostRequestMask
 *fill*         0x08002316        0x2 
 .text.HAL_MDMA_IRQHandler
                0x08002318      0x1b4 CMakeFiles/STM32_Mass.elf.dir/Drivers/STM32H7xx_HAL_Driver/Src/stm32h7xx_hal_mdma.c.obj
                0x08002318                HAL_MDMA_IRQHandler
 .text.PCD_WriteEmptyTxFifo
                0x080024cc       0xd0 CMakeFiles/STM32_Mass.elf.dir/Drivers/STM32H7xx_HAL_Driver/Src/stm32h7xx_hal_pcd.c.obj
 .text.HAL_PCD_Init
                0x0800259c      0x13c CMakeFiles/STM32_Mass.elf.dir/Drivers/STM32H7xx_HAL_Driver/Src/stm32h7xx_hal_pcd.c.obj
                0x0800259c                HAL_PCD_Init
 .text.HAL_PCD_Start
                0x080026d8       0x44 CMakeFiles/STM32_Mass.elf.dir/Drivers/STM32H7xx_HAL_Driver/Src/stm32h7xx_hal_pcd.c.obj
                0x080026d8                HAL_PCD_Start
 .text.PCD_EP_OutXfrComplete_int
                0x0800271c      0x104 CMakeFiles/STM32_Mass.elf.dir/Drivers/STM32H7xx_HAL_Driver/Src/stm32h7xx_hal_pcd.c.obj
 .text.PCD_EP_OutSetupPacket_int
                0x08002820       0x50 CMakeFiles/STM32_Mass.elf.dir/Drivers/STM32H7xx_HAL_Driver/Src/stm32h7xx_hal_pcd.c.obj
 .text.HAL_PCD_SetAddress
                0x08002870       0x28 CMakeFiles/STM32_Mass.elf.dir/Drivers/STM32H7xx_HAL_Driver/Src/stm32h7xx_hal_pcd.c.obj
                0x08002870                HAL_PCD_SetAddress
 .text.HAL_PCD_EP_Open
                0x08002898       0x8a CMakeFiles/STM32_Mass.elf.dir/Drivers/STM32H7xx_HAL_Driver/Src/stm32h7xx_hal_pcd.c.obj
                0x08002898                HAL_PCD_EP_Open
 .text.HAL_PCD_EP_Close
                0x08002922       0x72 CMakeFiles/STM32_Mass.elf.dir/Drivers/STM32H7xx_HAL_Driver/Src/stm32h7xx_hal_pcd.c.obj
                0x08002922                HAL_PCD_EP_Close
 .text.HAL_PCD_EP_Receive
                0x08002994       0x4a CMakeFiles/STM32_Mass.elf.dir/Drivers/STM32H7xx_HAL_Driver/Src/stm32h7xx_hal_pcd.c.obj
                0x08002994                HAL_PCD_EP_Receive
 .text.HAL_PCD_EP_GetRxCount
                0x080029de       0x12 CMakeFiles/STM32_Mass.elf.dir/Drivers/STM32H7xx_HAL_Driver/Src/stm32h7xx_hal_pcd.c.obj
                0x080029de                HAL_PCD_EP_GetRxCount
 .text.HAL_PCD_EP_Transmit
                0x080029f0       0x4a CMakeFiles/STM32_Mass.elf.dir/Drivers/STM32H7xx_HAL_Driver/Src/stm32h7xx_hal_pcd.c.obj
                0x080029f0                HAL_PCD_EP_Transmit
 .text.HAL_PCD_EP_SetStall
                0x08002a3a       0x88 CMakeFiles/STM32_Mass.elf.dir/Drivers/STM32H7xx_HAL_Driver/Src/stm32h7xx_hal_pcd.c.obj
                0x08002a3a                HAL_PCD_EP_SetStall
 .text.HAL_PCD_EP_ClrStall
                0x08002ac2       0x76 CMakeFiles/STM32_Mass.elf.dir/Drivers/STM32H7xx_HAL_Driver/Src/stm32h7xx_hal_pcd.c.obj
                0x08002ac2                HAL_PCD_EP_ClrStall
 .text.HAL_PCD_EP_Abort
                0x08002b38       0x34 CMakeFiles/STM32_Mass.elf.dir/Drivers/STM32H7xx_HAL_Driver/Src/stm32h7xx_hal_pcd.c.obj
                0x08002b38                HAL_PCD_EP_Abort
 .text.HAL_PCD_IRQHandler
                0x08002b6c      0x606 CMakeFiles/STM32_Mass.elf.dir/Drivers/STM32H7xx_HAL_Driver/Src/stm32h7xx_hal_pcd.c.obj
                0x08002b6c                HAL_PCD_IRQHandler
 .text.HAL_PCD_EP_Flush
                0x08003172       0x36 CMakeFiles/STM32_Mass.elf.dir/Drivers/STM32H7xx_HAL_Driver/Src/stm32h7xx_hal_pcd.c.obj
                0x08003172                HAL_PCD_EP_Flush
 .text.HAL_PCDEx_SetTxFiFo
                0x080031a8       0x4c CMakeFiles/STM32_Mass.elf.dir/Drivers/STM32H7xx_HAL_Driver/Src/stm32h7xx_hal_pcd_ex.c.obj
                0x080031a8                HAL_PCDEx_SetTxFiFo
 .text.HAL_PCDEx_SetRxFiFo
                0x080031f4        0x8 CMakeFiles/STM32_Mass.elf.dir/Drivers/STM32H7xx_HAL_Driver/Src/stm32h7xx_hal_pcd_ex.c.obj
                0x080031f4                HAL_PCDEx_SetRxFiFo
 .text.HAL_PCDEx_ActivateLPM
                0x080031fc       0x28 CMakeFiles/STM32_Mass.elf.dir/Drivers/STM32H7xx_HAL_Driver/Src/stm32h7xx_hal_pcd_ex.c.obj
                0x080031fc                HAL_PCDEx_ActivateLPM
 .text.HAL_PCDEx_LPM_Callback
                0x08003224        0x2 CMakeFiles/STM32_Mass.elf.dir/Drivers/STM32H7xx_HAL_Driver/Src/stm32h7xx_hal_pcd_ex.c.obj
                0x08003224                HAL_PCDEx_LPM_Callback
 *fill*         0x08003226        0x2 
 .text.HAL_PWREx_ConfigSupply
                0x08003228       0x54 CMakeFiles/STM32_Mass.elf.dir/Drivers/STM32H7xx_HAL_Driver/Src/stm32h7xx_hal_pwr_ex.c.obj
                0x08003228                HAL_PWREx_ConfigSupply
 .text.HAL_PWREx_EnableUSBVoltageDetector
                0x0800327c       0x10 CMakeFiles/STM32_Mass.elf.dir/Drivers/STM32H7xx_HAL_Driver/Src/stm32h7xx_hal_pwr_ex.c.obj
                0x0800327c                HAL_PWREx_EnableUSBVoltageDetector
 .text.QSPI_WaitFlagStateUntilTimeout
                0x0800328c       0x54 CMakeFiles/STM32_Mass.elf.dir/Drivers/STM32H7xx_HAL_Driver/Src/stm32h7xx_hal_qspi.c.obj
 .text.HAL_QSPI_SetTimeout
                0x080032e0        0x4 CMakeFiles/STM32_Mass.elf.dir/Drivers/STM32H7xx_HAL_Driver/Src/stm32h7xx_hal_qspi.c.obj
                0x080032e0                HAL_QSPI_SetTimeout
 .text.HAL_QSPI_Init
                0x080032e4       0xa8 CMakeFiles/STM32_Mass.elf.dir/Drivers/STM32H7xx_HAL_Driver/Src/stm32h7xx_hal_qspi.c.obj
                0x080032e4                HAL_QSPI_Init
 .text.HAL_RCC_OscConfig
                0x0800338c      0x6b4 CMakeFiles/STM32_Mass.elf.dir/Drivers/STM32H7xx_HAL_Driver/Src/stm32h7xx_hal_rcc.c.obj
                0x0800338c                HAL_RCC_OscConfig
 .text.HAL_RCC_GetSysClockFreq
                0x08003a40      0x1f4 CMakeFiles/STM32_Mass.elf.dir/Drivers/STM32H7xx_HAL_Driver/Src/stm32h7xx_hal_rcc.c.obj
                0x08003a40                HAL_RCC_GetSysClockFreq
 .text.HAL_RCC_ClockConfig
                0x08003c34      0x294 CMakeFiles/STM32_Mass.elf.dir/Drivers/STM32H7xx_HAL_Driver/Src/stm32h7xx_hal_rcc.c.obj
                0x08003c34                HAL_RCC_ClockConfig
 .text.HAL_RCC_GetHCLKFreq
                0x08003ec8       0x44 CMakeFiles/STM32_Mass.elf.dir/Drivers/STM32H7xx_HAL_Driver/Src/stm32h7xx_hal_rcc.c.obj
                0x08003ec8                HAL_RCC_GetHCLKFreq
 .text.HAL_RCC_GetPCLK1Freq
                0x08003f0c       0x24 CMakeFiles/STM32_Mass.elf.dir/Drivers/STM32H7xx_HAL_Driver/Src/stm32h7xx_hal_rcc.c.obj
                0x08003f0c                HAL_RCC_GetPCLK1Freq
 .text.HAL_RCC_GetPCLK2Freq
                0x08003f30       0x24 CMakeFiles/STM32_Mass.elf.dir/Drivers/STM32H7xx_HAL_Driver/Src/stm32h7xx_hal_rcc.c.obj
                0x08003f30                HAL_RCC_GetPCLK2Freq
 .text.HAL_RCC_GetClockConfig
                0x08003f54       0x54 CMakeFiles/STM32_Mass.elf.dir/Drivers/STM32H7xx_HAL_Driver/Src/stm32h7xx_hal_rcc.c.obj
                0x08003f54                HAL_RCC_GetClockConfig
 .text.RCCEx_PLL2_Config
                0x08003fa8      0x10c CMakeFiles/STM32_Mass.elf.dir/Drivers/STM32H7xx_HAL_Driver/Src/stm32h7xx_hal_rcc_ex.c.obj
 .text.RCCEx_PLL3_Config
                0x080040b4      0x10c CMakeFiles/STM32_Mass.elf.dir/Drivers/STM32H7xx_HAL_Driver/Src/stm32h7xx_hal_rcc_ex.c.obj
 .text.HAL_RCCEx_PeriphCLKConfig
                0x080041c0      0xa8c CMakeFiles/STM32_Mass.elf.dir/Drivers/STM32H7xx_HAL_Driver/Src/stm32h7xx_hal_rcc_ex.c.obj
                0x080041c0                HAL_RCCEx_PeriphCLKConfig
 .text.HAL_RCCEx_GetD3PCLK1Freq
                0x08004c4c       0x24 CMakeFiles/STM32_Mass.elf.dir/Drivers/STM32H7xx_HAL_Driver/Src/stm32h7xx_hal_rcc_ex.c.obj
                0x08004c4c                HAL_RCCEx_GetD3PCLK1Freq
 .text.HAL_RCCEx_GetPLL2ClockFreq
                0x08004c70      0x1f8 CMakeFiles/STM32_Mass.elf.dir/Drivers/STM32H7xx_HAL_Driver/Src/stm32h7xx_hal_rcc_ex.c.obj
                0x08004c70                HAL_RCCEx_GetPLL2ClockFreq
 .text.HAL_RCCEx_GetPLL3ClockFreq
                0x08004e68      0x1f8 CMakeFiles/STM32_Mass.elf.dir/Drivers/STM32H7xx_HAL_Driver/Src/stm32h7xx_hal_rcc_ex.c.obj
                0x08004e68                HAL_RCCEx_GetPLL3ClockFreq
 .text.HAL_RCCEx_GetPLL1ClockFreq
                0x08005060      0x1f8 CMakeFiles/STM32_Mass.elf.dir/Drivers/STM32H7xx_HAL_Driver/Src/stm32h7xx_hal_rcc_ex.c.obj
                0x08005060                HAL_RCCEx_GetPLL1ClockFreq
 .text.HAL_RCCEx_GetPeriphCLKFreq
                0x08005258      0x6d0 CMakeFiles/STM32_Mass.elf.dir/Drivers/STM32H7xx_HAL_Driver/Src/stm32h7xx_hal_rcc_ex.c.obj
                0x08005258                HAL_RCCEx_GetPeriphCLKFreq
 .text.SD_PowerON
                0x08005928       0xc4 CMakeFiles/STM32_Mass.elf.dir/Drivers/STM32H7xx_HAL_Driver/Src/stm32h7xx_hal_sd.c.obj
 .text.SD_Read_IT
                0x080059ec       0x3c CMakeFiles/STM32_Mass.elf.dir/Drivers/STM32H7xx_HAL_Driver/Src/stm32h7xx_hal_sd.c.obj
 .text.SD_Write_IT
                0x08005a28       0x4c CMakeFiles/STM32_Mass.elf.dir/Drivers/STM32H7xx_HAL_Driver/Src/stm32h7xx_hal_sd.c.obj
 .text.SD_SendSDStatus
                0x08005a74      0x108 CMakeFiles/STM32_Mass.elf.dir/Drivers/STM32H7xx_HAL_Driver/Src/stm32h7xx_hal_sd.c.obj
 .text.SD_FindSCR
                0x08005b7c      0x108 CMakeFiles/STM32_Mass.elf.dir/Drivers/STM32H7xx_HAL_Driver/Src/stm32h7xx_hal_sd.c.obj
 .text.SD_WideBus_Enable
                0x08005c84       0x4e CMakeFiles/STM32_Mass.elf.dir/Drivers/STM32H7xx_HAL_Driver/Src/stm32h7xx_hal_sd.c.obj
 .text.SD_WideBus_Disable
                0x08005cd2       0x4e CMakeFiles/STM32_Mass.elf.dir/Drivers/STM32H7xx_HAL_Driver/Src/stm32h7xx_hal_sd.c.obj
 .text.SD_SendStatus
                0x08005d20       0x2c CMakeFiles/STM32_Mass.elf.dir/Drivers/STM32H7xx_HAL_Driver/Src/stm32h7xx_hal_sd.c.obj
 .text.HAL_SD_ReadBlocks_DMA
                0x08005d4c       0xe0 CMakeFiles/STM32_Mass.elf.dir/Drivers/STM32H7xx_HAL_Driver/Src/stm32h7xx_hal_sd.c.obj
                0x08005d4c                HAL_SD_ReadBlocks_DMA
 .text.HAL_SD_WriteBlocks_DMA
                0x08005e2c       0xe0 CMakeFiles/STM32_Mass.elf.dir/Drivers/STM32H7xx_HAL_Driver/Src/stm32h7xx_hal_sd.c.obj
                0x08005e2c                HAL_SD_WriteBlocks_DMA
 .text.HAL_SD_GetState
                0x08005f0c        0x6 CMakeFiles/STM32_Mass.elf.dir/Drivers/STM32H7xx_HAL_Driver/Src/stm32h7xx_hal_sd.c.obj
                0x08005f0c                HAL_SD_GetState
 .text.HAL_SD_ErrorCallback
                0x08005f12        0x2 CMakeFiles/STM32_Mass.elf.dir/Drivers/STM32H7xx_HAL_Driver/Src/stm32h7xx_hal_sd.c.obj
                0x08005f12                HAL_SD_ErrorCallback
 .text.HAL_SD_GetCardCID
                0x08005f14       0x52 CMakeFiles/STM32_Mass.elf.dir/Drivers/STM32H7xx_HAL_Driver/Src/stm32h7xx_hal_sd.c.obj
                0x08005f14                HAL_SD_GetCardCID
 *fill*         0x08005f66        0x2 
 .text.HAL_SD_GetCardCSD
                0x08005f68      0x1b8 CMakeFiles/STM32_Mass.elf.dir/Drivers/STM32H7xx_HAL_Driver/Src/stm32h7xx_hal_sd.c.obj
                0x08005f68                HAL_SD_GetCardCSD
 .text.SD_InitCard
                0x08006120       0xfc CMakeFiles/STM32_Mass.elf.dir/Drivers/STM32H7xx_HAL_Driver/Src/stm32h7xx_hal_sd.c.obj
 .text.HAL_SD_InitCard
                0x0800621c       0xcc CMakeFiles/STM32_Mass.elf.dir/Drivers/STM32H7xx_HAL_Driver/Src/stm32h7xx_hal_sd.c.obj
                0x0800621c                HAL_SD_InitCard
 .text.HAL_SD_GetCardStatus
                0x080062e8       0xd0 CMakeFiles/STM32_Mass.elf.dir/Drivers/STM32H7xx_HAL_Driver/Src/stm32h7xx_hal_sd.c.obj
                0x080062e8                HAL_SD_GetCardStatus
 .text.HAL_SD_GetCardInfo
                0x080063b8       0x24 CMakeFiles/STM32_Mass.elf.dir/Drivers/STM32H7xx_HAL_Driver/Src/stm32h7xx_hal_sd.c.obj
                0x080063b8                HAL_SD_GetCardInfo
 .text.HAL_SD_ConfigWideBusOperation
                0x080063dc      0x158 CMakeFiles/STM32_Mass.elf.dir/Drivers/STM32H7xx_HAL_Driver/Src/stm32h7xx_hal_sd.c.obj
                0x080063dc                HAL_SD_ConfigWideBusOperation
 .text.HAL_SD_GetCardState
                0x08006534       0x22 CMakeFiles/STM32_Mass.elf.dir/Drivers/STM32H7xx_HAL_Driver/Src/stm32h7xx_hal_sd.c.obj
                0x08006534                HAL_SD_GetCardState
 .text.HAL_SD_Init
                0x08006556       0xba CMakeFiles/STM32_Mass.elf.dir/Drivers/STM32H7xx_HAL_Driver/Src/stm32h7xx_hal_sd.c.obj
                0x08006556                HAL_SD_Init
 .text.HAL_SDEx_Read_DMADoubleBuf0CpltCallback
                0x08006610        0x2 CMakeFiles/STM32_Mass.elf.dir/Drivers/STM32H7xx_HAL_Driver/Src/stm32h7xx_hal_sd.c.obj
                0x08006610                HAL_SDEx_Read_DMADoubleBuf0CpltCallback
 .text.HAL_SDEx_Read_DMADoubleBuf1CpltCallback
                0x08006612        0x2 CMakeFiles/STM32_Mass.elf.dir/Drivers/STM32H7xx_HAL_Driver/Src/stm32h7xx_hal_sd.c.obj
                0x08006612                HAL_SDEx_Read_DMADoubleBuf1CpltCallback
 .text.HAL_SDEx_Write_DMADoubleBuf0CpltCallback
                0x08006614        0x2 CMakeFiles/STM32_Mass.elf.dir/Drivers/STM32H7xx_HAL_Driver/Src/stm32h7xx_hal_sd.c.obj
                0x08006614                HAL_SDEx_Write_DMADoubleBuf0CpltCallback
 .text.HAL_SDEx_Write_DMADoubleBuf1CpltCallback
                0x08006616        0x2 CMakeFiles/STM32_Mass.elf.dir/Drivers/STM32H7xx_HAL_Driver/Src/stm32h7xx_hal_sd.c.obj
                0x08006616                HAL_SDEx_Write_DMADoubleBuf1CpltCallback
 .text.HAL_SD_IRQHandler
                0x08006618      0x22c CMakeFiles/STM32_Mass.elf.dir/Drivers/STM32H7xx_HAL_Driver/Src/stm32h7xx_hal_sd.c.obj
                0x08006618                HAL_SD_IRQHandler
 .text.HAL_TIM_Base_MspInit
                0x08006844        0x2 CMakeFiles/STM32_Mass.elf.dir/Drivers/STM32H7xx_HAL_Driver/Src/stm32h7xx_hal_tim.c.obj
                0x08006844                HAL_TIM_Base_MspInit
 *fill*         0x08006846        0x2 
 .text.HAL_TIM_Base_Start_IT
                0x08006848       0x90 CMakeFiles/STM32_Mass.elf.dir/Drivers/STM32H7xx_HAL_Driver/Src/stm32h7xx_hal_tim.c.obj
                0x08006848                HAL_TIM_Base_Start_IT
 .text.HAL_TIM_OC_DelayElapsedCallback
                0x080068d8        0x2 CMakeFiles/STM32_Mass.elf.dir/Drivers/STM32H7xx_HAL_Driver/Src/stm32h7xx_hal_tim.c.obj
                0x080068d8                HAL_TIM_OC_DelayElapsedCallback
 .text.HAL_TIM_IC_CaptureCallback
                0x080068da        0x2 CMakeFiles/STM32_Mass.elf.dir/Drivers/STM32H7xx_HAL_Driver/Src/stm32h7xx_hal_tim.c.obj
                0x080068da                HAL_TIM_IC_CaptureCallback
 .text.HAL_TIM_PWM_PulseFinishedCallback
                0x080068dc        0x2 CMakeFiles/STM32_Mass.elf.dir/Drivers/STM32H7xx_HAL_Driver/Src/stm32h7xx_hal_tim.c.obj
                0x080068dc                HAL_TIM_PWM_PulseFinishedCallback
 .text.HAL_TIM_TriggerCallback
                0x080068de        0x2 CMakeFiles/STM32_Mass.elf.dir/Drivers/STM32H7xx_HAL_Driver/Src/stm32h7xx_hal_tim.c.obj
                0x080068de                HAL_TIM_TriggerCallback
 .text.HAL_TIM_IRQHandler
                0x080068e0      0x19a CMakeFiles/STM32_Mass.elf.dir/Drivers/STM32H7xx_HAL_Driver/Src/stm32h7xx_hal_tim.c.obj
                0x080068e0                HAL_TIM_IRQHandler
 *fill*         0x08006a7a        0x2 
 .text.TIM_Base_SetConfig
                0x08006a7c      0x104 CMakeFiles/STM32_Mass.elf.dir/Drivers/STM32H7xx_HAL_Driver/Src/stm32h7xx_hal_tim.c.obj
                0x08006a7c                TIM_Base_SetConfig
 .text.HAL_TIM_Base_Init
                0x08006b80       0x60 CMakeFiles/STM32_Mass.elf.dir/Drivers/STM32H7xx_HAL_Driver/Src/stm32h7xx_hal_tim.c.obj
                0x08006b80                HAL_TIM_Base_Init
 .text.HAL_TIMEx_CommutCallback
                0x08006be0        0x2 CMakeFiles/STM32_Mass.elf.dir/Drivers/STM32H7xx_HAL_Driver/Src/stm32h7xx_hal_tim_ex.c.obj
                0x08006be0                HAL_TIMEx_CommutCallback
 .text.HAL_TIMEx_BreakCallback
                0x08006be2        0x2 CMakeFiles/STM32_Mass.elf.dir/Drivers/STM32H7xx_HAL_Driver/Src/stm32h7xx_hal_tim_ex.c.obj
                0x08006be2                HAL_TIMEx_BreakCallback
 .text.HAL_TIMEx_Break2Callback
                0x08006be4        0x2 CMakeFiles/STM32_Mass.elf.dir/Drivers/STM32H7xx_HAL_Driver/Src/stm32h7xx_hal_tim_ex.c.obj
                0x08006be4                HAL_TIMEx_Break2Callback
 *fill*         0x08006be6        0x2 
 .text.UART_EndRxTransfer
                0x08006be8       0x58 CMakeFiles/STM32_Mass.elf.dir/Drivers/STM32H7xx_HAL_Driver/Src/stm32h7xx_hal_uart.c.obj
 .text.UART_SetConfig
                0x08006c40      0x5f4 CMakeFiles/STM32_Mass.elf.dir/Drivers/STM32H7xx_HAL_Driver/Src/stm32h7xx_hal_uart.c.obj
                0x08006c40                UART_SetConfig
 .text.UART_AdvFeatureConfig
                0x08007234       0xca CMakeFiles/STM32_Mass.elf.dir/Drivers/STM32H7xx_HAL_Driver/Src/stm32h7xx_hal_uart.c.obj
                0x08007234                UART_AdvFeatureConfig
 .text.UART_WaitOnFlagUntilTimeout
                0x080072fe       0x9a CMakeFiles/STM32_Mass.elf.dir/Drivers/STM32H7xx_HAL_Driver/Src/stm32h7xx_hal_uart.c.obj
                0x080072fe                UART_WaitOnFlagUntilTimeout
 .text.HAL_UART_Transmit
                0x08007398       0xd0 CMakeFiles/STM32_Mass.elf.dir/Drivers/STM32H7xx_HAL_Driver/Src/stm32h7xx_hal_uart.c.obj
                0x08007398                HAL_UART_Transmit
 .text.UART_CheckIdleState
                0x08007468       0xca CMakeFiles/STM32_Mass.elf.dir/Drivers/STM32H7xx_HAL_Driver/Src/stm32h7xx_hal_uart.c.obj
                0x08007468                UART_CheckIdleState
 .text.HAL_UART_Init
                0x08007532       0x66 CMakeFiles/STM32_Mass.elf.dir/Drivers/STM32H7xx_HAL_Driver/Src/stm32h7xx_hal_uart.c.obj
                0x08007532                HAL_UART_Init
 .text.UARTEx_SetNbDataToProcess
                0x08007598       0x4c CMakeFiles/STM32_Mass.elf.dir/Drivers/STM32H7xx_HAL_Driver/Src/stm32h7xx_hal_uart_ex.c.obj
 .text.HAL_UARTEx_DisableFifoMode
                0x080075e4       0x3e CMakeFiles/STM32_Mass.elf.dir/Drivers/STM32H7xx_HAL_Driver/Src/stm32h7xx_hal_uart_ex.c.obj
                0x080075e4                HAL_UARTEx_DisableFifoMode
 .text.HAL_UARTEx_SetTxFifoThreshold
                0x08007622       0x4a CMakeFiles/STM32_Mass.elf.dir/Drivers/STM32H7xx_HAL_Driver/Src/stm32h7xx_hal_uart_ex.c.obj
                0x08007622                HAL_UARTEx_SetTxFifoThreshold
 .text.HAL_UARTEx_SetRxFifoThreshold
                0x0800766c       0x4a CMakeFiles/STM32_Mass.elf.dir/Drivers/STM32H7xx_HAL_Driver/Src/stm32h7xx_hal_uart_ex.c.obj
                0x0800766c                HAL_UARTEx_SetRxFifoThreshold
 *fill*         0x080076b6        0x2 
 .text.SDMMC_GetCmdError
                0x080076b8       0x3c CMakeFiles/STM32_Mass.elf.dir/Drivers/STM32H7xx_HAL_Driver/Src/stm32h7xx_ll_sdmmc.c.obj
 .text.SDMMC_Init
                0x080076f4       0x30 CMakeFiles/STM32_Mass.elf.dir/Drivers/STM32H7xx_HAL_Driver/Src/stm32h7xx_ll_sdmmc.c.obj
                0x080076f4                SDMMC_Init
 .text.SDMMC_ReadFIFO
                0x08007724        0x6 CMakeFiles/STM32_Mass.elf.dir/Drivers/STM32H7xx_HAL_Driver/Src/stm32h7xx_ll_sdmmc.c.obj
                0x08007724                SDMMC_ReadFIFO
 .text.SDMMC_WriteFIFO
                0x0800772a        0xa CMakeFiles/STM32_Mass.elf.dir/Drivers/STM32H7xx_HAL_Driver/Src/stm32h7xx_ll_sdmmc.c.obj
                0x0800772a                SDMMC_WriteFIFO
 .text.SDMMC_PowerState_ON
                0x08007734        0xc CMakeFiles/STM32_Mass.elf.dir/Drivers/STM32H7xx_HAL_Driver/Src/stm32h7xx_ll_sdmmc.c.obj
                0x08007734                SDMMC_PowerState_ON
 .text.SDMMC_GetPowerState
                0x08007740        0x8 CMakeFiles/STM32_Mass.elf.dir/Drivers/STM32H7xx_HAL_Driver/Src/stm32h7xx_ll_sdmmc.c.obj
                0x08007740                SDMMC_GetPowerState
 .text.SDMMC_SendCommand
                0x08007748       0x24 CMakeFiles/STM32_Mass.elf.dir/Drivers/STM32H7xx_HAL_Driver/Src/stm32h7xx_ll_sdmmc.c.obj
                0x08007748                SDMMC_SendCommand
 .text.SDMMC_GetCommandResponse
                0x0800776c        0x6 CMakeFiles/STM32_Mass.elf.dir/Drivers/STM32H7xx_HAL_Driver/Src/stm32h7xx_ll_sdmmc.c.obj
                0x0800776c                SDMMC_GetCommandResponse
 .text.SDMMC_GetResponse
                0x08007772        0x6 CMakeFiles/STM32_Mass.elf.dir/Drivers/STM32H7xx_HAL_Driver/Src/stm32h7xx_ll_sdmmc.c.obj
                0x08007772                SDMMC_GetResponse
 .text.SDMMC_ConfigData
                0x08007778       0x24 CMakeFiles/STM32_Mass.elf.dir/Drivers/STM32H7xx_HAL_Driver/Src/stm32h7xx_ll_sdmmc.c.obj
                0x08007778                SDMMC_ConfigData
 .text.SDMMC_CmdGoIdleState
                0x0800779c       0x26 CMakeFiles/STM32_Mass.elf.dir/Drivers/STM32H7xx_HAL_Driver/Src/stm32h7xx_ll_sdmmc.c.obj
                0x0800779c                SDMMC_CmdGoIdleState
 *fill*         0x080077c2        0x2 
 .text.SDMMC_GetCmdResp1
                0x080077c4      0x160 CMakeFiles/STM32_Mass.elf.dir/Drivers/STM32H7xx_HAL_Driver/Src/stm32h7xx_ll_sdmmc.c.obj
                0x080077c4                SDMMC_GetCmdResp1
 .text.SDMMC_CmdBlockLength
                0x08007924       0x32 CMakeFiles/STM32_Mass.elf.dir/Drivers/STM32H7xx_HAL_Driver/Src/stm32h7xx_ll_sdmmc.c.obj
                0x08007924                SDMMC_CmdBlockLength
 .text.SDMMC_CmdReadSingleBlock
                0x08007956       0x32 CMakeFiles/STM32_Mass.elf.dir/Drivers/STM32H7xx_HAL_Driver/Src/stm32h7xx_ll_sdmmc.c.obj
                0x08007956                SDMMC_CmdReadSingleBlock
 .text.SDMMC_CmdReadMultiBlock
                0x08007988       0x32 CMakeFiles/STM32_Mass.elf.dir/Drivers/STM32H7xx_HAL_Driver/Src/stm32h7xx_ll_sdmmc.c.obj
                0x08007988                SDMMC_CmdReadMultiBlock
 .text.SDMMC_CmdWriteSingleBlock
                0x080079ba       0x32 CMakeFiles/STM32_Mass.elf.dir/Drivers/STM32H7xx_HAL_Driver/Src/stm32h7xx_ll_sdmmc.c.obj
                0x080079ba                SDMMC_CmdWriteSingleBlock
 .text.SDMMC_CmdWriteMultiBlock
                0x080079ec       0x32 CMakeFiles/STM32_Mass.elf.dir/Drivers/STM32H7xx_HAL_Driver/Src/stm32h7xx_ll_sdmmc.c.obj
                0x080079ec                SDMMC_CmdWriteMultiBlock
 *fill*         0x08007a1e        0x2 
 .text.SDMMC_CmdStopTransfer
                0x08007a20       0x58 CMakeFiles/STM32_Mass.elf.dir/Drivers/STM32H7xx_HAL_Driver/Src/stm32h7xx_ll_sdmmc.c.obj
                0x08007a20                SDMMC_CmdStopTransfer
 .text.SDMMC_CmdSelDesel
                0x08007a78       0x32 CMakeFiles/STM32_Mass.elf.dir/Drivers/STM32H7xx_HAL_Driver/Src/stm32h7xx_ll_sdmmc.c.obj
                0x08007a78                SDMMC_CmdSelDesel
 .text.SDMMC_CmdAppCommand
                0x08007aaa       0x32 CMakeFiles/STM32_Mass.elf.dir/Drivers/STM32H7xx_HAL_Driver/Src/stm32h7xx_ll_sdmmc.c.obj
                0x08007aaa                SDMMC_CmdAppCommand
 .text.SDMMC_CmdBusWidth
                0x08007adc       0x32 CMakeFiles/STM32_Mass.elf.dir/Drivers/STM32H7xx_HAL_Driver/Src/stm32h7xx_ll_sdmmc.c.obj
                0x08007adc                SDMMC_CmdBusWidth
 .text.SDMMC_CmdSendSCR
                0x08007b0e       0x32 CMakeFiles/STM32_Mass.elf.dir/Drivers/STM32H7xx_HAL_Driver/Src/stm32h7xx_ll_sdmmc.c.obj
                0x08007b0e                SDMMC_CmdSendSCR
 .text.SDMMC_CmdSendStatus
                0x08007b40       0x32 CMakeFiles/STM32_Mass.elf.dir/Drivers/STM32H7xx_HAL_Driver/Src/stm32h7xx_ll_sdmmc.c.obj
                0x08007b40                SDMMC_CmdSendStatus
 .text.SDMMC_CmdStatusRegister
                0x08007b72       0x32 CMakeFiles/STM32_Mass.elf.dir/Drivers/STM32H7xx_HAL_Driver/Src/stm32h7xx_ll_sdmmc.c.obj
                0x08007b72                SDMMC_CmdStatusRegister
 .text.SDMMC_GetCmdResp2
                0x08007ba4       0x60 CMakeFiles/STM32_Mass.elf.dir/Drivers/STM32H7xx_HAL_Driver/Src/stm32h7xx_ll_sdmmc.c.obj
                0x08007ba4                SDMMC_GetCmdResp2
 .text.SDMMC_CmdSendCID
                0x08007c04       0x2c CMakeFiles/STM32_Mass.elf.dir/Drivers/STM32H7xx_HAL_Driver/Src/stm32h7xx_ll_sdmmc.c.obj
                0x08007c04                SDMMC_CmdSendCID
 .text.SDMMC_CmdSendCSD
                0x08007c30       0x2c CMakeFiles/STM32_Mass.elf.dir/Drivers/STM32H7xx_HAL_Driver/Src/stm32h7xx_ll_sdmmc.c.obj
                0x08007c30                SDMMC_CmdSendCSD
 .text.SDMMC_GetCmdResp3
                0x08007c5c       0x50 CMakeFiles/STM32_Mass.elf.dir/Drivers/STM32H7xx_HAL_Driver/Src/stm32h7xx_ll_sdmmc.c.obj
                0x08007c5c                SDMMC_GetCmdResp3
 .text.SDMMC_CmdAppOperCommand
                0x08007cac       0x2c CMakeFiles/STM32_Mass.elf.dir/Drivers/STM32H7xx_HAL_Driver/Src/stm32h7xx_ll_sdmmc.c.obj
                0x08007cac                SDMMC_CmdAppOperCommand
 .text.SDMMC_GetCmdResp6
                0x08007cd8       0xa4 CMakeFiles/STM32_Mass.elf.dir/Drivers/STM32H7xx_HAL_Driver/Src/stm32h7xx_ll_sdmmc.c.obj
                0x08007cd8                SDMMC_GetCmdResp6
 .text.SDMMC_CmdSetRelAdd
                0x08007d7c       0x32 CMakeFiles/STM32_Mass.elf.dir/Drivers/STM32H7xx_HAL_Driver/Src/stm32h7xx_ll_sdmmc.c.obj
                0x08007d7c                SDMMC_CmdSetRelAdd
 *fill*         0x08007dae        0x2 
 .text.SDMMC_GetCmdResp7
                0x08007db0       0x64 CMakeFiles/STM32_Mass.elf.dir/Drivers/STM32H7xx_HAL_Driver/Src/stm32h7xx_ll_sdmmc.c.obj
                0x08007db0                SDMMC_GetCmdResp7
 .text.SDMMC_CmdOperCond
                0x08007e14       0x30 CMakeFiles/STM32_Mass.elf.dir/Drivers/STM32H7xx_HAL_Driver/Src/stm32h7xx_ll_sdmmc.c.obj
                0x08007e14                SDMMC_CmdOperCond
 .text.USB_CoreReset
                0x08007e44       0x50 CMakeFiles/STM32_Mass.elf.dir/Drivers/STM32H7xx_HAL_Driver/Src/stm32h7xx_ll_usb.c.obj
 .text.USB_CoreInit
                0x08007e94       0x9c CMakeFiles/STM32_Mass.elf.dir/Drivers/STM32H7xx_HAL_Driver/Src/stm32h7xx_ll_usb.c.obj
                0x08007e94                USB_CoreInit
 .text.USB_SetTurnaroundTime
                0x08007f30       0xe4 CMakeFiles/STM32_Mass.elf.dir/Drivers/STM32H7xx_HAL_Driver/Src/stm32h7xx_ll_usb.c.obj
                0x08007f30                USB_SetTurnaroundTime
 .text.USB_EnableGlobalInt
                0x08008014        0xc CMakeFiles/STM32_Mass.elf.dir/Drivers/STM32H7xx_HAL_Driver/Src/stm32h7xx_ll_usb.c.obj
                0x08008014                USB_EnableGlobalInt
 .text.USB_DisableGlobalInt
                0x08008020        0xc CMakeFiles/STM32_Mass.elf.dir/Drivers/STM32H7xx_HAL_Driver/Src/stm32h7xx_ll_usb.c.obj
                0x08008020                USB_DisableGlobalInt
 .text.USB_FlushTxFifo
                0x0800802c       0x50 CMakeFiles/STM32_Mass.elf.dir/Drivers/STM32H7xx_HAL_Driver/Src/stm32h7xx_ll_usb.c.obj
                0x0800802c                USB_FlushTxFifo
 .text.USB_FlushRxFifo
                0x0800807c       0x4c CMakeFiles/STM32_Mass.elf.dir/Drivers/STM32H7xx_HAL_Driver/Src/stm32h7xx_ll_usb.c.obj
                0x0800807c                USB_FlushRxFifo
 .text.USB_SetDevSpeed
                0x080080c8        0xe CMakeFiles/STM32_Mass.elf.dir/Drivers/STM32H7xx_HAL_Driver/Src/stm32h7xx_ll_usb.c.obj
                0x080080c8                USB_SetDevSpeed
 *fill*         0x080080d6        0x2 
 .text.USB_DevInit
                0x080080d8      0x188 CMakeFiles/STM32_Mass.elf.dir/Drivers/STM32H7xx_HAL_Driver/Src/stm32h7xx_ll_usb.c.obj
                0x080080d8                USB_DevInit
 .text.USB_GetDevSpeed
                0x08008260       0x1e CMakeFiles/STM32_Mass.elf.dir/Drivers/STM32H7xx_HAL_Driver/Src/stm32h7xx_ll_usb.c.obj
                0x08008260                USB_GetDevSpeed
 *fill*         0x0800827e        0x2 
 .text.USB_ActivateEndpoint
                0x08008280       0x9c CMakeFiles/STM32_Mass.elf.dir/Drivers/STM32H7xx_HAL_Driver/Src/stm32h7xx_ll_usb.c.obj
                0x08008280                USB_ActivateEndpoint
 .text.USB_DeactivateEndpoint
                0x0800831c       0xe0 CMakeFiles/STM32_Mass.elf.dir/Drivers/STM32H7xx_HAL_Driver/Src/stm32h7xx_ll_usb.c.obj
                0x0800831c                USB_DeactivateEndpoint
 .text.USB_EPStopXfer
                0x080083fc       0xbe CMakeFiles/STM32_Mass.elf.dir/Drivers/STM32H7xx_HAL_Driver/Src/stm32h7xx_ll_usb.c.obj
                0x080083fc                USB_EPStopXfer
 .text.USB_WritePacket
                0x080084ba       0x2e CMakeFiles/STM32_Mass.elf.dir/Drivers/STM32H7xx_HAL_Driver/Src/stm32h7xx_ll_usb.c.obj
                0x080084ba                USB_WritePacket
 .text.USB_EPStartXfer
                0x080084e8      0x23c CMakeFiles/STM32_Mass.elf.dir/Drivers/STM32H7xx_HAL_Driver/Src/stm32h7xx_ll_usb.c.obj
                0x080084e8                USB_EPStartXfer
 .text.USB_ReadPacket
                0x08008724       0x54 CMakeFiles/STM32_Mass.elf.dir/Drivers/STM32H7xx_HAL_Driver/Src/stm32h7xx_ll_usb.c.obj
                0x08008724                USB_ReadPacket
 .text.USB_EPSetStall
                0x08008778       0x5a CMakeFiles/STM32_Mass.elf.dir/Drivers/STM32H7xx_HAL_Driver/Src/stm32h7xx_ll_usb.c.obj
                0x08008778                USB_EPSetStall
 .text.USB_EPClearStall
                0x080087d2       0x5c CMakeFiles/STM32_Mass.elf.dir/Drivers/STM32H7xx_HAL_Driver/Src/stm32h7xx_ll_usb.c.obj
                0x080087d2                USB_EPClearStall
 .text.USB_SetDevAddress
                0x0800882e       0x20 CMakeFiles/STM32_Mass.elf.dir/Drivers/STM32H7xx_HAL_Driver/Src/stm32h7xx_ll_usb.c.obj
                0x0800882e                USB_SetDevAddress
 .text.USB_DevConnect
                0x0800884e       0x1c CMakeFiles/STM32_Mass.elf.dir/Drivers/STM32H7xx_HAL_Driver/Src/stm32h7xx_ll_usb.c.obj
                0x0800884e                USB_DevConnect
 .text.USB_DevDisconnect
                0x0800886a       0x1c CMakeFiles/STM32_Mass.elf.dir/Drivers/STM32H7xx_HAL_Driver/Src/stm32h7xx_ll_usb.c.obj
                0x0800886a                USB_DevDisconnect
 .text.USB_ReadInterrupts
                0x08008886        0x8 CMakeFiles/STM32_Mass.elf.dir/Drivers/STM32H7xx_HAL_Driver/Src/stm32h7xx_ll_usb.c.obj
                0x08008886                USB_ReadInterrupts
 .text.USB_ReadDevAllOutEpInterrupt
                0x0800888e       0x10 CMakeFiles/STM32_Mass.elf.dir/Drivers/STM32H7xx_HAL_Driver/Src/stm32h7xx_ll_usb.c.obj
                0x0800888e                USB_ReadDevAllOutEpInterrupt
 .text.USB_ReadDevAllInEpInterrupt
                0x0800889e       0x10 CMakeFiles/STM32_Mass.elf.dir/Drivers/STM32H7xx_HAL_Driver/Src/stm32h7xx_ll_usb.c.obj
                0x0800889e                USB_ReadDevAllInEpInterrupt
 .text.USB_ReadDevOutEPInterrupt
                0x080088ae       0x12 CMakeFiles/STM32_Mass.elf.dir/Drivers/STM32H7xx_HAL_Driver/Src/stm32h7xx_ll_usb.c.obj
                0x080088ae                USB_ReadDevOutEPInterrupt
 .text.USB_ReadDevInEPInterrupt
                0x080088c0       0x28 CMakeFiles/STM32_Mass.elf.dir/Drivers/STM32H7xx_HAL_Driver/Src/stm32h7xx_ll_usb.c.obj
                0x080088c0                USB_ReadDevInEPInterrupt
 .text.USB_GetMode
                0x080088e8        0x8 CMakeFiles/STM32_Mass.elf.dir/Drivers/STM32H7xx_HAL_Driver/Src/stm32h7xx_ll_usb.c.obj
                0x080088e8                USB_GetMode
 .text.USB_SetCurrentMode
                0x080088f0       0x62 CMakeFiles/STM32_Mass.elf.dir/Drivers/STM32H7xx_HAL_Driver/Src/stm32h7xx_ll_usb.c.obj
                0x080088f0                USB_SetCurrentMode
 *fill*         0x08008952        0x2 
 .text.USB_ActivateSetup
                0x08008954       0x20 CMakeFiles/STM32_Mass.elf.dir/Drivers/STM32H7xx_HAL_Driver/Src/stm32h7xx_ll_usb.c.obj
                0x08008954                USB_ActivateSetup
 .text.USB_EP0_OutStart
                0x08008974       0x60 CMakeFiles/STM32_Mass.elf.dir/Drivers/STM32H7xx_HAL_Driver/Src/stm32h7xx_ll_usb.c.obj
                0x08008974                USB_EP0_OutStart
 .text.MX_FATFS_Init
                0x080089d4       0x1c CMakeFiles/STM32_Mass.elf.dir/FATFS/App/fatfs.c.obj
                0x080089d4                MX_FATFS_Init
 .text.get_fattime
                0x080089f0        0x4 CMakeFiles/STM32_Mass.elf.dir/FATFS/App/fatfs.c.obj
                0x080089f0                get_fattime
 .text.CreateNewFile
                0x080089f4       0x94 CMakeFiles/STM32_Mass.elf.dir/FATFS/App/fatfs.c.obj
                0x080089f4                CreateNewFile
 .text.ReadFileData
                0x08008a88       0x80 CMakeFiles/STM32_Mass.elf.dir/FATFS/App/fatfs.c.obj
                0x08008a88                ReadFileData
 .text.CreateDir
                0x08008b08       0x5c CMakeFiles/STM32_Mass.elf.dir/FATFS/App/fatfs.c.obj
                0x08008b08                CreateDir
 .text.ViewRootDir
                0x08008b64       0xe4 CMakeFiles/STM32_Mass.elf.dir/FATFS/App/fatfs.c.obj
                0x08008b64                ViewRootDir
 .text.BSP_SD_ReadBlocks_DMA
                0x08008c48       0x18 CMakeFiles/STM32_Mass.elf.dir/FATFS/Target/bsp_driver_sd.c.obj
                0x08008c48                BSP_SD_ReadBlocks_DMA
 .text.BSP_SD_WriteBlocks_DMA
                0x08008c60       0x18 CMakeFiles/STM32_Mass.elf.dir/FATFS/Target/bsp_driver_sd.c.obj
                0x08008c60                BSP_SD_WriteBlocks_DMA
 .text.BSP_SD_GetCardState
                0x08008c78       0x14 CMakeFiles/STM32_Mass.elf.dir/FATFS/Target/bsp_driver_sd.c.obj
                0x08008c78                BSP_SD_GetCardState
 .text.BSP_SD_GetCardInfo
                0x08008c8c       0x10 CMakeFiles/STM32_Mass.elf.dir/FATFS/Target/bsp_driver_sd.c.obj
                0x08008c8c                BSP_SD_GetCardInfo
 .text.HAL_SD_TxCpltCallback
                0x08008c9c        0x8 CMakeFiles/STM32_Mass.elf.dir/FATFS/Target/bsp_driver_sd.c.obj
                0x08008c9c                HAL_SD_TxCpltCallback
 .text.HAL_SD_RxCpltCallback
                0x08008ca4        0x8 CMakeFiles/STM32_Mass.elf.dir/FATFS/Target/bsp_driver_sd.c.obj
                0x08008ca4                HAL_SD_RxCpltCallback
 .text.BSP_SD_IsDetected
                0x08008cac       0x20 CMakeFiles/STM32_Mass.elf.dir/FATFS/Target/bsp_driver_sd.c.obj
                0x08008cac                BSP_SD_IsDetected
 .text.BSP_SD_Init
                0x08008ccc       0x34 CMakeFiles/STM32_Mass.elf.dir/FATFS/Target/bsp_driver_sd.c.obj
                0x08008ccc                BSP_SD_Init
 .text.BSP_PlatformIsDetected
                0x08008d00       0x18 CMakeFiles/STM32_Mass.elf.dir/FATFS/Target/fatfs_platform.c.obj
                0x08008d00                BSP_PlatformIsDetected
 .text.SD_CheckStatus
                0x08008d18       0x24 CMakeFiles/STM32_Mass.elf.dir/FATFS/Target/sd_diskio.c.obj
 .text.SD_initialize
                0x08008d3c       0x20 CMakeFiles/STM32_Mass.elf.dir/FATFS/Target/sd_diskio.c.obj
                0x08008d3c                SD_initialize
 .text.SD_status
                0x08008d5c        0x8 CMakeFiles/STM32_Mass.elf.dir/FATFS/Target/sd_diskio.c.obj
                0x08008d5c                SD_status
 .text.SD_CheckStatusWithTimeout
                0x08008d64       0x26 CMakeFiles/STM32_Mass.elf.dir/FATFS/Target/sd_diskio.c.obj
 *fill*         0x08008d8a        0x2 
 .text.SD_read  0x08008d8c       0x80 CMakeFiles/STM32_Mass.elf.dir/FATFS/Target/sd_diskio.c.obj
                0x08008d8c                SD_read
 .text.SD_write
                0x08008e0c       0x80 CMakeFiles/STM32_Mass.elf.dir/FATFS/Target/sd_diskio.c.obj
                0x08008e0c                SD_write
 .text.SD_ioctl
                0x08008e8c       0x58 CMakeFiles/STM32_Mass.elf.dir/FATFS/Target/sd_diskio.c.obj
                0x08008e8c                SD_ioctl
 .text.BSP_SD_WriteCpltCallback
                0x08008ee4        0xc CMakeFiles/STM32_Mass.elf.dir/FATFS/Target/sd_diskio.c.obj
                0x08008ee4                BSP_SD_WriteCpltCallback
 .text.BSP_SD_ReadCpltCallback
                0x08008ef0        0xc CMakeFiles/STM32_Mass.elf.dir/FATFS/Target/sd_diskio.c.obj
                0x08008ef0                BSP_SD_ReadCpltCallback
 .text.USBD_MSC_GetDeviceQualifierDescriptor
                0x08008efc        0xc CMakeFiles/STM32_Mass.elf.dir/Middlewares/ST/STM32_USB_Device_Library/Class/MSC/Src/usbd_msc.c.obj
                0x08008efc                USBD_MSC_GetDeviceQualifierDescriptor
 .text.USBD_MSC_Init
                0x08008f08       0xc8 CMakeFiles/STM32_Mass.elf.dir/Middlewares/ST/STM32_USB_Device_Library/Class/MSC/Src/usbd_msc.c.obj
                0x08008f08                USBD_MSC_Init
 .text.USBD_MSC_DeInit
                0x08008fd0       0x74 CMakeFiles/STM32_Mass.elf.dir/Middlewares/ST/STM32_USB_Device_Library/Class/MSC/Src/usbd_msc.c.obj
                0x08008fd0                USBD_MSC_DeInit
 .text.USBD_MSC_Setup
                0x08009044      0x144 CMakeFiles/STM32_Mass.elf.dir/Middlewares/ST/STM32_USB_Device_Library/Class/MSC/Src/usbd_msc.c.obj
                0x08009044                USBD_MSC_Setup
 .text.USBD_MSC_DataIn
                0x08009188        0xa CMakeFiles/STM32_Mass.elf.dir/Middlewares/ST/STM32_USB_Device_Library/Class/MSC/Src/usbd_msc.c.obj
                0x08009188                USBD_MSC_DataIn
 .text.USBD_MSC_DataOut
                0x08009192        0xa CMakeFiles/STM32_Mass.elf.dir/Middlewares/ST/STM32_USB_Device_Library/Class/MSC/Src/usbd_msc.c.obj
                0x08009192                USBD_MSC_DataOut
 .text.USBD_MSC_GetHSCfgDesc
                0x0800919c       0x38 CMakeFiles/STM32_Mass.elf.dir/Middlewares/ST/STM32_USB_Device_Library/Class/MSC/Src/usbd_msc.c.obj
                0x0800919c                USBD_MSC_GetHSCfgDesc
 .text.USBD_MSC_GetFSCfgDesc
                0x080091d4       0x38 CMakeFiles/STM32_Mass.elf.dir/Middlewares/ST/STM32_USB_Device_Library/Class/MSC/Src/usbd_msc.c.obj
                0x080091d4                USBD_MSC_GetFSCfgDesc
 .text.USBD_MSC_GetOtherSpeedCfgDesc
                0x0800920c       0x38 CMakeFiles/STM32_Mass.elf.dir/Middlewares/ST/STM32_USB_Device_Library/Class/MSC/Src/usbd_msc.c.obj
                0x0800920c                USBD_MSC_GetOtherSpeedCfgDesc
 .text.USBD_MSC_RegisterStorage
                0x08009244       0x16 CMakeFiles/STM32_Mass.elf.dir/Middlewares/ST/STM32_USB_Device_Library/Class/MSC/Src/usbd_msc.c.obj
                0x08009244                USBD_MSC_RegisterStorage
 *fill*         0x0800925a        0x2 
 .text.MSC_BOT_SendData
                0x0800925c       0x3c CMakeFiles/STM32_Mass.elf.dir/Middlewares/ST/STM32_USB_Device_Library/Class/MSC/Src/usbd_msc_bot.c.obj
 .text.MSC_BOT_Abort
                0x08009298       0x5c CMakeFiles/STM32_Mass.elf.dir/Middlewares/ST/STM32_USB_Device_Library/Class/MSC/Src/usbd_msc_bot.c.obj
 .text.MSC_BOT_Init
                0x080092f4       0x60 CMakeFiles/STM32_Mass.elf.dir/Middlewares/ST/STM32_USB_Device_Library/Class/MSC/Src/usbd_msc_bot.c.obj
                0x080092f4                MSC_BOT_Init
 .text.MSC_BOT_Reset
                0x08009354       0x44 CMakeFiles/STM32_Mass.elf.dir/Middlewares/ST/STM32_USB_Device_Library/Class/MSC/Src/usbd_msc_bot.c.obj
                0x08009354                MSC_BOT_Reset
 .text.MSC_BOT_DeInit
                0x08009398       0x12 CMakeFiles/STM32_Mass.elf.dir/Middlewares/ST/STM32_USB_Device_Library/Class/MSC/Src/usbd_msc_bot.c.obj
                0x08009398                MSC_BOT_DeInit
 *fill*         0x080093aa        0x2 
 .text.MSC_BOT_SendCSW
                0x080093ac       0x4c CMakeFiles/STM32_Mass.elf.dir/Middlewares/ST/STM32_USB_Device_Library/Class/MSC/Src/usbd_msc_bot.c.obj
                0x080093ac                MSC_BOT_SendCSW
 .text.MSC_BOT_DataIn
                0x080093f8       0x44 CMakeFiles/STM32_Mass.elf.dir/Middlewares/ST/STM32_USB_Device_Library/Class/MSC/Src/usbd_msc_bot.c.obj
                0x080093f8                MSC_BOT_DataIn
 .text.MSC_BOT_CBW_Decode
                0x0800943c       0xb8 CMakeFiles/STM32_Mass.elf.dir/Middlewares/ST/STM32_USB_Device_Library/Class/MSC/Src/usbd_msc_bot.c.obj
 .text.MSC_BOT_DataOut
                0x080094f4       0x3c CMakeFiles/STM32_Mass.elf.dir/Middlewares/ST/STM32_USB_Device_Library/Class/MSC/Src/usbd_msc_bot.c.obj
                0x080094f4                MSC_BOT_DataOut
 .text.MSC_BOT_CplClrFeature
                0x08009530       0x48 CMakeFiles/STM32_Mass.elf.dir/Middlewares/ST/STM32_USB_Device_Library/Class/MSC/Src/usbd_msc_bot.c.obj
                0x08009530                MSC_BOT_CplClrFeature
 .text.SCSI_AllowPreventRemovable
                0x08009578       0x28 CMakeFiles/STM32_Mass.elf.dir/Middlewares/ST/STM32_USB_Device_Library/Class/MSC/Src/usbd_msc_scsi.c.obj
 .text.SCSI_UpdateBotData
                0x080095a0       0x22 CMakeFiles/STM32_Mass.elf.dir/Middlewares/ST/STM32_USB_Device_Library/Class/MSC/Src/usbd_msc_scsi.c.obj
 *fill*         0x080095c2        0x2 
 .text.SCSI_ModeSense6
                0x080095c4       0x2c CMakeFiles/STM32_Mass.elf.dir/Middlewares/ST/STM32_USB_Device_Library/Class/MSC/Src/usbd_msc_scsi.c.obj
 .text.SCSI_ModeSense10
                0x080095f0       0x2c CMakeFiles/STM32_Mass.elf.dir/Middlewares/ST/STM32_USB_Device_Library/Class/MSC/Src/usbd_msc_scsi.c.obj
 .text.SCSI_SenseCode
                0x0800961c       0x38 CMakeFiles/STM32_Mass.elf.dir/Middlewares/ST/STM32_USB_Device_Library/Class/MSC/Src/usbd_msc_scsi.c.obj
                0x0800961c                SCSI_SenseCode
 .text.SCSI_TestUnitReady
                0x08009654       0x76 CMakeFiles/STM32_Mass.elf.dir/Middlewares/ST/STM32_USB_Device_Library/Class/MSC/Src/usbd_msc_scsi.c.obj
 .text.SCSI_RequestSense
                0x080096ca       0x92 CMakeFiles/STM32_Mass.elf.dir/Middlewares/ST/STM32_USB_Device_Library/Class/MSC/Src/usbd_msc_scsi.c.obj
 .text.SCSI_Inquiry
                0x0800975c       0xa4 CMakeFiles/STM32_Mass.elf.dir/Middlewares/ST/STM32_USB_Device_Library/Class/MSC/Src/usbd_msc_scsi.c.obj
 .text.SCSI_StartStopUnit
                0x08009800       0x60 CMakeFiles/STM32_Mass.elf.dir/Middlewares/ST/STM32_USB_Device_Library/Class/MSC/Src/usbd_msc_scsi.c.obj
 .text.SCSI_ReadFormatCapacity
                0x08009860       0x94 CMakeFiles/STM32_Mass.elf.dir/Middlewares/ST/STM32_USB_Device_Library/Class/MSC/Src/usbd_msc_scsi.c.obj
 .text.SCSI_ReadCapacity10
                0x080098f4       0x7a CMakeFiles/STM32_Mass.elf.dir/Middlewares/ST/STM32_USB_Device_Library/Class/MSC/Src/usbd_msc_scsi.c.obj
 .text.SCSI_ReadCapacity16
                0x0800996e       0xbe CMakeFiles/STM32_Mass.elf.dir/Middlewares/ST/STM32_USB_Device_Library/Class/MSC/Src/usbd_msc_scsi.c.obj
 .text.SCSI_CheckAddressRange
                0x08009a2c       0x32 CMakeFiles/STM32_Mass.elf.dir/Middlewares/ST/STM32_USB_Device_Library/Class/MSC/Src/usbd_msc_scsi.c.obj
 *fill*         0x08009a5e        0x2 
 .text.SCSI_ProcessRead
                0x08009a60       0xb4 CMakeFiles/STM32_Mass.elf.dir/Middlewares/ST/STM32_USB_Device_Library/Class/MSC/Src/usbd_msc_scsi.c.obj
 .text.SCSI_Read10
                0x08009b14       0xe6 CMakeFiles/STM32_Mass.elf.dir/Middlewares/ST/STM32_USB_Device_Library/Class/MSC/Src/usbd_msc_scsi.c.obj
 .text.SCSI_Read12
                0x08009bfa       0xf4 CMakeFiles/STM32_Mass.elf.dir/Middlewares/ST/STM32_USB_Device_Library/Class/MSC/Src/usbd_msc_scsi.c.obj
 *fill*         0x08009cee        0x2 
 .text.SCSI_ProcessWrite
                0x08009cf0       0xc4 CMakeFiles/STM32_Mass.elf.dir/Middlewares/ST/STM32_USB_Device_Library/Class/MSC/Src/usbd_msc_scsi.c.obj
 .text.SCSI_Write10
                0x08009db4      0x138 CMakeFiles/STM32_Mass.elf.dir/Middlewares/ST/STM32_USB_Device_Library/Class/MSC/Src/usbd_msc_scsi.c.obj
 .text.SCSI_Write12
                0x08009eec      0x14c CMakeFiles/STM32_Mass.elf.dir/Middlewares/ST/STM32_USB_Device_Library/Class/MSC/Src/usbd_msc_scsi.c.obj
 .text.SCSI_Verify10
                0x0800a038       0x46 CMakeFiles/STM32_Mass.elf.dir/Middlewares/ST/STM32_USB_Device_Library/Class/MSC/Src/usbd_msc_scsi.c.obj
 .text.SCSI_ProcessCmd
                0x0800a07e       0xf8 CMakeFiles/STM32_Mass.elf.dir/Middlewares/ST/STM32_USB_Device_Library/Class/MSC/Src/usbd_msc_scsi.c.obj
                0x0800a07e                SCSI_ProcessCmd
 .text.USBD_Init
                0x0800a176       0x2e CMakeFiles/STM32_Mass.elf.dir/Middlewares/ST/STM32_USB_Device_Library/Core/Src/usbd_core.c.obj
                0x0800a176                USBD_Init
 .text.USBD_RegisterClass
                0x0800a1a4       0x34 CMakeFiles/STM32_Mass.elf.dir/Middlewares/ST/STM32_USB_Device_Library/Core/Src/usbd_core.c.obj
                0x0800a1a4                USBD_RegisterClass
 .text.USBD_Start
                0x0800a1d8        0x8 CMakeFiles/STM32_Mass.elf.dir/Middlewares/ST/STM32_USB_Device_Library/Core/Src/usbd_core.c.obj
                0x0800a1d8                USBD_Start
 .text.USBD_SetClassConfig
                0x0800a1e0       0x12 CMakeFiles/STM32_Mass.elf.dir/Middlewares/ST/STM32_USB_Device_Library/Core/Src/usbd_core.c.obj
                0x0800a1e0                USBD_SetClassConfig
 .text.USBD_ClrClassConfig
                0x0800a1f2       0x12 CMakeFiles/STM32_Mass.elf.dir/Middlewares/ST/STM32_USB_Device_Library/Core/Src/usbd_core.c.obj
                0x0800a1f2                USBD_ClrClassConfig
 .text.USBD_LL_SetupStage
                0x0800a204       0x58 CMakeFiles/STM32_Mass.elf.dir/Middlewares/ST/STM32_USB_Device_Library/Core/Src/usbd_core.c.obj
                0x0800a204                USBD_LL_SetupStage
 .text.USBD_LL_Reset
                0x0800a25c       0x64 CMakeFiles/STM32_Mass.elf.dir/Middlewares/ST/STM32_USB_Device_Library/Core/Src/usbd_core.c.obj
                0x0800a25c                USBD_LL_Reset
 .text.USBD_LL_SetSpeed
                0x0800a2c0        0x6 CMakeFiles/STM32_Mass.elf.dir/Middlewares/ST/STM32_USB_Device_Library/Core/Src/usbd_core.c.obj
                0x0800a2c0                USBD_LL_SetSpeed
 .text.USBD_LL_Suspend
                0x0800a2c6       0x1e CMakeFiles/STM32_Mass.elf.dir/Middlewares/ST/STM32_USB_Device_Library/Core/Src/usbd_core.c.obj
                0x0800a2c6                USBD_LL_Suspend
 .text.USBD_LL_Resume
                0x0800a2e4       0x1a CMakeFiles/STM32_Mass.elf.dir/Middlewares/ST/STM32_USB_Device_Library/Core/Src/usbd_core.c.obj
                0x0800a2e4                USBD_LL_Resume
 .text.USBD_LL_SOF
                0x0800a2fe       0x22 CMakeFiles/STM32_Mass.elf.dir/Middlewares/ST/STM32_USB_Device_Library/Core/Src/usbd_core.c.obj
                0x0800a2fe                USBD_LL_SOF
 .text.USBD_LL_IsoINIncomplete
                0x0800a320       0x2e CMakeFiles/STM32_Mass.elf.dir/Middlewares/ST/STM32_USB_Device_Library/Core/Src/usbd_core.c.obj
                0x0800a320                USBD_LL_IsoINIncomplete
 .text.USBD_LL_IsoOUTIncomplete
                0x0800a34e       0x2e CMakeFiles/STM32_Mass.elf.dir/Middlewares/ST/STM32_USB_Device_Library/Core/Src/usbd_core.c.obj
                0x0800a34e                USBD_LL_IsoOUTIncomplete
 .text.USBD_LL_DevConnected
                0x0800a37c        0x4 CMakeFiles/STM32_Mass.elf.dir/Middlewares/ST/STM32_USB_Device_Library/Core/Src/usbd_core.c.obj
                0x0800a37c                USBD_LL_DevConnected
 .text.USBD_LL_DevDisconnected
                0x0800a380       0x20 CMakeFiles/STM32_Mass.elf.dir/Middlewares/ST/STM32_USB_Device_Library/Core/Src/usbd_core.c.obj
                0x0800a380                USBD_LL_DevDisconnected
 .text.USBD_CoreFindIF
                0x0800a3a0        0x4 CMakeFiles/STM32_Mass.elf.dir/Middlewares/ST/STM32_USB_Device_Library/Core/Src/usbd_core.c.obj
                0x0800a3a0                USBD_CoreFindIF
 .text.USBD_CoreFindEP
                0x0800a3a4        0x4 CMakeFiles/STM32_Mass.elf.dir/Middlewares/ST/STM32_USB_Device_Library/Core/Src/usbd_core.c.obj
                0x0800a3a4                USBD_CoreFindEP
 .text.USBD_LL_DataOutStage
                0x0800a3a8       0xc6 CMakeFiles/STM32_Mass.elf.dir/Middlewares/ST/STM32_USB_Device_Library/Core/Src/usbd_core.c.obj
                0x0800a3a8                USBD_LL_DataOutStage
 .text.USBD_LL_DataInStage
                0x0800a46e       0xd6 CMakeFiles/STM32_Mass.elf.dir/Middlewares/ST/STM32_USB_Device_Library/Core/Src/usbd_core.c.obj
                0x0800a46e                USBD_LL_DataInStage
 .text.USBD_GetNextDesc
                0x0800a544        0xe CMakeFiles/STM32_Mass.elf.dir/Middlewares/ST/STM32_USB_Device_Library/Core/Src/usbd_core.c.obj
                0x0800a544                USBD_GetNextDesc
 .text.USBD_GetEpDesc
                0x0800a552       0x3e CMakeFiles/STM32_Mass.elf.dir/Middlewares/ST/STM32_USB_Device_Library/Core/Src/usbd_core.c.obj
                0x0800a552                USBD_GetEpDesc
 .text.USBD_GetLen
                0x0800a590       0x14 CMakeFiles/STM32_Mass.elf.dir/Middlewares/ST/STM32_USB_Device_Library/Core/Src/usbd_ctlreq.c.obj
 .text.USBD_ParseSetupRequest
                0x0800a5a4       0x28 CMakeFiles/STM32_Mass.elf.dir/Middlewares/ST/STM32_USB_Device_Library/Core/Src/usbd_ctlreq.c.obj
                0x0800a5a4                USBD_ParseSetupRequest
 .text.USBD_CtlError
                0x0800a5cc       0x14 CMakeFiles/STM32_Mass.elf.dir/Middlewares/ST/STM32_USB_Device_Library/Core/Src/usbd_ctlreq.c.obj
                0x0800a5cc                USBD_CtlError
 .text.USBD_GetDescriptor
                0x0800a5e0      0x18a CMakeFiles/STM32_Mass.elf.dir/Middlewares/ST/STM32_USB_Device_Library/Core/Src/usbd_ctlreq.c.obj
 .text.USBD_SetAddress
                0x0800a76a       0x50 CMakeFiles/STM32_Mass.elf.dir/Middlewares/ST/STM32_USB_Device_Library/Core/Src/usbd_ctlreq.c.obj
 *fill*         0x0800a7ba        0x2 
 .text.USBD_SetConfig
                0x0800a7bc       0xcc CMakeFiles/STM32_Mass.elf.dir/Middlewares/ST/STM32_USB_Device_Library/Core/Src/usbd_ctlreq.c.obj
 .text.USBD_GetConfig
                0x0800a888       0x40 CMakeFiles/STM32_Mass.elf.dir/Middlewares/ST/STM32_USB_Device_Library/Core/Src/usbd_ctlreq.c.obj
 .text.USBD_GetStatus
                0x0800a8c8       0x38 CMakeFiles/STM32_Mass.elf.dir/Middlewares/ST/STM32_USB_Device_Library/Core/Src/usbd_ctlreq.c.obj
 .text.USBD_SetFeature
                0x0800a900       0x2a CMakeFiles/STM32_Mass.elf.dir/Middlewares/ST/STM32_USB_Device_Library/Core/Src/usbd_ctlreq.c.obj
 .text.USBD_ClrFeature
                0x0800a92a       0x26 CMakeFiles/STM32_Mass.elf.dir/Middlewares/ST/STM32_USB_Device_Library/Core/Src/usbd_ctlreq.c.obj
 .text.USBD_StdDevReq
                0x0800a950       0x76 CMakeFiles/STM32_Mass.elf.dir/Middlewares/ST/STM32_USB_Device_Library/Core/Src/usbd_ctlreq.c.obj
                0x0800a950                USBD_StdDevReq
 .text.USBD_StdItfReq
                0x0800a9c6       0x84 CMakeFiles/STM32_Mass.elf.dir/Middlewares/ST/STM32_USB_Device_Library/Core/Src/usbd_ctlreq.c.obj
                0x0800a9c6                USBD_StdItfReq
 .text.USBD_StdEPReq
                0x0800aa4a      0x232 CMakeFiles/STM32_Mass.elf.dir/Middlewares/ST/STM32_USB_Device_Library/Core/Src/usbd_ctlreq.c.obj
                0x0800aa4a                USBD_StdEPReq
 .text.USBD_GetString
                0x0800ac7c       0x3a CMakeFiles/STM32_Mass.elf.dir/Middlewares/ST/STM32_USB_Device_Library/Core/Src/usbd_ctlreq.c.obj
                0x0800ac7c                USBD_GetString
 .text.USBD_CtlSendData
                0x0800acb6       0x1a CMakeFiles/STM32_Mass.elf.dir/Middlewares/ST/STM32_USB_Device_Library/Core/Src/usbd_ioreq.c.obj
                0x0800acb6                USBD_CtlSendData
 .text.USBD_CtlContinueSendData
                0x0800acd0       0x10 CMakeFiles/STM32_Mass.elf.dir/Middlewares/ST/STM32_USB_Device_Library/Core/Src/usbd_ioreq.c.obj
                0x0800acd0                USBD_CtlContinueSendData
 .text.USBD_CtlContinueRx
                0x0800ace0       0x10 CMakeFiles/STM32_Mass.elf.dir/Middlewares/ST/STM32_USB_Device_Library/Core/Src/usbd_ioreq.c.obj
                0x0800ace0                USBD_CtlContinueRx
 .text.USBD_CtlSendStatus
                0x0800acf0       0x16 CMakeFiles/STM32_Mass.elf.dir/Middlewares/ST/STM32_USB_Device_Library/Core/Src/usbd_ioreq.c.obj
                0x0800acf0                USBD_CtlSendStatus
 .text.USBD_CtlReceiveStatus
                0x0800ad06       0x16 CMakeFiles/STM32_Mass.elf.dir/Middlewares/ST/STM32_USB_Device_Library/Core/Src/usbd_ioreq.c.obj
                0x0800ad06                USBD_CtlReceiveStatus
 .text.disk_status
                0x0800ad1c       0x18 CMakeFiles/STM32_Mass.elf.dir/Middlewares/Third_Party/FatFs/src/diskio.c.obj
                0x0800ad1c                disk_status
 .text.disk_initialize
                0x0800ad34       0x28 CMakeFiles/STM32_Mass.elf.dir/Middlewares/Third_Party/FatFs/src/diskio.c.obj
                0x0800ad34                disk_initialize
 .text.disk_read
                0x0800ad5c       0x18 CMakeFiles/STM32_Mass.elf.dir/Middlewares/Third_Party/FatFs/src/diskio.c.obj
                0x0800ad5c                disk_read
 .text.disk_write
                0x0800ad74       0x18 CMakeFiles/STM32_Mass.elf.dir/Middlewares/Third_Party/FatFs/src/diskio.c.obj
                0x0800ad74                disk_write
 .text.disk_ioctl
                0x0800ad8c       0x18 CMakeFiles/STM32_Mass.elf.dir/Middlewares/Third_Party/FatFs/src/diskio.c.obj
                0x0800ad8c                disk_ioctl
 .text.ld_word  0x0800ada4        0xa CMakeFiles/STM32_Mass.elf.dir/Middlewares/Third_Party/FatFs/src/ff.c.obj
 .text.ld_dword
                0x0800adae       0x16 CMakeFiles/STM32_Mass.elf.dir/Middlewares/Third_Party/FatFs/src/ff.c.obj
 .text.ld_qword
                0x0800adc4       0x44 CMakeFiles/STM32_Mass.elf.dir/Middlewares/Third_Party/FatFs/src/ff.c.obj
 .text.st_word  0x0800ae08        0x8 CMakeFiles/STM32_Mass.elf.dir/Middlewares/Third_Party/FatFs/src/ff.c.obj
 .text.st_dword
                0x0800ae10       0x14 CMakeFiles/STM32_Mass.elf.dir/Middlewares/Third_Party/FatFs/src/ff.c.obj
 .text.st_qword
                0x0800ae24       0x26 CMakeFiles/STM32_Mass.elf.dir/Middlewares/Third_Party/FatFs/src/ff.c.obj
 .text.mem_cpy  0x0800ae4a       0x14 CMakeFiles/STM32_Mass.elf.dir/Middlewares/Third_Party/FatFs/src/ff.c.obj
 .text.mem_set  0x0800ae5e        0xa CMakeFiles/STM32_Mass.elf.dir/Middlewares/Third_Party/FatFs/src/ff.c.obj
 .text.mem_cmp  0x0800ae68       0x1a CMakeFiles/STM32_Mass.elf.dir/Middlewares/Third_Party/FatFs/src/ff.c.obj
 .text.chk_chr  0x0800ae82       0x10 CMakeFiles/STM32_Mass.elf.dir/Middlewares/Third_Party/FatFs/src/ff.c.obj
 *fill*         0x0800ae92        0x2 
 .text.chk_lock
                0x0800ae94       0x7c CMakeFiles/STM32_Mass.elf.dir/Middlewares/Third_Party/FatFs/src/ff.c.obj
 .text.enq_lock
                0x0800af10       0x20 CMakeFiles/STM32_Mass.elf.dir/Middlewares/Third_Party/FatFs/src/ff.c.obj
 .text.inc_lock
                0x0800af30       0xa4 CMakeFiles/STM32_Mass.elf.dir/Middlewares/Third_Party/FatFs/src/ff.c.obj
 .text.dec_lock
                0x0800afd4       0x40 CMakeFiles/STM32_Mass.elf.dir/Middlewares/Third_Party/FatFs/src/ff.c.obj
 .text.clear_lock
                0x0800b014       0x3c CMakeFiles/STM32_Mass.elf.dir/Middlewares/Third_Party/FatFs/src/ff.c.obj
 .text.clust2sect
                0x0800b050       0x18 CMakeFiles/STM32_Mass.elf.dir/Middlewares/Third_Party/FatFs/src/ff.c.obj
 .text.clmt_clust
                0x0800b068       0x30 CMakeFiles/STM32_Mass.elf.dir/Middlewares/Third_Party/FatFs/src/ff.c.obj
 .text.ld_clust
                0x0800b098       0x26 CMakeFiles/STM32_Mass.elf.dir/Middlewares/Third_Party/FatFs/src/ff.c.obj
 .text.st_clust
                0x0800b0be       0x26 CMakeFiles/STM32_Mass.elf.dir/Middlewares/Third_Party/FatFs/src/ff.c.obj
 .text.pick_lfn
                0x0800b0e4       0x84 CMakeFiles/STM32_Mass.elf.dir/Middlewares/Third_Party/FatFs/src/ff.c.obj
 .text.put_lfn  0x0800b168       0x78 CMakeFiles/STM32_Mass.elf.dir/Middlewares/Third_Party/FatFs/src/ff.c.obj
 .text.gen_numname
                0x0800b1e0       0xa6 CMakeFiles/STM32_Mass.elf.dir/Middlewares/Third_Party/FatFs/src/ff.c.obj
 .text.sum_sfn  0x0800b286       0x20 CMakeFiles/STM32_Mass.elf.dir/Middlewares/Third_Party/FatFs/src/ff.c.obj
 .text.xdir_sum
                0x0800b2a6       0x32 CMakeFiles/STM32_Mass.elf.dir/Middlewares/Third_Party/FatFs/src/ff.c.obj
 .text.get_ldnumber
                0x0800b2d8       0x48 CMakeFiles/STM32_Mass.elf.dir/Middlewares/Third_Party/FatFs/src/ff.c.obj
 .text.validate
                0x0800b320       0x46 CMakeFiles/STM32_Mass.elf.dir/Middlewares/Third_Party/FatFs/src/ff.c.obj
 .text.sync_window
                0x0800b366       0x54 CMakeFiles/STM32_Mass.elf.dir/Middlewares/Third_Party/FatFs/src/ff.c.obj
 .text.move_window
                0x0800b3ba       0x36 CMakeFiles/STM32_Mass.elf.dir/Middlewares/Third_Party/FatFs/src/ff.c.obj
 .text.check_fs
                0x0800b3f0       0x8c CMakeFiles/STM32_Mass.elf.dir/Middlewares/Third_Party/FatFs/src/ff.c.obj
 .text.find_volume
                0x0800b47c      0x470 CMakeFiles/STM32_Mass.elf.dir/Middlewares/Third_Party/FatFs/src/ff.c.obj
 .text.find_bitmap
                0x0800b8ec       0x88 CMakeFiles/STM32_Mass.elf.dir/Middlewares/Third_Party/FatFs/src/ff.c.obj
 .text.change_bitmap
                0x0800b974       0x78 CMakeFiles/STM32_Mass.elf.dir/Middlewares/Third_Party/FatFs/src/ff.c.obj
 .text.put_fat  0x0800b9ec      0x128 CMakeFiles/STM32_Mass.elf.dir/Middlewares/Third_Party/FatFs/src/ff.c.obj
 .text.fill_last_frag
                0x0800bb14       0x30 CMakeFiles/STM32_Mass.elf.dir/Middlewares/Third_Party/FatFs/src/ff.c.obj
 .text.fill_first_frag
                0x0800bb44       0x32 CMakeFiles/STM32_Mass.elf.dir/Middlewares/Third_Party/FatFs/src/ff.c.obj
 .text.get_fat  0x0800bb76      0x162 CMakeFiles/STM32_Mass.elf.dir/Middlewares/Third_Party/FatFs/src/ff.c.obj
 .text.dir_sdi  0x0800bcd8       0xc0 CMakeFiles/STM32_Mass.elf.dir/Middlewares/Third_Party/FatFs/src/ff.c.obj
 .text.create_chain
                0x0800bd98      0x18e CMakeFiles/STM32_Mass.elf.dir/Middlewares/Third_Party/FatFs/src/ff.c.obj
 .text.remove_chain
                0x0800bf26       0xfe CMakeFiles/STM32_Mass.elf.dir/Middlewares/Third_Party/FatFs/src/ff.c.obj
 .text.dir_next
                0x0800c024      0x120 CMakeFiles/STM32_Mass.elf.dir/Middlewares/Third_Party/FatFs/src/ff.c.obj
 .text.load_xdir
                0x0800c144       0xf0 CMakeFiles/STM32_Mass.elf.dir/Middlewares/Third_Party/FatFs/src/ff.c.obj
 .text.load_obj_dir
                0x0800c234       0x32 CMakeFiles/STM32_Mass.elf.dir/Middlewares/Third_Party/FatFs/src/ff.c.obj
 .text.dir_read
                0x0800c266       0xe6 CMakeFiles/STM32_Mass.elf.dir/Middlewares/Third_Party/FatFs/src/ff.c.obj
 .text.dir_alloc
                0x0800c34c       0x68 CMakeFiles/STM32_Mass.elf.dir/Middlewares/Third_Party/FatFs/src/ff.c.obj
 .text.store_xdir
                0x0800c3b4       0x5e CMakeFiles/STM32_Mass.elf.dir/Middlewares/Third_Party/FatFs/src/ff.c.obj
 *fill*         0x0800c412        0x2 
 .text.create_name
                0x0800c414      0x234 CMakeFiles/STM32_Mass.elf.dir/Middlewares/Third_Party/FatFs/src/ff.c.obj
 .text.get_xdir_info
                0x0800c648       0xa2 CMakeFiles/STM32_Mass.elf.dir/Middlewares/Third_Party/FatFs/src/ff.c.obj
 .text.get_fileinfo
                0x0800c6ea      0x102 CMakeFiles/STM32_Mass.elf.dir/Middlewares/Third_Party/FatFs/src/ff.c.obj
 .text.xname_sum
                0x0800c7ec       0x38 CMakeFiles/STM32_Mass.elf.dir/Middlewares/Third_Party/FatFs/src/ff.c.obj
 .text.create_xdir
                0x0800c824       0x7e CMakeFiles/STM32_Mass.elf.dir/Middlewares/Third_Party/FatFs/src/ff.c.obj
 *fill*         0x0800c8a2        0x2 
 .text.cmp_lfn  0x0800c8a4       0xa0 CMakeFiles/STM32_Mass.elf.dir/Middlewares/Third_Party/FatFs/src/ff.c.obj
 .text.dir_find
                0x0800c944      0x172 CMakeFiles/STM32_Mass.elf.dir/Middlewares/Third_Party/FatFs/src/ff.c.obj
 .text.follow_path
                0x0800cab6       0xce CMakeFiles/STM32_Mass.elf.dir/Middlewares/Third_Party/FatFs/src/ff.c.obj
 .text.dir_register
                0x0800cb84      0x1fc CMakeFiles/STM32_Mass.elf.dir/Middlewares/Third_Party/FatFs/src/ff.c.obj
 .text.sync_fs  0x0800cd80       0x8c CMakeFiles/STM32_Mass.elf.dir/Middlewares/Third_Party/FatFs/src/ff.c.obj
 .text.f_mount  0x0800ce0c       0x60 CMakeFiles/STM32_Mass.elf.dir/Middlewares/Third_Party/FatFs/src/ff.c.obj
                0x0800ce0c                f_mount
 .text.f_open   0x0800ce6c      0x370 CMakeFiles/STM32_Mass.elf.dir/Middlewares/Third_Party/FatFs/src/ff.c.obj
                0x0800ce6c                f_open
 .text.f_read   0x0800d1dc      0x1e6 CMakeFiles/STM32_Mass.elf.dir/Middlewares/Third_Party/FatFs/src/ff.c.obj
                0x0800d1dc                f_read
 .text.f_write  0x0800d3c2      0x248 CMakeFiles/STM32_Mass.elf.dir/Middlewares/Third_Party/FatFs/src/ff.c.obj
                0x0800d3c2                f_write
 .text.f_sync   0x0800d60a      0x180 CMakeFiles/STM32_Mass.elf.dir/Middlewares/Third_Party/FatFs/src/ff.c.obj
                0x0800d60a                f_sync
 .text.f_close  0x0800d78a       0x2a CMakeFiles/STM32_Mass.elf.dir/Middlewares/Third_Party/FatFs/src/ff.c.obj
                0x0800d78a                f_close
 .text.f_opendir
                0x0800d7b4       0xee CMakeFiles/STM32_Mass.elf.dir/Middlewares/Third_Party/FatFs/src/ff.c.obj
                0x0800d7b4                f_opendir
 .text.f_readdir
                0x0800d8a2       0x6e CMakeFiles/STM32_Mass.elf.dir/Middlewares/Third_Party/FatFs/src/ff.c.obj
                0x0800d8a2                f_readdir
 .text.f_stat   0x0800d910       0x60 CMakeFiles/STM32_Mass.elf.dir/Middlewares/Third_Party/FatFs/src/ff.c.obj
                0x0800d910                f_stat
 .text.f_mkdir  0x0800d970      0x202 CMakeFiles/STM32_Mass.elf.dir/Middlewares/Third_Party/FatFs/src/ff.c.obj
                0x0800d970                f_mkdir
 *fill*         0x0800db72        0x2 
 .text.FATFS_LinkDriverEx
                0x0800db74       0x54 CMakeFiles/STM32_Mass.elf.dir/Middlewares/Third_Party/FatFs/src/ff_gen_drv.c.obj
                0x0800db74                FATFS_LinkDriverEx
 .text.FATFS_LinkDriver
                0x0800dbc8        0xa CMakeFiles/STM32_Mass.elf.dir/Middlewares/Third_Party/FatFs/src/ff_gen_drv.c.obj
                0x0800dbc8                FATFS_LinkDriver
 *fill*         0x0800dbd2        0x2 
 .text.ff_convert
                0x0800dbd4       0x3c CMakeFiles/STM32_Mass.elf.dir/Middlewares/Third_Party/FatFs/src/option/ccsbcs.c.obj
                0x0800dbd4                ff_convert
 .text.ff_wtoupper
                0x0800dc10       0x9c CMakeFiles/STM32_Mass.elf.dir/Middlewares/Third_Party/FatFs/src/option/ccsbcs.c.obj
                0x0800dc10                ff_wtoupper
 .text.ff_memalloc
                0x0800dcac        0x8 CMakeFiles/STM32_Mass.elf.dir/Middlewares/Third_Party/FatFs/src/option/syscall.c.obj
                0x0800dcac                ff_memalloc
 .text.ff_memfree
                0x0800dcb4        0x8 CMakeFiles/STM32_Mass.elf.dir/Middlewares/Third_Party/FatFs/src/option/syscall.c.obj
                0x0800dcb4                ff_memfree
 .text.MX_USB_DEVICE_Init
                0x0800dcbc       0x58 CMakeFiles/STM32_Mass.elf.dir/USB_DEVICE/App/usb_device.c.obj
                0x0800dcbc                MX_USB_DEVICE_Init
 .text.USBD_FS_DeviceDescriptor
                0x0800dd14        0xc CMakeFiles/STM32_Mass.elf.dir/USB_DEVICE/App/usbd_desc.c.obj
                0x0800dd14                USBD_FS_DeviceDescriptor
 .text.USBD_FS_LangIDStrDescriptor
                0x0800dd20        0xc CMakeFiles/STM32_Mass.elf.dir/USB_DEVICE/App/usbd_desc.c.obj
                0x0800dd20                USBD_FS_LangIDStrDescriptor
 .text.IntToUnicode
                0x0800dd2c       0x46 CMakeFiles/STM32_Mass.elf.dir/USB_DEVICE/App/usbd_desc.c.obj
 *fill*         0x0800dd72        0x2 
 .text.Get_SerialNum