Archive member included to satisfy reference by file (symbol)

e:/gcc-arm-none-eabi-10-2020-q4-major/bin/../lib/gcc/arm-none-eabi/10.2.1/thumb/v7e-m+fp/hard\libgcc.a(_aeabi_uldivmod.o)
                              CMakeFiles/STM32_Mass.elf.dir/Drivers/STM32H7xx_HAL_Driver/Src/stm32h7xx_hal_uart.c.obj (__aeabi_uldivmod)
e:/gcc-arm-none-eabi-10-2020-q4-major/bin/../lib/gcc/arm-none-eabi/10.2.1/thumb/v7e-m+fp/hard\libgcc.a(_udivmoddi4.o)
                              e:/gcc-arm-none-eabi-10-2020-q4-major/bin/../lib/gcc/arm-none-eabi/10.2.1/thumb/v7e-m+fp/hard\libgcc.a(_aeabi_uldivmod.o) (__udivmoddi4)
e:/gcc-arm-none-eabi-10-2020-q4-major/bin/../lib/gcc/arm-none-eabi/10.2.1/thumb/v7e-m+fp/hard\libgcc.a(_dvmd_tls.o)
                              e:/gcc-arm-none-eabi-10-2020-q4-major/bin/../lib/gcc/arm-none-eabi/10.2.1/thumb/v7e-m+fp/hard\libgcc.a(_aeabi_uldivmod.o) (__aeabi_ldiv0)
e:/gcc-arm-none-eabi-10-2020-q4-major/bin/../lib/gcc/arm-none-eabi/10.2.1/../../../../arm-none-eabi/lib/thumb/v7e-m+fp/hard\libc.a(lib_a-errno.o)
                              CMakeFiles/STM32_Mass.elf.dir/Core/Src/syscalls.c.obj (__errno)
e:/gcc-arm-none-eabi-10-2020-q4-major/bin/../lib/gcc/arm-none-eabi/10.2.1/../../../../arm-none-eabi/lib/thumb/v7e-m+fp/hard\libc.a(lib_a-exit.o)
                              e:/gcc-arm-none-eabi-10-2020-q4-major/bin/../lib/gcc/arm-none-eabi/10.2.1/../../../../arm-none-eabi/lib/thumb/v7e-m+fp/hard/crt0.o (exit)
e:/gcc-arm-none-eabi-10-2020-q4-major/bin/../lib/gcc/arm-none-eabi/10.2.1/../../../../arm-none-eabi/lib/thumb/v7e-m+fp/hard\libc.a(lib_a-impure.o)
                              e:/gcc-arm-none-eabi-10-2020-q4-major/bin/../lib/gcc/arm-none-eabi/10.2.1/../../../../arm-none-eabi/lib/thumb/v7e-m+fp/hard\libc.a(lib_a-exit.o) (_global_impure_ptr)
e:/gcc-arm-none-eabi-10-2020-q4-major/bin/../lib/gcc/arm-none-eabi/10.2.1/../../../../arm-none-eabi/lib/thumb/v7e-m+fp/hard\libc.a(lib_a-init.o)
                              e:/gcc-arm-none-eabi-10-2020-q4-major/bin/../lib/gcc/arm-none-eabi/10.2.1/../../../../arm-none-eabi/lib/thumb/v7e-m+fp/hard/crt0.o (__libc_init_array)
e:/gcc-arm-none-eabi-10-2020-q4-major/bin/../lib/gcc/arm-none-eabi/10.2.1/../../../../arm-none-eabi/lib/thumb/v7e-m+fp/hard\libc.a(lib_a-memcpy.o)
                              CMakeFiles/STM32_Mass.elf.dir/Middlewares/Third_Party/FreeRTOS/Source/queue.c.obj (memcpy)
e:/gcc-arm-none-eabi-10-2020-q4-major/bin/../lib/gcc/arm-none-eabi/10.2.1/../../../../arm-none-eabi/lib/thumb/v7e-m+fp/hard\libc.a(lib_a-memset.o)
                              e:/gcc-arm-none-eabi-10-2020-q4-major/bin/../lib/gcc/arm-none-eabi/10.2.1/../../../../arm-none-eabi/lib/thumb/v7e-m+fp/hard/crt0.o (memset)
e:/gcc-arm-none-eabi-10-2020-q4-major/bin/../lib/gcc/arm-none-eabi/10.2.1/../../../../arm-none-eabi/lib/thumb/v7e-m+fp/hard\libc.a(lib_a-sprintf.o)
                              CMakeFiles/STM32_Mass.elf.dir/FATFS/App/fatfs.c.obj (sprintf)
e:/gcc-arm-none-eabi-10-2020-q4-major/bin/../lib/gcc/arm-none-eabi/10.2.1/../../../../arm-none-eabi/lib/thumb/v7e-m+fp/hard\libc.a(lib_a-strlen.o)
                              CMakeFiles/STM32_Mass.elf.dir/FATFS/App/fatfs.c.obj (strlen)
e:/gcc-arm-none-eabi-10-2020-q4-major/bin/../lib/gcc/arm-none-eabi/10.2.1/../../../../arm-none-eabi/lib/thumb/v7e-m+fp/hard\libc.a(lib_a-svfprintf.o)
                              e:/gcc-arm-none-eabi-10-2020-q4-major/bin/../lib/gcc/arm-none-eabi/10.2.1/../../../../arm-none-eabi/lib/thumb/v7e-m+fp/hard\libc.a(lib_a-sprintf.o) (_svfprintf_r)
e:/gcc-arm-none-eabi-10-2020-q4-major/bin/../lib/gcc/arm-none-eabi/10.2.1/../../../../arm-none-eabi/lib/thumb/v7e-m+fp/hard\libc.a(lib_a-vsnprintf.o)
                              CMakeFiles/STM32_Mass.elf.dir/UserApp/retarget.c.obj (vsnprintf)
e:/gcc-arm-none-eabi-10-2020-q4-major/bin/../lib/gcc/arm-none-eabi/10.2.1/../../../../arm-none-eabi/lib/thumb/v7e-m+fp/hard\libc.a(lib_a-__call_atexit.o)
                              e:/gcc-arm-none-eabi-10-2020-q4-major/bin/../lib/gcc/arm-none-eabi/10.2.1/../../../../arm-none-eabi/lib/thumb/v7e-m+fp/hard\libc.a(lib_a-exit.o) (__call_exitprocs)
e:/gcc-arm-none-eabi-10-2020-q4-major/bin/../lib/gcc/arm-none-eabi/10.2.1/../../../../arm-none-eabi/lib/thumb/v7e-m+fp/hard\libc.a(lib_a-atexit.o)
                              e:/gcc-arm-none-eabi-10-2020-q4-major/bin/../lib/gcc/arm-none-eabi/10.2.1/../../../../arm-none-eabi/lib/thumb/v7e-m+fp/hard\libc.a(lib_a-__call_atexit.o) (atexit)
e:/gcc-arm-none-eabi-10-2020-q4-major/bin/../lib/gcc/arm-none-eabi/10.2.1/../../../../arm-none-eabi/lib/thumb/v7e-m+fp/hard\libc.a(lib_a-dtoa.o)
                              e:/gcc-arm-none-eabi-10-2020-q4-major/bin/../lib/gcc/arm-none-eabi/10.2.1/../../../../arm-none-eabi/lib/thumb/v7e-m+fp/hard\libc.a(lib_a-svfprintf.o) (_dtoa_r)
e:/gcc-arm-none-eabi-10-2020-q4-major/bin/../lib/gcc/arm-none-eabi/10.2.1/../../../../arm-none-eabi/lib/thumb/v7e-m+fp/hard\libc.a(lib_a-fini.o)
[...]
Memory Configuration

Name             Origin             Length             Attributes
FLASH            0x08000000         0x00020000         xr
DTCMRAM          0x20000000         0x00020000         xrw
RAM_D1           0x24000000         0x00080000         xrw
RAM_D2           0x30000000         0x00048000         xrw
RAM_D3           0x38000000         0x00010000         xrw
ITCMRAM          0x00000000         0x00010000         xrw
*default*        0x00000000         0xffffffff

Linker script and memory map

LOAD e:/gcc-arm-none-eabi-10-2020-q4-major/bin/../lib/gcc/arm-none-eabi/10.2.1/thumb/v7e-m+fp/hard/crti.o
LOAD e:/gcc-arm-none-eabi-10-2020-q4-major/bin/../lib/gcc/arm-none-eabi/10.2.1/thumb/v7e-m+fp/hard/crtbegin.o
LOAD e:/gcc-arm-none-eabi-10-2020-q4-major/bin/../lib/gcc/arm-none-eabi/10.2.1/../../../../arm-none-eabi/lib/thumb/v7e-m+fp/hard/crt0.o
LOAD CMakeFiles/STM32_Mass.elf.dir/Core/Src/freertos.c.obj
LOAD CMakeFiles/STM32_Mass.elf.dir/Core/Src/main.c.obj
LOAD CMakeFiles/STM32_Mass.elf.dir/Core/Src/stm32h7xx_hal_msp.c.obj
LOAD CMakeFiles/STM32_Mass.elf.dir/Core/Src/stm32h7xx_hal_timebase_tim.c.obj
LOAD CMakeFiles/STM32_Mass.elf.dir/Core/Src/stm32h7xx_it.c.obj
LOAD CMakeFiles/STM32_Mass.elf.dir/Core/Src/syscalls.c.obj
LOAD CMakeFiles/STM32_Mass.elf.dir/Core/Src/sysmem.c.obj
LOAD CMakeFiles/STM32_Mass.elf.dir/Core/Src/system_stm32h7xx.c.obj
LOAD CMakeFiles/STM32_Mass.elf.dir/Core/Startup/startup_stm32h750vbtx.s.obj
LOAD CMakeFiles/STM32_Mass.elf.dir/Drivers/STM32H7xx_HAL_Driver/Src/stm32h7xx_hal.c.obj
LOAD CMakeFiles/STM32_Mass.elf.dir/Drivers/STM32H7xx_HAL_Driver/Src/stm32h7xx_hal_cortex.c.obj
LOAD CMakeFiles/STM32_Mass.elf.dir/Drivers/STM32H7xx_HAL_Driver/Src/stm32h7xx_hal_crc.c.obj
LOAD CMakeFiles/STM32_Mass.elf.dir/Drivers/STM32H7xx_HAL_Driver/Src/stm32h7xx_hal_crc_ex.c.obj
LOAD CMakeFiles/STM32_Mass.elf.dir/Drivers/STM32H7xx_HAL_Driver/Src/stm32h7xx_hal_dma.c.obj
LOAD CMakeFiles/STM32_Mass.elf.dir/Drivers/STM32H7xx_HAL_Driver/Src/stm32h7xx_hal_dma_ex.c.obj
LOAD CMakeFiles/STM32_Mass.elf.dir/Drivers/STM32H7xx_HAL_Driver/Src/stm32h7xx_hal_exti.c.obj
LOAD CMakeFiles/STM32_Mass.elf.dir/Drivers/STM32H7xx_HAL_Driver/Src/stm32h7xx_hal_flash.c.obj
LOAD CMakeFiles/STM32_Mass.elf.dir/Drivers/STM32H7xx_HAL_Driver/Src/stm32h7xx_hal_flash_ex.c.obj
LOAD CMakeFiles/STM32_Mass.elf.dir/Drivers/STM32H7xx_HAL_Driver/Src/stm32h7xx_hal_gpio.c.obj
LOAD CMakeFiles/STM32_Mass.elf.dir/Drivers/STM32H7xx_HAL_Driver/Src/stm32h7xx_hal_hsem.c.obj
LOAD CMakeFiles/STM32_Mass.elf.dir/Drivers/STM32H7xx_HAL_Driver/Src/stm32h7xx_hal_i2c.c.obj
LOAD CMakeFiles/STM32_Mass.elf.dir/Drivers/STM32H7xx_HAL_Driver/Src/stm32h7xx_hal_i2c_ex.c.obj
LOAD CMakeFiles/STM32_Mass.elf.dir/Drivers/STM32H7xx_HAL_Driver/Src/stm32h7xx_hal_mdma.c.obj
LOAD CMakeFiles/STM32_Mass.elf.dir/Drivers/STM32H7xx_HAL_Driver/Src/stm32h7xx_hal_pcd.c.obj
LOAD CMakeFiles/STM32_Mass.elf.dir/Drivers/STM32H7xx_HAL_Driver/Src/stm32h7xx_hal_pcd_ex.c.obj
LOAD CMakeFiles/STM32_Mass.elf.dir/Drivers/STM32H7xx_HAL_Driver/Src/stm32h7xx_hal_pwr.c.obj
LOAD CMakeFiles/STM32_Mass.elf.dir/Drivers/STM32H7xx_HAL_Driver/Src/stm32h7xx_hal_pwr_ex.c.obj
LOAD CMakeFiles/STM32_Mass.elf.dir/Drivers/STM32H7xx_HAL_Driver/Src/stm32h7xx_hal_qspi.c.obj
LOAD CMakeFiles/STM32_Mass.elf.dir/Drivers/STM32H7xx_HAL_Driver/Src/stm32h7xx_hal_rcc.c.obj
LOAD CMakeFiles/STM32_Mass.elf.dir/Drivers/STM32H7xx_HAL_Driver/Src/stm32h7xx_hal_rcc_ex.c.obj
LOAD CMakeFiles/STM32_Mass.elf.dir/Drivers/STM32H7xx_HAL_Driver/Src/stm32h7xx_hal_sd.c.obj
LOAD CMakeFiles/STM32_Mass.elf.dir/Drivers/STM32H7xx_HAL_Driver/Src/stm32h7xx_hal_sd_ex.c.obj
LOAD CMakeFiles/STM32_Mass.elf.dir/Drivers/STM32H7xx_HAL_Driver/Src/stm32h7xx_hal_tim.c.obj
LOAD CMakeFiles/STM32_Mass.elf.dir/Drivers/STM32H7xx_HAL_Driver/Src/stm32h7xx_hal_tim_ex.c.obj
LOAD CMakeFiles/STM32_Mass.elf.dir/Drivers/STM32H7xx_HAL_Driver/Src/stm32h7xx_hal_uart.c.obj
LOAD CMakeFiles/STM32_Mass.elf.dir/Drivers/STM32H7xx_HAL_Driver/Src/stm32h7xx_hal_uart_ex.c.obj
LOAD CMakeFiles/STM32_Mass.elf.dir/Drivers/STM32H7xx_HAL_Driver/Src/stm32h7xx_ll_delayblock.c.obj
LOAD CMakeFiles/STM32_Mass.elf.dir/Drivers/STM32H7xx_HAL_Driver/Src/stm32h7xx_ll_sdmmc.c.obj
LOAD CMakeFiles/STM32_Mass.elf.dir/Drivers/STM32H7xx_HAL_Driver/Src/stm32h7xx_ll_usb.c.obj
LOAD CMakeFiles/STM32_Mass.elf.dir/FATFS/App/fatfs.c.obj
LOAD CMakeFiles/STM32_Mass.elf.dir/FATFS/Target/bsp_driver_sd.c.obj
LOAD CMakeFiles/STM32_Mass.elf.dir/FATFS/Target/fatfs_platform.c.obj
LOAD CMakeFiles/STM32_Mass.elf.dir/FATFS/Target/sd_diskio.c.obj
LOAD CMakeFiles/STM32_Mass.elf.dir/Middlewares/ST/STM32_USB_Device_Library/Class/MSC/Src/usbd_msc.c.obj
LOAD CMakeFiles/STM32_Mass.elf.dir/Middlewares/ST/STM32_USB_Device_Library/Class/MSC/Src/usbd_msc_bot.c.obj
LOAD CMakeFiles/STM32_Mass.elf.dir/Middlewares/ST/STM32_USB_Device_Library/Class/MSC/Src/usbd_msc_data.c.obj
LOAD CMakeFiles/STM32_Mass.elf.dir/Middlewares/ST/STM32_USB_Device_Library/Class/MSC/Src/usbd_msc_scsi.c.obj
LOAD CMakeFiles/STM32_Mass.elf.dir/Middlewares/ST/STM32_USB_Device_Library/Core/Src/usbd_core.c.obj
LOAD CMakeFiles/STM32_Mass.elf.dir/Middlewares/ST/STM32_USB_Device_Library/Core/Src/usbd_ctlreq.c.obj
LOAD CMakeFiles/STM32_Mass.elf.dir/Middlewares/ST/STM32_USB_Device_Library/Core/Src/usbd_ioreq.c.obj
LOAD CMakeFiles/STM32_Mass.elf.dir/Middlewares/Third_Party/FatFs/src/diskio.c.obj
LOAD CMakeFiles/STM32_Mass.elf.dir/Middlewares/Third_Party/FatFs/src/ff.c.obj
LOAD CMakeFiles/STM32_Mass.elf.dir/Middlewares/Third_Party/FatFs/src/ff_gen_drv.c.obj
LOAD CMakeFiles/STM32_Mass.elf.dir/Middlewares/Third_Party/FatFs/src/option/ccsbcs.c.obj
LOAD CMakeFiles/STM32_Mass.elf.dir/Middlewares/Third_Party/FatFs/src/option/syscall.c.obj
LOAD CMakeFiles/STM32_Mass.elf.dir/Middlewares/Third_Party/FreeRTOS/Source/CMSIS_RTOS/cmsis_os.c.obj
LOAD CMakeFiles/STM32_Mass.elf.dir/Middlewares/Third_Party/FreeRTOS/Source/croutine.c.obj
LOAD CMakeFiles/STM32_Mass.elf.dir/Middlewares/Third_Party/FreeRTOS/Source/event_groups.c.obj
LOAD CMakeFiles/STM32_Mass.elf.dir/Middlewares/Third_Party/FreeRTOS/Source/list.c.obj
LOAD CMakeFiles/STM32_Mass.elf.dir/Middlewares/Third_Party/FreeRTOS/Source/portable/GCC/ARM_CM4F/port.c.obj
LOAD CMakeFiles/STM32_Mass.elf.dir/Middlewares/Third_Party/FreeRTOS/Source/portable/MemMang/heap_4.c.obj
LOAD CMakeFiles/STM32_Mass.elf.dir/Middlewares/Third_Party/FreeRTOS/Source/queue.c.obj
LOAD CMakeFiles/STM32_Mass.elf.dir/Middlewares/Third_Party/FreeRTOS/Source/stream_buffer.c.obj
LOAD CMakeFiles/STM32_Mass.elf.dir/Middlewares/Third_Party/FreeRTOS/Source/tasks.c.obj
LOAD CMakeFiles/STM32_Mass.elf.dir/Middlewares/Third_Party/FreeRTOS/Source/timers.c.obj
LOAD CMakeFiles/STM32_Mass.elf.dir/USB_DEVICE/App/usb_device.c.obj
LOAD CMakeFiles/STM32_Mass.elf.dir/USB_DEVICE/App/usbd_desc.c.obj
LOAD CMakeFiles/STM32_Mass.elf.dir/USB_DEVICE/App/usbd_storage_if.c.obj
LOAD CMakeFiles/STM32_Mass.elf.dir/USB_DEVICE/Target/usbd_conf.c.obj
LOAD CMakeFiles/STM32_Mass.elf.dir/UserApp/retarget.c.obj
START GROUP
LOAD e:/gcc-arm-none-eabi-10-2020-q4-major/bin/../lib/gcc/arm-none-eabi/10.2.1/thumb/v7e-m+fp/hard\libgcc.a
LOAD e:/gcc-arm-none-eabi-10-2020-q4-major/bin/../lib/gcc/arm-none-eabi/10.2.1/../../../../arm-none-eabi/lib/thumb/v7e-m+fp/hard\libc.a
END GROUP
LOAD e:/gcc-arm-none-eabi-10-2020-q4-major/bin/../lib/gcc/arm-none-eabi/10.2.1/thumb/v7e-m+fp/hard/crtend.o
LOAD e:/gcc-arm-none-eabi-10-2020-q4-major/bin/../lib/gcc/arm-none-eabi/10.2.1/thumb/v7e-m+fp/hard/crtn.o
                0x24080000                _estack = (ORIGIN (RAM_D1) + LENGTH (RAM_D1))
                0x00002000                _Min_Heap_Size = 0x2000
                0x00002000                _Min_Stack_Size = 0x2000

.isr_vector     0x08000000      0x298
                0x08000000                . = ALIGN (0x4)
 *(.isr_vector)
 .isr_vector    0x08000000      0x298 CMakeFiles/STM32_Mass.elf.dir/Core/Startup/startup_stm32h750vbtx.s.obj
                0x08000000                g_pfnVectors
                0x08000298                . = ALIGN (0x4)

.text           0x080002c0    0x16114
                0x080002c0                . = ALIGN (0x4)
 *(.text)
 .text          0x080002c0       0x40 e:/gcc-arm-none-eabi-10-2020-q4-major/bin/../lib/gcc/arm-none-eabi/10.2.1/thumb/v7e-m+fp/hard/crtbegin.o
 .text          0x08000300       0x30 e:/gcc-arm-none-eabi-10-2020-q4-major/bin/../lib/gcc/arm-none-eabi/10.2.1/thumb/v7e-m+fp/hard\libgcc.a(_aeabi_uldivmod.o)
                0x08000300                __aeabi_uldivmod
 .text          0x08000330      0x2d0 e:/gcc-arm-none-eabi-10-2020-q4-major/bin/../lib/gcc/arm-none-eabi/10.2.1/thumb/v7e-m+fp/hard\libgcc.a(_udivmoddi4.o)
                0x08000330                __udivmoddi4
 .text          0x08000600        0x4 e:/gcc-arm-none-eabi-10-2020-q4-major/bin/../lib/gcc/arm-none-eabi/10.2.1/thumb/v7e-m+fp/hard\libgcc.a(_dvmd_tls.o)
                0x08000600                __aeabi_idiv0
                0x08000600                __aeabi_ldiv0
 .text          0x08000604      0x134 e:/gcc-arm-none-eabi-10-2020-q4-major/bin/../lib/gcc/arm-none-eabi/10.2.1/../../../../arm-none-eabi/lib/thumb/v7e-m+fp/hard\libc.a(lib_a-memcpy.o)
                0x08000604                memcpy
 *fill*         0x08000738        0x8 
 .text          0x08000740       0xdc e:/gcc-arm-none-eabi-10-2020-q4-major/bin/../lib/gcc/arm-none-eabi/10.2.1/../../../../arm-none-eabi/lib/thumb/v7e-m+fp/hard\libc.a(lib_a-strlen.o)
                0x08000740                strlen
 *fill*         0x0800081c        0x4 
 .text          0x08000820       0xa0 e:/gcc-arm-none-eabi-10-2020-q4-major/bin/../lib/gcc/arm-none-eabi/10.2.1/../../../../arm-none-eabi/lib/thumb/v7e-m+fp/hard\libc.a(lib_a-memchr.o)
                0x08000820                memchr
 .text          0x080008c0      0x378 e:/gcc-arm-none-eabi-10-2020-q4-major/bin/../lib/gcc/arm-none-eabi/10.2.1/thumb/v7e-m+fp/hard\libgcc.a(_arm_addsubdf3.o)
                0x080008c0                __aeabi_drsub
                0x080008c8                __aeabi_dsub
                0x080008c8                __subdf3
                0x080008cc                __aeabi_dadd
                0x080008cc                __adddf3
                0x08000b44                __floatunsidf
                0x08000b44                __aeabi_ui2d
                0x08000b64                __floatsidf
                0x08000b64                __aeabi_i2d
                0x08000b88                __aeabi_f2d
                0x08000b88                __extendsfdf2
                0x08000bcc                __floatundidf
                0x08000bcc                __aeabi_ul2d
                0x08000bdc                __floatdidf
                0x08000bdc                __aeabi_l2d
 .text          0x08000c38      0x424 e:/gcc-arm-none-eabi-10-2020-q4-major/bin/../lib/gcc/arm-none-eabi/10.2.1/thumb/v7e-m+fp/hard\libgcc.a(_arm_muldivdf3.o)
                0x08000c38                __aeabi_dmul
                0x08000c38                __muldf3
                0x08000e8c                __divdf3
                0x08000e8c                __aeabi_ddiv
 .text          0x0800105c      0x110 e:/gcc-arm-none-eabi-10-2020-q4-major/bin/../lib/gcc/arm-none-eabi/10.2.1/thumb/v7e-m+fp/hard\libgcc.a(_arm_cmpdf2.o)
                0x0800105c                __gtdf2
                0x0800105c                __gedf2
                0x08001064                __ltdf2
                0x08001064                __ledf2
                0x0800106c                __nedf2
                0x0800106c                __eqdf2
                0x0800106c                __cmpdf2
                0x080010e8                __aeabi_cdrcmple
                0x080010f8                __aeabi_cdcmpeq
                0x080010f8                __aeabi_cdcmple
                0x08001108                __aeabi_dcmpeq
                0x0800111c                __aeabi_dcmplt
                0x08001130                __aeabi_dcmple
                0x08001144                __aeabi_dcmpge
                0x08001158                __aeabi_dcmpgt
 .text          0x0800116c       0x2c e:/gcc-arm-none-eabi-10-2020-q4-major/bin/../lib/gcc/arm-none-eabi/10.2.1/thumb/v7e-m+fp/hard\libgcc.a(_arm_unorddf2.o)
                0x0800116c                __unorddf2
                0x0800116c                __aeabi_dcmpun
 .text          0x08001198       0x50 e:/gcc-arm-none-eabi-10-2020-q4-major/bin/../lib/gcc/arm-none-eabi/10.2.1/thumb/v7e-m+fp/hard\libgcc.a(_arm_fixdfsi.o)
                0x08001198                __aeabi_d2iz
                0x08001198                __fixdfsi
 *(.text*)
 .text.vApplicationGetIdleTaskMemory
                0x080011e8       0x18 CMakeFiles/STM32_Mass.elf.dir/Core/Src/freertos.c.obj
                0x080011e8                vApplicationGetIdleTaskMemory
 .text.FATFSTask
                0x08001200       0x7c CMakeFiles/STM32_Mass.elf.dir/Core/Src/freertos.c.obj
                0x08001200                FATFSTask
 .text.MX_SDMMC1_SD_Init
                0x0800127c       0x20 CMakeFiles/STM32_Mass.elf.dir/Core/Src/main.c.obj
 .text.MX_GPIO_Init
                0x0800129c      0x104 CMakeFiles/STM32_Mass.elf.dir/Core/Src/main.c.obj
 .text.StartDefaultTask
                0x080013a0       0xe0 CMakeFiles/STM32_Mass.elf.dir/Core/Src/main.c.obj
                0x080013a0                StartDefaultTask
 .text.HAL_TIM_PeriodElapsedCallback
                0x08001480       0x18 CMakeFiles/STM32_Mass.elf.dir/Core/Src/main.c.obj
                0x08001480                HAL_TIM_PeriodElapsedCallback
 .text.Error_Handler
                0x08001498        0x4 CMakeFiles/STM32_Mass.elf.dir/Core/Src/main.c.obj
                0x08001498                Error_Handler
 .text.MX_MDMA_Init
                0x0800149c       0x8c CMakeFiles/STM32_Mass.elf.dir/Core/Src/main.c.obj
 .text.MX_QUADSPI_Init
                0x08001528       0x34 CMakeFiles/STM32_Mass.elf.dir/Core/Src/main.c.obj
 .text.MX_USART1_UART_Init
                0x0800155c       0x60 CMakeFiles/STM32_Mass.elf.dir/Core/Src/main.c.obj
 .text.MX_CRC_Init
                0x080015bc       0x2c CMakeFiles/STM32_Mass.elf.dir/Core/Src/main.c.obj
 .text.SystemClock_Config
                0x080015e8      0x120 CMakeFiles/STM32_Mass.elf.dir/Core/Src/main.c.obj
                0x080015e8                SystemClock_Config
 .text.main     0x08001708       0x58 CMakeFiles/STM32_Mass.elf.dir/Core/Src/main.c.obj
                0x08001708                main
 .text.HAL_MspInit
                0x08001760       0x34 CMakeFiles/STM32_Mass.elf.dir/Core/Src/stm32h7xx_hal_msp.c.obj
                0x08001760                HAL_MspInit
 .text.HAL_CRC_MspInit
                0x08001794       0x30 CMakeFiles/STM32_Mass.elf.dir/Core/Src/stm32h7xx_hal_msp.c.obj
                0x08001794                HAL_CRC_MspInit
 .text.HAL_QSPI_MspInit
                0x080017c4      0x114 CMakeFiles/STM32_Mass.elf.dir/Core/Src/stm32h7xx_hal_msp.c.obj
                0x080017c4                HAL_QSPI_MspInit
 .text.HAL_SD_MspInit
                0x080018d8      0x11c CMakeFiles/STM32_Mass.elf.dir/Core/Src/stm32h7xx_hal_msp.c.obj
                0x080018d8                HAL_SD_MspInit
 .text.HAL_UART_MspInit
                0x080019f4       0x9c CMakeFiles/STM32_Mass.elf.dir/Core/Src/stm32h7xx_hal_msp.c.obj
                0x080019f4                HAL_UART_MspInit
 .text.HAL_InitTick
                0x08001a90       0x90 CMakeFiles/STM32_Mass.elf.dir/Core/Src/stm32h7xx_hal_timebase_tim.c.obj
                0x08001a90                HAL_InitTick
 .text.NMI_Handler
                0x08001b20        0x2 CMakeFiles/STM32_Mass.elf.dir/Core/Src/stm32h7xx_it.c.obj
                0x08001b20                NMI_Handler
 .text.HardFault_Handler
                0x08001b22        0x2 CMakeFiles/STM32_Mass.elf.dir/Core/Src/stm32h7xx_it.c.obj
                0x08001b22                HardFault_Handler
 .text.MemManage_Handler
                0x08001b24        0x2 CMakeFiles/STM32_Mass.elf.dir/Core/Src/stm32h7xx_it.c.obj
                0x08001b24                MemManage_Handler
 .text.BusFault_Handler
                0x08001b26        0x2 CMakeFiles/STM32_Mass.elf.dir/Core/Src/stm32h7xx_it.c.obj
                0x08001b26                BusFault_Handler
 .text.UsageFault_Handler
                0x08001b28        0x2 CMakeFiles/STM32_Mass.elf.dir/Core/Src/stm32h7xx_it.c.obj
                0x08001b28                UsageFault_Handler
 .text.DebugMon_Handler
                0x08001b2a        0x2 CMakeFiles/STM32_Mass.elf.dir/Core/Src/stm32h7xx_it.c.obj
                0x08001b2a                DebugMon_Handler
 .text.TIM1_UP_IRQHandler
                0x08001b2c       0x10 CMakeFiles/STM32_Mass.elf.dir/Core/Src/stm32h7xx_it.c.obj
                0x08001b2c                TIM1_UP_IRQHandler
 .text.SDMMC1_IRQHandler
                0x08001b3c       0x10 CMakeFiles/STM32_Mass.elf.dir/Core/Src/stm32h7xx_it.c.obj
                0x08001b3c                SDMMC1_IRQHandler
 .text.OTG_FS_IRQHandler
                0x08001b4c       0x10 CMakeFiles/STM32_Mass.elf.dir/Core/Src/stm32h7xx_it.c.obj
                0x08001b4c                OTG_FS_IRQHandler
 .text.MDMA_IRQHandler
                0x08001b5c       0x10 CMakeFiles/STM32_Mass.elf.dir/Core/Src/stm32h7xx_it.c.obj
                0x08001b5c                MDMA_IRQHandler
 .text._getpid  0x08001b6c        0x4 CMakeFiles/STM32_Mass.elf.dir/Core/Src/syscalls.c.obj
                0x08001b6c                _getpid
 .text._kill    0x08001b70       0x10 CMakeFiles/STM32_Mass.elf.dir/Core/Src/syscalls.c.obj
                0x08001b70                _kill
 .text._exit    0x08001b80        0xc CMakeFiles/STM32_Mass.elf.dir/Core/Src/syscalls.c.obj
                0x08001b80                _exit
 .text._read    0x08001b8c       0x20 CMakeFiles/STM32_Mass.elf.dir/Core/Src/syscalls.c.obj
                0x08001b8c                _read
 .text._write   0x08001bac       0x1c CMakeFiles/STM32_Mass.elf.dir/Core/Src/syscalls.c.obj
                0x08001bac                _write
 .text._close   0x08001bc8        0x6 CMakeFiles/STM32_Mass.elf.dir/Core/Src/syscalls.c.obj
                0x08001bc8                _close
 .text._fstat   0x08001bce        0xa CMakeFiles/STM32_Mass.elf.dir/Core/Src/syscalls.c.obj
                0x08001bce                _fstat
 .text._isatty  0x08001bd8        0x4 CMakeFiles/STM32_Mass.elf.dir/Core/Src/syscalls.c.obj
                0x08001bd8                _isatty
 .text._lseek   0x08001bdc        0x4 CMakeFiles/STM32_Mass.elf.dir/Core/Src/syscalls.c.obj
                0x08001bdc                _lseek
 .text._sbrk    0x08001be0       0x48 CMakeFiles/STM32_Mass.elf.dir/Core/Src/sysmem.c.obj
                0x08001be0                _sbrk
 .text.SystemInit
                0x08001c28       0xcc CMakeFiles/STM32_Mass.elf.dir/Core/Src/system_stm32h7xx.c.obj
                0x08001c28                SystemInit
 .text.Reset_Handler
                0x08001cf4       0x50 CMakeFiles/STM32_Mass.elf.dir/Core/Startup/startup_stm32h750vbtx.s.obj
                0x08001cf4                Reset_Handler
 .text.Default_Handler
                0x08001d44        0x2 CMakeFiles/STM32_Mass.elf.dir/Core/Startup/startup_stm32h750vbtx.s.obj
                0x08001d44                RTC_Alarm_IRQHandler
                0x08001d44                HASH_RNG_IRQHandler
                0x08001d44                EXTI2_IRQHandler
                0x08001d44                TIM8_CC_IRQHandler
                0x08001d44                HRTIM1_Master_IRQHandler
                0x08001d44                UART8_IRQHandler
                0x08001d44                SPI4_IRQHandler
                0x08001d44                TIM1_CC_IRQHandler
                0x08001d44                BDMA_Channel6_IRQHandler
                0x08001d44                DMA2_Stream5_IRQHandler
                0x08001d44                HRTIM1_FLT_IRQHandler
                0x08001d44                JPEG_IRQHandler
                0x08001d44                DMA1_Stream5_IRQHandler
                0x08001d44                BDMA_Channel1_IRQHandler
                0x08001d44                HRTIM1_TIMD_IRQHandler
                0x08001d44                TAMP_STAMP_IRQHandler
                0x08001d44                EXTI3_IRQHandler
                0x08001d44                LPTIM4_IRQHandler
                0x08001d44                TIM8_TRG_COM_TIM14_IRQHandler
                0x08001d44                LPTIM2_IRQHandler
                0x08001d44                DFSDM1_FLT1_IRQHandler
                0x08001d44                DMAMUX2_OVR_IRQHandler
                0x08001d44                TIM8_UP_TIM13_IRQHandler
                0x08001d44                I2C3_ER_IRQHandler
                0x08001d44                DFSDM1_FLT2_IRQHandler
                0x08001d44                LPTIM3_IRQHandler
                0x08001d44                HSEM1_IRQHandler
                0x08001d44                EXTI0_IRQHandler
                0x08001d44                I2C2_EV_IRQHandler
                0x08001d44                DMA1_Stream2_IRQHandler
                0x08001d44                FPU_IRQHandler
                0x08001d44                OTG_HS_WKUP_IRQHandler
                0x08001d44                FDCAN1_IT1_IRQHandler
                0x08001d44                LTDC_ER_IRQHandler
                0x08001d44                DMA2_Stream2_IRQHandler
                0x08001d44                HRTIM1_TIME_IRQHandler
                0x08001d44                SPI1_IRQHandler
                0x08001d44                TIM6_DAC_IRQHandler
                0x08001d44                DCMI_IRQHandler
                0x08001d44                HRTIM1_TIMC_IRQHandler
                0x08001d44                DMA2_Stream3_IRQHandler
                0x08001d44                SAI2_IRQHandler
                0x08001d44                DFSDM1_FLT3_IRQHandler
                0x08001d44                USART6_IRQHandler
                0x08001d44                TIM17_IRQHandler
                0x08001d44                USART3_IRQHandler
                0x08001d44                BDMA_Channel7_IRQHandler
                0x08001d44                CRYP_IRQHandler
                0x08001d44                LPTIM5_IRQHandler
                0x08001d44                UART5_IRQHandler
                0x08001d44                ADC3_IRQHandler
                0x08001d44                DMA2_Stream0_IRQHandler
                0x08001d44                TIM4_IRQHandler
                0x08001d44                BDMA_Channel2_IRQHandler
                0x08001d44                QUADSPI_IRQHandler
                0x08001d44                I2C1_EV_IRQHandler
                0x08001d44                DMA1_Stream6_IRQHandler
                0x08001d44                DMAMUX1_OVR_IRQHandler
                0x08001d44                DMA1_Stream1_IRQHandler
                0x08001d44                TIM16_IRQHandler
                0x08001d44                UART4_IRQHandler
                0x08001d44                BDMA_Channel5_IRQHandler
                0x08001d44                TIM3_IRQHandler
                0x08001d44                RCC_IRQHandler
                0x08001d44                TIM8_BRK_TIM12_IRQHandler
                0x08001d44                TIM1_TRG_COM_IRQHandler
                0x08001d44                Default_Handler
                0x08001d44                ECC_IRQHandler
                0x08001d44                CEC_IRQHandler
                0x08001d44                EXTI15_10_IRQHandler
                0x08001d44                BDMA_Channel0_IRQHandler
                0x08001d44                ADC_IRQHandler
                0x08001d44                DMA1_Stream7_IRQHandler
                0x08001d44                HRTIM1_TIMA_IRQHandler
                0x08001d44                SPI5_IRQHandler
                0x08001d44                TIM7_IRQHandler
                0x08001d44                TIM5_IRQHandler
                0x08001d44                DMA2_Stream7_IRQHandler
                0x08001d44                TIM15_IRQHandler
                0x08001d44                PVD_AVD_IRQHandler
                0x08001d44                I2C3_EV_IRQHandler
                0x08001d44                EXTI9_5_IRQHandler
                0x08001d44                RTC_WKUP_IRQHandler
                0x08001d44                LTDC_IRQHandler
                0x08001d44                SAI3_IRQHandler
                0x08001d44                ETH_WKUP_IRQHandler
                0x08001d44                SPDIF_RX_IRQHandler
                0x08001d44                SPI2_IRQHandler
                0x08001d44                OTG_HS_EP1_IN_IRQHandler
                0x08001d44                DMA1_Stream0_IRQHandler
                0x08001d44                CRS_IRQHandler
                0x08001d44                EXTI4_IRQHandler
                0x08001d44                HRTIM1_TIMB_IRQHandler
                0x08001d44                FDCAN2_IT1_IRQHandler
                0x08001d44                ETH_IRQHandler
                0x08001d44                BDMA_Channel4_IRQHandler
                0x08001d44                OTG_HS_EP1_OUT_IRQHandler
                0x08001d44                WWDG_IRQHandler
                0x08001d44                SPI6_IRQHandler
                0x08001d44                MDIOS_IRQHandler
                0x08001d44                I2C4_EV_IRQHandler
                0x08001d44                FDCAN2_IT0_IRQHandler
                0x08001d44                LPUART1_IRQHandler
                0x08001d44                FDCAN1_IT0_IRQHandler
                0x08001d44                TIM2_IRQHandler
                0x08001d44                OTG_FS_WKUP_IRQHandler
                0x08001d44                OTG_HS_IRQHandler
                0x08001d44                DMA2D_IRQHandler
                0x08001d44                TIM1_BRK_IRQHandler
                0x08001d44                EXTI1_IRQHandler
                0x08001d44                SDMMC2_IRQHandler
                0x08001d44                OTG_FS_EP1_OUT_IRQHandler
                0x08001d44                BDMA_Channel3_IRQHandler
                0x08001d44                UART7_IRQHandler
                0x08001d44                MDIOS_WKUP_IRQHandler
                0x08001d44                USART2_IRQHandler
                0x08001d44                DFSDM1_FLT0_IRQHandler
                0x08001d44                SAI4_IRQHandler
                0x08001d44                I2C2_ER_IRQHandler
                0x08001d44                DMA2_Stream1_IRQHandler
                0x08001d44                FLASH_IRQHandler
                0x08001d44                DMA2_Stream4_IRQHandler
                0x08001d44                USART1_IRQHandler
                0x08001d44                SPI3_IRQHandler
                0x08001d44                WAKEUP_PIN_IRQHandler
                0x08001d44                DMA1_Stream4_IRQHandler
                0x08001d44                OTG_FS_EP1_IN_IRQHandler
                0x08001d44                I2C1_ER_IRQHandler
                0x08001d44                FMC_IRQHandler
                0x08001d44                FDCAN_CAL_IRQHandler
                0x08001d44                SWPMI1_IRQHandler
                0x08001d44                COMP1_IRQHandler
                0x08001d44                LPTIM1_IRQHandler
                0x08001d44                I2C4_ER_IRQHandler
                0x08001d44                DMA2_Stream6_IRQHandler
                0x08001d44                SAI1_IRQHandler
                0x08001d44                DMA1_Stream3_IRQHandler
 *fill*         0x08001d46        0x2 
 .text.HAL_Init
                0x08001d48       0x5c CMakeFiles/STM32_Mass.elf.dir/Drivers/STM32H7xx_HAL_Driver/Src/stm32h7xx_hal.c.obj
                0x08001d48                HAL_Init
 .text.HAL_IncTick
                0x08001da4       0x18 CMakeFiles/STM32_Mass.elf.dir/Drivers/STM32H7xx_HAL_Driver/Src/stm32h7xx_hal.c.obj
                0x08001da4                HAL_IncTick
 .text.HAL_GetTick
                0x08001dbc        0xc CMakeFiles/STM32_Mass.elf.dir/Drivers/STM32H7xx_HAL_Driver/Src/stm32h7xx_hal.c.obj
                0x08001dbc                HAL_GetTick
 .text.HAL_Delay
                0x08001dc8       0x28 CMakeFiles/STM32_Mass.elf.dir/Drivers/STM32H7xx_HAL_Driver/Src/stm32h7xx_hal.c.obj
                0x08001dc8                HAL_Delay
 .text.HAL_GetREVID
                0x08001df0        0xc CMakeFiles/STM32_Mass.elf.dir/Drivers/STM32H7xx_HAL_Driver/Src/stm32h7xx_hal.c.obj
                0x08001df0                HAL_GetREVID
 .text.HAL_NVIC_SetPriorityGrouping
                0x08001dfc       0x24 CMakeFiles/STM32_Mass.elf.dir/Drivers/STM32H7xx_HAL_Driver/Src/stm32h7xx_hal_cortex.c.obj
                0x08001dfc                HAL_NVIC_SetPriorityGrouping
 .text.HAL_NVIC_SetPriority
                0x08001e20       0x6c CMakeFiles/STM32_Mass.elf.dir/Drivers/STM32H7xx_HAL_Driver/Src/stm32h7xx_hal_cortex.c.obj
                0x08001e20                HAL_NVIC_SetPriority
 .text.HAL_NVIC_EnableIRQ
                0x08001e8c       0x1c CMakeFiles/STM32_Mass.elf.dir/Drivers/STM32H7xx_HAL_Driver/Src/stm32h7xx_hal_cortex.c.obj
                0x08001e8c                HAL_NVIC_EnableIRQ
 .text.HAL_CRC_Init
                0x08001ea8       0x80 CMakeFiles/STM32_Mass.elf.dir/Drivers/STM32H7xx_HAL_Driver/Src/stm32h7xx_hal_crc.c.obj
                0x08001ea8                HAL_CRC_Init
 .text.HAL_CRCEx_Polynomial_Set
                0x08001f28       0x78 CMakeFiles/STM32_Mass.elf.dir/Drivers/STM32H7xx_HAL_Driver/Src/stm32h7xx_hal_crc_ex.c.obj
                0x08001f28                HAL_CRCEx_Polynomial_Set
 .text.HAL_GPIO_Init
                0x08001fa0      0x220 CMakeFiles/STM32_Mass.elf.dir/Drivers/STM32H7xx_HAL_Driver/Src/stm32h7xx_hal_gpio.c.obj
                0x08001fa0                HAL_GPIO_Init
 .text.HAL_GPIO_ReadPin
                0x080021c0        0xe CMakeFiles/STM32_Mass.elf.dir/Drivers/STM32H7xx_HAL_Driver/Src/stm32h7xx_hal_gpio.c.obj
                0x080021c0                HAL_GPIO_ReadPin
 .text.HAL_GPIO_WritePin
                0x080021ce        0xc CMakeFiles/STM32_Mass.elf.dir/Drivers/STM32H7xx_HAL_Driver/Src/stm32h7xx_hal_gpio.c.obj
                0x080021ce                HAL_GPIO_WritePin
 .text.HAL_GPIO_TogglePin
                0x080021da       0x12 CMakeFiles/STM32_Mass.elf.dir/Drivers/STM32H7xx_HAL_Driver/Src/stm32h7xx_hal_gpio.c.obj
                0x080021da                HAL_GPIO_TogglePin
 .text.MDMA_Init
                0x080021ec       0xb8 CMakeFiles/STM32_Mass.elf.dir/Drivers/STM32H7xx_HAL_Driver/Src/stm32h7xx_hal_mdma.c.obj
 .text.HAL_MDMA_Init
                0x080022a4       0x60 CMakeFiles/STM32_Mass.elf.dir/Drivers/STM32H7xx_HAL_Driver/Src/stm32h7xx_hal_mdma.c.obj
                0x080022a4                HAL_MDMA_Init
 .text.HAL_MDMA_ConfigPostRequestMask
                0x08002304       0x66 CMakeFiles/STM32_Mass.elf.dir/Drivers/STM32H7xx_HAL_Driver/Src/stm32h7xx_hal_mdma.c.obj
                0x08002304                HAL_MDMA_ConfigPostRequestMask
 *fill*         0x0800236a        0x2 
 .text.HAL_MDMA_IRQHandler
                0x0800236c      0x1b4 CMakeFiles/STM32_Mass.elf.dir/Drivers/STM32H7xx_HAL_Driver/Src/stm32h7xx_hal_mdma.c.obj
                0x0800236c                HAL_MDMA_IRQHandler
 .text.PCD_WriteEmptyTxFifo
                0x08002520       0xd0 CMakeFiles/STM32_Mass.elf.dir/Drivers/STM32H7xx_HAL_Driver/Src/stm32h7xx_hal_pcd.c.obj
 .text.HAL_PCD_Init
                0x080025f0      0x13c CMakeFiles/STM32_Mass.elf.dir/Drivers/STM32H7xx_HAL_Driver/Src/stm32h7xx_hal_pcd.c.obj
                0x080025f0                HAL_PCD_Init
 .text.HAL_PCD_Start
                0x0800272c       0x44 CMakeFiles/STM32_Mass.elf.dir/Drivers/STM32H7xx_HAL_Driver/Src/stm32h7xx_hal_pcd.c.obj
                0x0800272c                HAL_PCD_Start
 .text.PCD_EP_OutXfrComplete_int
                0x08002770      0x104 CMakeFiles/STM32_Mass.elf.dir/Drivers/STM32H7xx_HAL_Driver/Src/stm32h7xx_hal_pcd.c.obj
 .text.PCD_EP_OutSetupPacket_int
                0x08002874       0x50 CMakeFiles/STM32_Mass.elf.dir/Drivers/STM32H7xx_HAL_Driver/Src/stm32h7xx_hal_pcd.c.obj
 .text.HAL_PCD_SetAddress
                0x080028c4       0x28 CMakeFiles/STM32_Mass.elf.dir/Drivers/STM32H7xx_HAL_Driver/Src/stm32h7xx_hal_pcd.c.obj
                0x080028c4                HAL_PCD_SetAddress
 .text.HAL_PCD_EP_Open
                0x080028ec       0x8a CMakeFiles/STM32_Mass.elf.dir/Drivers/STM32H7xx_HAL_Driver/Src/stm32h7xx_hal_pcd.c.obj
                0x080028ec                HAL_PCD_EP_Open
 .text.HAL_PCD_EP_Close
                0x08002976       0x72 CMakeFiles/STM32_Mass.elf.dir/Drivers/STM32H7xx_HAL_Driver/Src/stm32h7xx_hal_pcd.c.obj
                0x08002976                HAL_PCD_EP_Close
 .text.HAL_PCD_EP_Receive
                0x080029e8       0x4a CMakeFiles/STM32_Mass.elf.dir/Drivers/STM32H7xx_HAL_Driver/Src/stm32h7xx_hal_pcd.c.obj
                0x080029e8                HAL_PCD_EP_Receive
 .text.HAL_PCD_EP_GetRxCount
                0x08002a32       0x12 CMakeFiles/STM32_Mass.elf.dir/Drivers/STM32H7xx_HAL_Driver/Src/stm32h7xx_hal_pcd.c.obj
                0x08002a32                HAL_PCD_EP_GetRxCount
 .text.HAL_PCD_EP_Transmit
                0x08002a44       0x4a CMakeFiles/STM32_Mass.elf.dir/Drivers/STM32H7xx_HAL_Driver/Src/stm32h7xx_hal_pcd.c.obj
                0x08002a44                HAL_PCD_EP_Transmit
 .text.HAL_PCD_EP_SetStall
                0x08002a8e       0x88 CMakeFiles/STM32_Mass.elf.dir/Drivers/STM32H7xx_HAL_Driver/Src/stm32h7xx_hal_pcd.c.obj
                0x08002a8e                HAL_PCD_EP_SetStall
 .text.HAL_PCD_EP_ClrStall
                0x08002b16       0x76 CMakeFiles/STM32_Mass.elf.dir/Drivers/STM32H7xx_HAL_Driver/Src/stm32h7xx_hal_pcd.c.obj
                0x08002b16                HAL_PCD_EP_ClrStall
 .text.HAL_PCD_EP_Abort
                0x08002b8c       0x34 CMakeFiles/STM32_Mass.elf.dir/Drivers/STM32H7xx_HAL_Driver/Src/stm32h7xx_hal_pcd.c.obj
                0x08002b8c                HAL_PCD_EP_Abort
 .text.HAL_PCD_IRQHandler
                0x08002bc0      0x606 CMakeFiles/STM32_Mass.elf.dir/Drivers/STM32H7xx_HAL_Driver/Src/stm32h7xx_hal_pcd.c.obj
                0x08002bc0                HAL_PCD_IRQHandler
 .text.HAL_PCD_EP_Flush
                0x080031c6       0x36 CMakeFiles/STM32_Mass.elf.dir/Drivers/STM32H7xx_HAL_Driver/Src/stm32h7xx_hal_pcd.c.obj
                0x080031c6                HAL_PCD_EP_Flush
 .text.HAL_PCDEx_SetTxFiFo
                0x080031fc       0x4c CMakeFiles/STM32_Mass.elf.dir/Drivers/STM32H7xx_HAL_Driver/Src/stm32h7xx_hal_pcd_ex.c.obj
                0x080031fc                HAL_PCDEx_SetTxFiFo
 .text.HAL_PCDEx_SetRxFiFo
                0x08003248        0x8 CMakeFiles/STM32_Mass.elf.dir/Drivers/STM32H7xx_HAL_Driver/Src/stm32h7xx_hal_pcd_ex.c.obj
                0x08003248                HAL_PCDEx_SetRxFiFo
 .text.HAL_PCDEx_ActivateLPM
                0x08003250       0x28 CMakeFiles/STM32_Mass.elf.dir/Drivers/STM32H7xx_HAL_Driver/Src/stm32h7xx_hal_pcd_ex.c.obj
                0x08003250                HAL_PCDEx_ActivateLPM
 .text.HAL_PCDEx_LPM_Callback
                0x08003278        0x2 CMakeFiles/STM32_Mass.elf.dir/Drivers/STM32H7xx_HAL_Driver/Src/stm32h7xx_hal_pcd_ex.c.obj
                0x08003278                HAL_PCDEx_LPM_Callback
 *fill*         0x0800327a        0x2 
 .text.HAL_PWREx_ConfigSupply
                0x0800327c       0x54 CMakeFiles/STM32_Mass.elf.dir/Drivers/STM32H7xx_HAL_Driver/Src/stm32h7xx_hal_pwr_ex.c.obj
                0x0800327c                HAL_PWREx_ConfigSupply
 .text.HAL_PWREx_EnableUSBVoltageDetector
                0x080032d0       0x10 CMakeFiles/STM32_Mass.elf.dir/Drivers/STM32H7xx_HAL_Driver/Src/stm32h7xx_hal_pwr_ex.c.obj
                0x080032d0                HAL_PWREx_EnableUSBVoltageDetector
 .text.QSPI_WaitFlagStateUntilTimeout
                0x080032e0       0x54 CMakeFiles/STM32_Mass.elf.dir/Drivers/STM32H7xx_HAL_Driver/Src/stm32h7xx_hal_qspi.c.obj
 .text.HAL_QSPI_SetTimeout
                0x08003334        0x4 CMakeFiles/STM32_Mass.elf.dir/Drivers/STM32H7xx_HAL_Driver/Src/stm32h7xx_hal_qspi.c.obj
                0x08003334                HAL_QSPI_SetTimeout
 .text.HAL_QSPI_Init
                0x08003338       0xa8 CMakeFiles/STM32_Mass.elf.dir/Drivers/STM32H7xx_HAL_Driver/Src/stm32h7xx_hal_qspi.c.obj
                0x08003338                HAL_QSPI_Init
 .text.HAL_RCC_OscConfig
                0x080033e0      0x6b4 CMakeFiles/STM32_Mass.elf.dir/Drivers/STM32H7xx_HAL_Driver/Src/stm32h7xx_hal_rcc.c.obj
                0x080033e0                HAL_RCC_OscConfig
 .text.HAL_RCC_GetSysClockFreq
                0x08003a94      0x1f4 CMakeFiles/STM32_Mass.elf.dir/Drivers/STM32H7xx_HAL_Driver/Src/stm32h7xx_hal_rcc.c.obj
                0x08003a94                HAL_RCC_GetSysClockFreq
 .text.HAL_RCC_ClockConfig
                0x08003c88      0x294 CMakeFiles/STM32_Mass.elf.dir/Drivers/STM32H7xx_HAL_Driver/Src/stm32h7xx_hal_rcc.c.obj
                0x08003c88                HAL_RCC_ClockConfig
 .text.HAL_RCC_GetHCLKFreq
                0x08003f1c       0x44 CMakeFiles/STM32_Mass.elf.dir/Drivers/STM32H7xx_HAL_Driver/Src/stm32h7xx_hal_rcc.c.obj
                0x08003f1c                HAL_RCC_GetHCLKFreq
 .text.HAL_RCC_GetPCLK1Freq
                0x08003f60       0x24 CMakeFiles/STM32_Mass.elf.dir/Drivers/STM32H7xx_HAL_Driver/Src/stm32h7xx_hal_rcc.c.obj
                0x08003f60                HAL_RCC_GetPCLK1Freq
 .text.HAL_RCC_GetPCLK2Freq
                0x08003f84       0x24 CMakeFiles/STM32_Mass.elf.dir/Drivers/STM32H7xx_HAL_Driver/Src/stm32h7xx_hal_rcc.c.obj
                0x08003f84                HAL_RCC_GetPCLK2Freq
 .text.HAL_RCC_GetClockConfig
                0x08003fa8       0x54 CMakeFiles/STM32_Mass.elf.dir/Drivers/STM32H7xx_HAL_Driver/Src/stm32h7xx_hal_rcc.c.obj
                0x08003fa8                HAL_RCC_GetClockConfig
 .text.RCCEx_PLL2_Config
                0x08003ffc      0x10c CMakeFiles/STM32_Mass.elf.dir/Drivers/STM32H7xx_HAL_Driver/Src/stm32h7xx_hal_rcc_ex.c.obj
 .text.RCCEx_PLL3_Config
                0x08004108      0x10c CMakeFiles/STM32_Mass.elf.dir/Drivers/STM32H7xx_HAL_Driver/Src/stm32h7xx_hal_rcc_ex.c.obj
 .text.HAL_RCCEx_PeriphCLKConfig
                0x08004214      0xa8c CMakeFiles/STM32_Mass.elf.dir/Drivers/STM32H7xx_HAL_Driver/Src/stm32h7xx_hal_rcc_ex.c.obj
                0x08004214                HAL_RCCEx_PeriphCLKConfig
 .text.HAL_RCCEx_GetD3PCLK1Freq
                0x08004ca0       0x24 CMakeFiles/STM32_Mass.elf.dir/Drivers/STM32H7xx_HAL_Driver/Src/stm32h7xx_hal_rcc_ex.c.obj
                0x08004ca0                HAL_RCCEx_GetD3PCLK1Freq
 .text.HAL_RCCEx_GetPLL2ClockFreq
                0x08004cc4      0x1f8 CMakeFiles/STM32_Mass.elf.dir/Drivers/STM32H7xx_HAL_Driver/Src/stm32h7xx_hal_rcc_ex.c.obj
                0x08004cc4                HAL_RCCEx_GetPLL2ClockFreq
 .text.HAL_RCCEx_GetPLL3ClockFreq
                0x08004ebc      0x1f8 CMakeFiles/STM32_Mass.elf.dir/Drivers/STM32H7xx_HAL_Driver/Src/stm32h7xx_hal_rcc_ex.c.obj
                0x08004ebc                HAL_RCCEx_GetPLL3ClockFreq
 .text.HAL_RCCEx_GetPLL1ClockFreq
                0x080050b4      0x1f8 CMakeFiles/STM32_Mass.elf.dir/Drivers/STM32H7xx_HAL_Driver/Src/stm32h7xx_hal_rcc_ex.c.obj
                0x080050b4                HAL_RCCEx_GetPLL1ClockFreq
 .text.HAL_RCCEx_GetPeriphCLKFreq
                0x080052ac      0x6d0 CMakeFiles/STM32_Mass.elf.dir/Drivers/STM32H7xx_HAL_Driver/Src/stm32h7xx_hal_rcc_ex.c.obj
                0x080052ac                HAL_RCCEx_GetPeriphCLKFreq
 .text.SD_PowerON
                0x0800597c       0xc4 CMakeFiles/STM32_Mass.elf.dir/Drivers/STM32H7xx_HAL_Driver/Src/stm32h7xx_hal_sd.c.obj
 .text.SD_Read_IT
                0x08005a40       0x3c CMakeFiles/STM32_Mass.elf.dir/Drivers/STM32H7xx_HAL_Driver/Src/stm32h7xx_hal_sd.c.obj
 .text.SD_Write_IT
                0x08005a7c       0x4c CMakeFiles/STM32_Mass.elf.dir/Drivers/STM32H7xx_HAL_Driver/Src/stm32h7xx_hal_sd.c.obj
 .text.SD_SendSDStatus
                0x08005ac8      0x108 CMakeFiles/STM32_Mass.elf.dir/Drivers/STM32H7xx_HAL_Driver/Src/stm32h7xx_hal_sd.c.obj
 .text.SD_FindSCR
                0x08005bd0      0x108 CMakeFiles/STM32_Mass.elf.dir/Drivers/STM32H7xx_HAL_Driver/Src/stm32h7xx_hal_sd.c.obj
 .text.SD_WideBus_Enable
                0x08005cd8       0x4e CMakeFiles/STM32_Mass.elf.dir/Drivers/STM32H7xx_HAL_Driver/Src/stm32h7xx_hal_sd.c.obj
 .text.SD_WideBus_Disable
                0x08005d26       0x4e CMakeFiles/STM32_Mass.elf.dir/Drivers/STM32H7xx_HAL_Driver/Src/stm32h7xx_hal_sd.c.obj
 .text.SD_SendStatus
                0x08005d74       0x2c CMakeFiles/STM32_Mass.elf.dir/Drivers/STM32H7xx_HAL_Driver/Src/stm32h7xx_hal_sd.c.obj
 .text.HAL_SD_ReadBlocks_DMA
                0x08005da0       0xe0 CMakeFiles/STM32_Mass.elf.dir/Drivers/STM32H7xx_HAL_Driver/Src/stm32h7xx_hal_sd.c.obj
                0x08005da0                HAL_SD_ReadBlocks_DMA
 .text.HAL_SD_WriteBlocks_DMA
                0x08005e80       0xe0 CMakeFiles/STM32_Mass.elf.dir/Drivers/STM32H7xx_HAL_Driver/Src/stm32h7xx_hal_sd.c.obj
                0x08005e80                HAL_SD_WriteBlocks_DMA
 .text.HAL_SD_GetState
                0x08005f60        0x6 CMakeFiles/STM32_Mass.elf.dir/Drivers/STM32H7xx_HAL_Driver/Src/stm32h7xx_hal_sd.c.obj
                0x08005f60                HAL_SD_GetState
 .text.HAL_SD_ErrorCallback
                0x08005f66        0x2 CMakeFiles/STM32_Mass.elf.dir/Drivers/STM32H7xx_HAL_Driver/Src/stm32h7xx_hal_sd.c.obj
                0x08005f66                HAL_SD_ErrorCallback
 .text.HAL_SD_GetCardCID
                0x08005f68       0x52 CMakeFiles/STM32_Mass.elf.dir/Drivers/STM32H7xx_HAL_Driver/Src/stm32h7xx_hal_sd.c.obj
                0x08005f68                HAL_SD_GetCardCID
 *fill*         0x08005fba        0x2 
 .text.HAL_SD_GetCardCSD
                0x08005fbc      0x1b8 CMakeFiles/STM32_Mass.elf.dir/Drivers/STM32H7xx_HAL_Driver/Src/stm32h7xx_hal_sd.c.obj
                0x08005fbc                HAL_SD_GetCardCSD
 .text.SD_InitCard
                0x08006174       0xfc CMakeFiles/STM32_Mass.elf.dir/Drivers/STM32H7xx_HAL_Driver/Src/stm32h7xx_hal_sd.c.obj
 .text.HAL_SD_InitCard
                0x08006270       0xcc CMakeFiles/STM32_Mass.elf.dir/Drivers/STM32H7xx_HAL_Driver/Src/stm32h7xx_hal_sd.c.obj
                0x08006270                HAL_SD_InitCard
 .text.HAL_SD_GetCardStatus
                0x0800633c       0xd0 CMakeFiles/STM32_Mass.elf.dir/Drivers/STM32H7xx_HAL_Driver/Src/stm32h7xx_hal_sd.c.obj
                0x0800633c                HAL_SD_GetCardStatus
 .text.HAL_SD_GetCardInfo
                0x0800640c       0x24 CMakeFiles/STM32_Mass.elf.dir/Drivers/STM32H7xx_HAL_Driver/Src/stm32h7xx_hal_sd.c.obj
                0x0800640c                HAL_SD_GetCardInfo
 .text.HAL_SD_ConfigWideBusOperation
                0x08006430      0x158 CMakeFiles/STM32_Mass.elf.dir/Drivers/STM32H7xx_HAL_Driver/Src/stm32h7xx_hal_sd.c.obj
                0x08006430                HAL_SD_ConfigWideBusOperation
 .text.HAL_SD_GetCardState
                0x08006588       0x22 CMakeFiles/STM32_Mass.elf.dir/Drivers/STM32H7xx_HAL_Driver/Src/stm32h7xx_hal_sd.c.obj
                0x08006588                HAL_SD_GetCardState
 .text.HAL_SD_Init
                0x080065aa       0xba CMakeFiles/STM32_Mass.elf.dir/Drivers/STM32H7xx_HAL_Driver/Src/stm32h7xx_hal_sd.c.obj
                0x080065aa                HAL_SD_Init
 .text.HAL_SDEx_Read_DMADoubleBuf0CpltCallback
                0x08006664        0x2 CMakeFiles/STM32_Mass.elf.dir/Drivers/STM32H7xx_HAL_Driver/Src/stm32h7xx_hal_sd.c.obj
                0x08006664                HAL_SDEx_Read_DMADoubleBuf0CpltCallback
 .text.HAL_SDEx_Read_DMADoubleBuf1CpltCallback
                0x08006666        0x2 CMakeFiles/STM32_Mass.elf.dir/Drivers/STM32H7xx_HAL_Driver/Src/stm32h7xx_hal_sd.c.obj
                0x08006666                HAL_SDEx_Read_DMADoubleBuf1CpltCallback
 .text.HAL_SDEx_Write_DMADoubleBuf0CpltCallback
                0x08006668        0x2 CMakeFiles/STM32_Mass.elf.dir/Drivers/STM32H7xx_HAL_Driver/Src/stm32h7xx_hal_sd.c.obj
                0x08006668                HAL_SDEx_Write_DMADoubleBuf0CpltCallback
 .text.HAL_SDEx_Write_DMADoubleBuf1CpltCallback
                0x0800666a        0x2 CMakeFiles/STM32_Mass.elf.dir/Drivers/STM32H7xx_HAL_Driver/Src/stm32h7xx_hal_sd.c.obj
                0x0800666a                HAL_SDEx_Write_DMADoubleBuf1CpltCallback
 .text.HAL_SD_IRQHandler
                0x0800666c      0x22c CMakeFiles/STM32_Mass.elf.dir/Drivers/STM32H7xx_HAL_Driver/Src/stm32h7xx_hal_sd.c.obj
                0x0800666c                HAL_SD_IRQHandler
 .text.HAL_TIM_Base_MspInit
                0x08006898        0x2 CMakeFiles/STM32_Mass.elf.dir/Drivers/STM32H7xx_HAL_Driver/Src/stm32h7xx_hal_tim.c.obj
                0x08006898                HAL_TIM_Base_MspInit
 *fill*         0x0800689a        0x2 
 .text.HAL_TIM_Base_Start_IT
                0x0800689c       0x90 CMakeFiles/STM32_Mass.elf.dir/Drivers/STM32H7xx_HAL_Driver/Src/stm32h7xx_hal_tim.c.obj
                0x0800689c                HAL_TIM_Base_Start_IT
 .text.HAL_TIM_OC_DelayElapsedCallback
                0x0800692c        0x2 CMakeFiles/STM32_Mass.elf.dir/Drivers/STM32H7xx_HAL_Driver/Src/stm32h7xx_hal_tim.c.obj
                0x0800692c                HAL_TIM_OC_DelayElapsedCallback
 .text.HAL_TIM_IC_CaptureCallback
                0x0800692e        0x2 CMakeFiles/STM32_Mass.elf.dir/Drivers/STM32H7xx_HAL_Driver/Src/stm32h7xx_hal_tim.c.obj
                0x0800692e                HAL_TIM_IC_CaptureCallback
 .text.HAL_TIM_PWM_PulseFinishedCallback
                0x08006930        0x2 CMakeFiles/STM32_Mass.elf.dir/Drivers/STM32H7xx_HAL_Driver/Src/stm32h7xx_hal_tim.c.obj
                0x08006930                HAL_TIM_PWM_PulseFinishedCallback
 .text.HAL_TIM_TriggerCallback
                0x08006932        0x2 CMakeFiles/STM32_Mass.elf.dir/Drivers/STM32H7xx_HAL_Driver/Src/stm32h7xx_hal_tim.c.obj
                0x08006932                HAL_TIM_TriggerCallback
 .text.HAL_TIM_IRQHandler
                0x08006934      0x19a CMakeFiles/STM32_Mass.elf.dir/Drivers/STM32H7xx_HAL_Driver/Src/stm32h7xx_hal_tim.c.obj
                0x08006934                HAL_TIM_IRQHandler
 *fill*         0x08006ace        0x2 
 .text.TIM_Base_SetConfig
                0x08006ad0      0x104 CMakeFiles/STM32_Mass.elf.dir/Drivers/STM32H7xx_HAL_Driver/Src/stm32h7xx_hal_tim.c.obj
                0x08006ad0                TIM_Base_SetConfig
 .text.HAL_TIM_Base_Init
                0x08006bd4       0x60 CMakeFiles/STM32_Mass.elf.dir/Drivers/STM32H7xx_HAL_Driver/Src/stm32h7xx_hal_tim.c.obj
                0x08006bd4                HAL_TIM_Base_Init
 .text.HAL_TIMEx_CommutCallback
                0x08006c34        0x2 CMakeFiles/STM32_Mass.elf.dir/Drivers/STM32H7xx_HAL_Driver/Src/stm32h7xx_hal_tim_ex.c.obj
                0x08006c34                HAL_TIMEx_CommutCallback
 .text.HAL_TIMEx_BreakCallback
                0x08006c36        0x2 CMakeFiles/STM32_Mass.elf.dir/Drivers/STM32H7xx_HAL_Driver/Src/stm32h7xx_hal_tim_ex.c.obj
                0x08006c36                HAL_TIMEx_BreakCallback
 .text.HAL_TIMEx_Break2Callback
                0x08006c38        0x2 CMakeFiles/STM32_Mass.elf.dir/Drivers/STM32H7xx_HAL_Driver/Src/stm32h7xx_hal_tim_ex.c.obj
                0x08006c38                HAL_TIMEx_Break2Callback
 *fill*         0x08006c3a        0x2 
 .text.UART_EndRxTransfer
                0x08006c3c       0x58 CMakeFiles/STM32_Mass.elf.dir/Drivers/STM32H7xx_HAL_Driver/Src/stm32h7xx_hal_uart.c.obj
 .text.UART_SetConfig
                0x08006c94      0x5f4 CMakeFiles/STM32_Mass.elf.dir/Drivers/STM32H7xx_HAL_Driver/Src/stm32h7xx_hal_uart.c.obj
                0x08006c94                UART_SetConfig
 .text.UART_AdvFeatureConfig
                0x08007288       0xca CMakeFiles/STM32_Mass.elf.dir/Drivers/STM32H7xx_HAL_Driver/Src/stm32h7xx_hal_uart.c.obj
                0x08007288                UART_AdvFeatureConfig
 .text.UART_WaitOnFlagUntilTimeout
                0x08007352       0x9a CMakeFiles/STM32_Mass.elf.dir/Drivers/STM32H7xx_HAL_Driver/Src/stm32h7xx_hal_uart.c.obj
                0x08007352                UART_WaitOnFlagUntilTimeout
 .text.HAL_UART_Transmit
                0x080073ec       0xd0 CMakeFiles/STM32_Mass.elf.dir/Drivers/STM32H7xx_HAL_Driver/Src/stm32h7xx_hal_uart.c.obj
                0x080073ec                HAL_UART_Transmit
 .text.UART_CheckIdleState
                0x080074bc       0xca CMakeFiles/STM32_Mass.elf.dir/Drivers/STM32H7xx_HAL_Driver/Src/stm32h7xx_hal_uart.c.obj
                0x080074bc                UART_CheckIdleState
 .text.HAL_UART_Init
                0x08007586       0x66 CMakeFiles/STM32_Mass.elf.dir/Drivers/STM32H7xx_HAL_Driver/Src/stm32h7xx_hal_uart.c.obj
                0x08007586                HAL_UART_Init
 .text.UARTEx_SetNbDataToProcess
                0x080075ec       0x4c CMakeFiles/STM32_Mass.elf.dir/Drivers/STM32H7xx_HAL_Driver/Src/stm32h7xx_hal_uart_ex.c.obj
 .text.HAL_UARTEx_DisableFifoMode
                0x08007638       0x3e CMakeFiles/STM32_Mass.elf.dir/Drivers/STM32H7xx_HAL_Driver/Src/stm32h7xx_hal_uart_ex.c.obj
                0x08007638                HAL_UARTEx_DisableFifoMode
 .text.HAL_UARTEx_SetTxFifoThreshold
                0x08007676       0x4a CMakeFiles/STM32_Mass.elf.dir/Drivers/STM32H7xx_HAL_Driver/Src/stm32h7xx_hal_uart_ex.c.obj
                0x08007676                HAL_UARTEx_SetTxFifoThreshold
 .text.HAL_UARTEx_SetRxFifoThreshold
                0x080076c0       0x4a CMakeFiles/STM32_Mass.elf.dir/Drivers/STM32H7xx_HAL_Driver/Src/stm32h7xx_hal_uart_ex.c.obj
                0x080076c0                HAL_UARTEx_SetRxFifoThreshold
 *fill*         0x0800770a        0x2 
 .text.SDMMC_GetCmdError
                0x0800770c       0x3c CMakeFiles/STM32_Mass.elf.dir/Drivers/STM32H7xx_HAL_Driver/Src/stm32h7xx_ll_sdmmc.c.obj
 .text.SDMMC_Init
                0x08007748       0x30 CMakeFiles/STM32_Mass.elf.dir/Drivers/STM32H7xx_HAL_Driver/Src/stm32h7xx_ll_sdmmc.c.obj
                0x08007748                SDMMC_Init
 .text.SDMMC_ReadFIFO
                0x08007778        0x6 CMakeFiles/STM32_Mass.elf.dir/Drivers/STM32H7xx_HAL_Driver/Src/stm32h7xx_ll_sdmmc.c.obj
                0x08007778                SDMMC_ReadFIFO
 .text.SDMMC_WriteFIFO
                0x0800777e        0xa CMakeFiles/STM32_Mass.elf.dir/Drivers/STM32H7xx_HAL_Driver/Src/stm32h7xx_ll_sdmmc.c.obj
                0x0800777e                SDMMC_WriteFIFO
 .text.SDMMC_PowerState_ON
                0x08007788        0xc CMakeFiles/STM32_Mass.elf.dir/Drivers/STM32H7xx_HAL_Driver/Src/stm32h7xx_ll_sdmmc.c.obj
                0x08007788                SDMMC_PowerState_ON
 .text.SDMMC_GetPowerState
                0x08007794        0x8 CMakeFiles/STM32_Mass.elf.dir/Drivers/STM32H7xx_HAL_Driver/Src/stm32h7xx_ll_sdmmc.c.obj
                0x08007794                SDMMC_GetPowerState
 .text.SDMMC_SendCommand
                0x0800779c       0x24 CMakeFiles/STM32_Mass.elf.dir/Drivers/STM32H7xx_HAL_Driver/Src/stm32h7xx_ll_sdmmc.c.obj
                0x0800779c                SDMMC_SendCommand
 .text.SDMMC_GetCommandResponse
                0x080077c0        0x6 CMakeFiles/STM32_Mass.elf.dir/Drivers/STM32H7xx_HAL_Driver/Src/stm32h7xx_ll_sdmmc.c.obj
                0x080077c0                SDMMC_GetCommandResponse
 .text.SDMMC_GetResponse
                0x080077c6        0x6 CMakeFiles/STM32_Mass.elf.dir/Drivers/STM32H7xx_HAL_Driver/Src/stm32h7xx_ll_sdmmc.c.obj
                0x080077c6                SDMMC_GetResponse
 .text.SDMMC_ConfigData
                0x080077cc       0x24 CMakeFiles/STM32_Mass.elf.dir/Drivers/STM32H7xx_HAL_Driver/Src/stm32h7xx_ll_sdmmc.c.obj
                0x080077cc                SDMMC_ConfigData
 .text.SDMMC_CmdGoIdleState
                0x080077f0       0x26 CMakeFiles/STM32_Mass.elf.dir/Drivers/STM32H7xx_HAL_Driver/Src/stm32h7xx_ll_sdmmc.c.obj
                0x080077f0                SDMMC_CmdGoIdleState
 *fill*         0x08007816        0x2 
 .text.SDMMC_GetCmdResp1
                0x08007818      0x160 CMakeFiles/STM32_Mass.elf.dir/Drivers/STM32H7xx_HAL_Driver/Src/stm32h7xx_ll_sdmmc.c.obj
                0x08007818                SDMMC_GetCmdResp1
 .text.SDMMC_CmdBlockLength
                0x08007978       0x32 CMakeFiles/STM32_Mass.elf.dir/Drivers/STM32H7xx_HAL_Driver/Src/stm32h7xx_ll_sdmmc.c.obj
                0x08007978                SDMMC_CmdBlockLength
 .text.SDMMC_CmdReadSingleBlock
                0x080079aa       0x32 CMakeFiles/STM32_Mass.elf.dir/Drivers/STM32H7xx_HAL_Driver/Src/stm32h7xx_ll_sdmmc.c.obj
                0x080079aa                SDMMC_CmdReadSingleBlock
 .text.SDMMC_CmdReadMultiBlock
                0x080079dc       0x32 CMakeFiles/STM32_Mass.elf.dir/Drivers/STM32H7xx_HAL_Driver/Src/stm32h7xx_ll_sdmmc.c.obj
                0x080079dc                SDMMC_CmdReadMultiBlock
 .text.SDMMC_CmdWriteSingleBlock
                0x08007a0e       0x32 CMakeFiles/STM32_Mass.elf.dir/Drivers/STM32H7xx_HAL_Driver/Src/stm32h7xx_ll_sdmmc.c.obj
                0x08007a0e                SDMMC_CmdWriteSingleBlock
 .text.SDMMC_CmdWriteMultiBlock
                0x08007a40       0x32 CMakeFiles/STM32_Mass.elf.dir/Drivers/STM32H7xx_HAL_Driver/Src/stm32h7xx_ll_sdmmc.c.obj
                0x08007a40                SDMMC_CmdWriteMultiBlock
 *fill*         0x08007a72        0x2 
 .text.SDMMC_CmdStopTransfer
                0x08007a74       0x58 CMakeFiles/STM32_Mass.elf.dir/Drivers/STM32H7xx_HAL_Driver/Src/stm32h7xx_ll_sdmmc.c.obj
                0x08007a74                SDMMC_CmdStopTransfer
 .text.SDMMC_CmdSelDesel
                0x08007acc       0x32 CMakeFiles/STM32_Mass.elf.dir/Drivers/STM32H7xx_HAL_Driver/Src/stm32h7xx_ll_sdmmc.c.obj
                0x08007acc                SDMMC_CmdSelDesel
 .text.SDMMC_CmdAppCommand
                0x08007afe       0x32 CMakeFiles/STM32_Mass.elf.dir/Drivers/STM32H7xx_HAL_Driver/Src/stm32h7xx_ll_sdmmc.c.obj
                0x08007afe                SDMMC_CmdAppCommand
 .text.SDMMC_CmdBusWidth
                0x08007b30       0x32 CMakeFiles/STM32_Mass.elf.dir/Drivers/STM32H7xx_HAL_Driver/Src/stm32h7xx_ll_sdmmc.c.obj
                0x08007b30                SDMMC_CmdBusWidth
 .text.SDMMC_CmdSendSCR
                0x08007b62       0x32 CMakeFiles/STM32_Mass.elf.dir/Drivers/STM32H7xx_HAL_Driver/Src/stm32h7xx_ll_sdmmc.c.obj
                0x08007b62                SDMMC_CmdSendSCR
 .text.SDMMC_CmdSendStatus
                0x08007b94       0x32 CMakeFiles/STM32_Mass.elf.dir/Drivers/STM32H7xx_HAL_Driver/Src/stm32h7xx_ll_sdmmc.c.obj
                0x08007b94                SDMMC_CmdSendStatus
 .text.SDMMC_CmdStatusRegister
                0x08007bc6       0x32 CMakeFiles/STM32_Mass.elf.dir/Drivers/STM32H7xx_HAL_Driver/Src/stm32h7xx_ll_sdmmc.c.obj
                0x08007bc6                SDMMC_CmdStatusRegister
 .text.SDMMC_GetCmdResp2
                0x08007bf8       0x60 CMakeFiles/STM32_Mass.elf.dir/Drivers/STM32H7xx_HAL_Driver/Src/stm32h7xx_ll_sdmmc.c.obj
                0x08007bf8                SDMMC_GetCmdResp2
 .text.SDMMC_CmdSendCID
                0x08007c58       0x2c CMakeFiles/STM32_Mass.elf.dir/Drivers/STM32H7xx_HAL_Driver/Src/stm32h7xx_ll_sdmmc.c.obj
                0x08007c58                SDMMC_CmdSendCID
 .text.SDMMC_CmdSendCSD
                0x08007c84       0x2c CMakeFiles/STM32_Mass.elf.dir/Drivers/STM32H7xx_HAL_Driver/Src/stm32h7xx_ll_sdmmc.c.obj
                0x08007c84                SDMMC_CmdSendCSD
 .text.SDMMC_GetCmdResp3
                0x08007cb0       0x50 CMakeFiles/STM32_Mass.elf.dir/Drivers/STM32H7xx_HAL_Driver/Src/stm32h7xx_ll_sdmmc.c.obj
                0x08007cb0                SDMMC_GetCmdResp3
 .text.SDMMC_CmdAppOperCommand
                0x08007d00       0x2c CMakeFiles/STM32_Mass.elf.dir/Drivers/STM32H7xx_HAL_Driver/Src/stm32h7xx_ll_sdmmc.c.obj
                0x08007d00                SDMMC_CmdAppOperCommand
 .text.SDMMC_GetCmdResp6
                0x08007d2c       0xa4 CMakeFiles/STM32_Mass.elf.dir/Drivers/STM32H7xx_HAL_Driver/Src/stm32h7xx_ll_sdmmc.c.obj
                0x08007d2c                SDMMC_GetCmdResp6
 .text.SDMMC_CmdSetRelAdd
                0x08007dd0       0x32 CMakeFiles/STM32_Mass.elf.dir/Drivers/STM32H7xx_HAL_Driver/Src/stm32h7xx_ll_sdmmc.c.obj
                0x08007dd0                SDMMC_CmdSetRelAdd
 *fill*         0x08007e02        0x2 
 .text.SDMMC_GetCmdResp7
                0x08007e04       0x64 CMakeFiles/STM32_Mass.elf.dir/Drivers/STM32H7xx_HAL_Driver/Src/stm32h7xx_ll_sdmmc.c.obj
                0x08007e04                SDMMC_GetCmdResp7
 .text.SDMMC_CmdOperCond
                0x08007e68       0x30 CMakeFiles/STM32_Mass.elf.dir/Drivers/STM32H7xx_HAL_Driver/Src/stm32h7xx_ll_sdmmc.c.obj
                0x08007e68                SDMMC_CmdOperCond
 .text.USB_CoreReset
                0x08007e98       0x50 CMakeFiles/STM32_Mass.elf.dir/Drivers/STM32H7xx_HAL_Driver/Src/stm32h7xx_ll_usb.c.obj
 .text.USB_CoreInit
                0x08007ee8       0x9c CMakeFiles/STM32_Mass.elf.dir/Drivers/STM32H7xx_HAL_Driver/Src/stm32h7xx_ll_usb.c.obj
                0x08007ee8                USB_CoreInit
 .text.USB_SetTurnaroundTime
                0x08007f84       0xe4 CMakeFiles/STM32_Mass.elf.dir/Drivers/STM32H7xx_HAL_Driver/Src/stm32h7xx_ll_usb.c.obj
                0x08007f84                USB_SetTurnaroundTime
 .text.USB_EnableGlobalInt
                0x08008068        0xc CMakeFiles/STM32_Mass.elf.dir/Drivers/STM32H7xx_HAL_Driver/Src/stm32h7xx_ll_usb.c.obj
                0x08008068                USB_EnableGlobalInt
 .text.USB_DisableGlobalInt
                0x08008074        0xc CMakeFiles/STM32_Mass.elf.dir/Drivers/STM32H7xx_HAL_Driver/Src/stm32h7xx_ll_usb.c.obj
                0x08008074                USB_DisableGlobalInt
 .text.USB_FlushTxFifo
                0x08008080       0x50 CMakeFiles/STM32_Mass.elf.dir/Drivers/STM32H7xx_HAL_Driver/Src/stm32h7xx_ll_usb.c.obj
                0x08008080                USB_FlushTxFifo
 .text.USB_FlushRxFifo
                0x080080d0       0x4c CMakeFiles/STM32_Mass.elf.dir/Drivers/STM32H7xx_HAL_Driver/Src/stm32h7xx_ll_usb.c.obj
                0x080080d0                USB_FlushRxFifo
 .text.USB_SetDevSpeed
                0x0800811c        0xe CMakeFiles/STM32_Mass.elf.dir/Drivers/STM32H7xx_HAL_Driver/Src/stm32h7xx_ll_usb.c.obj
                0x0800811c                USB_SetDevSpeed
 *fill*         0x0800812a        0x2 
 .text.USB_DevInit
                0x0800812c      0x188 CMakeFiles/STM32_Mass.elf.dir/Drivers/STM32H7xx_HAL_Driver/Src/stm32h7xx_ll_usb.c.obj
                0x0800812c                USB_DevInit
 .text.USB_GetDevSpeed
                0x080082b4       0x1e CMakeFiles/STM32_Mass.elf.dir/Drivers/STM32H7xx_HAL_Driver/Src/stm32h7xx_ll_usb.c.obj
                0x080082b4                USB_GetDevSpeed
 *fill*         0x080082d2        0x2 
 .text.USB_ActivateEndpoint
                0x080082d4       0x9c CMakeFiles/STM32_Mass.elf.dir/Drivers/STM32H7xx_HAL_Driver/Src/stm32h7xx_ll_usb.c.obj
                0x080082d4                USB_ActivateEndpoint
 .text.USB_DeactivateEndpoint
                0x08008370       0xe0 CMakeFiles/STM32_Mass.elf.dir/Drivers/STM32H7xx_HAL_Driver/Src/stm32h7xx_ll_usb.c.obj
                0x08008370                USB_DeactivateEndpoint
 .text.USB_EPStopXfer
                0x08008450       0xbe CMakeFiles/STM32_Mass.elf.dir/Drivers/STM32H7xx_HAL_Driver/Src/stm32h7xx_ll_usb.c.obj
                0x08008450                USB_EPStopXfer
 .text.USB_WritePacket
                0x0800850e       0x2e CMakeFiles/STM32_Mass.elf.dir/Drivers/STM32H7xx_HAL_Driver/Src/stm32h7xx_ll_usb.c.obj
                0x0800850e                USB_WritePacket
 .text.USB_EPStartXfer
                0x0800853c      0x23c CMakeFiles/STM32_Mass.elf.dir/Drivers/STM32H7xx_HAL_Driver/Src/stm32h7xx_ll_usb.c.obj
                0x0800853c                USB_EPStartXfer
 .text.USB_ReadPacket
                0x08008778       0x54 CMakeFiles/STM32_Mass.elf.dir/Drivers/STM32H7xx_HAL_Driver/Src/stm32h7xx_ll_usb.c.obj
                0x08008778                USB_ReadPacket
 .text.USB_EPSetStall
                0x080087cc       0x5a CMakeFiles/STM32_Mass.elf.dir/Drivers/STM32H7xx_HAL_Driver/Src/stm32h7xx_ll_usb.c.obj
                0x080087cc                USB_EPSetStall
 .text.USB_EPClearStall
                0x08008826       0x5c CMakeFiles/STM32_Mass.elf.dir/Drivers/STM32H7xx_HAL_Driver/Src/stm32h7xx_ll_usb.c.obj
                0x08008826                USB_EPClearStall
 .text.USB_SetDevAddress
                0x08008882       0x20 CMakeFiles/STM32_Mass.elf.dir/Drivers/STM32H7xx_HAL_Driver/Src/stm32h7xx_ll_usb.c.obj
                0x08008882                USB_SetDevAddress
 .text.USB_DevConnect
                0x080088a2       0x1c CMakeFiles/STM32_Mass.elf.dir/Drivers/STM32H7xx_HAL_Driver/Src/stm32h7xx_ll_usb.c.obj
                0x080088a2                USB_DevConnect
 .text.USB_DevDisconnect
                0x080088be       0x1c CMakeFiles/STM32_Mass.elf.dir/Drivers/STM32H7xx_HAL_Driver/Src/stm32h7xx_ll_usb.c.obj
                0x080088be                USB_DevDisconnect
 .text.USB_ReadInterrupts
                0x080088da        0x8 CMakeFiles/STM32_Mass.elf.dir/Drivers/STM32H7xx_HAL_Driver/Src/stm32h7xx_ll_usb.c.obj
                0x080088da                USB_ReadInterrupts
 .text.USB_ReadDevAllOutEpInterrupt
                0x080088e2       0x10 CMakeFiles/STM32_Mass.elf.dir/Drivers/STM32H7xx_HAL_Driver/Src/stm32h7xx_ll_usb.c.obj
                0x080088e2                USB_ReadDevAllOutEpInterrupt
 .text.USB_ReadDevAllInEpInterrupt
                0x080088f2       0x10 CMakeFiles/STM32_Mass.elf.dir/Drivers/STM32H7xx_HAL_Driver/Src/stm32h7xx_ll_usb.c.obj
                0x080088f2                USB_ReadDevAllInEpInterrupt
 .text.USB_ReadDevOutEPInterrupt
                0x08008902       0x12 CMakeFiles/STM32_Mass.elf.dir/Drivers/STM32H7xx_HAL_Driver/Src/stm32h7xx_ll_usb.c.obj
                0x08008902                USB_ReadDevOutEPInterrupt
 .text.USB_ReadDevInEPInterrupt
                0x08008914       0x28 CMakeFiles/STM32_Mass.elf.dir/Drivers/STM32H7xx_HAL_Driver/Src/stm32h7xx_ll_usb.c.obj
                0x08008914                USB_ReadDevInEPInterrupt
 .text.USB_GetMode
                0x0800893c        0x8 CMakeFiles/STM32_Mass.elf.dir/Drivers/STM32H7xx_HAL_Driver/Src/stm32h7xx_ll_usb.c.obj
                0x0800893c                USB_GetMode
 .text.USB_SetCurrentMode
                0x08008944       0x62 CMakeFiles/STM32_Mass.elf.dir/Drivers/STM32H7xx_HAL_Driver/Src/stm32h7xx_ll_usb.c.obj
                0x08008944                USB_SetCurrentMode
 *fill*         0x080089a6        0x2 
 .text.USB_ActivateSetup
                0x080089a8       0x20 CMakeFiles/STM32_Mass.elf.dir/Drivers/STM32H7xx_HAL_Driver/Src/stm32h7xx_ll_usb.c.obj
                0x080089a8                USB_ActivateSetup
 .text.USB_EP0_OutStart
                0x080089c8       0x60 CMakeFiles/STM32_Mass.elf.dir/Drivers/STM32H7xx_HAL_Driver/Src/stm32h7xx_ll_usb.c.obj
                0x080089c8                USB_EP0_OutStart
 .text.MX_FATFS_Init
                0x08008a28       0x1c CMakeFiles/STM32_Mass.elf.dir/FATFS/App/fatfs.c.obj
                0x08008a28                MX_FATFS_Init
 .text.get_fattime
                0x08008a44        0x4 CMakeFiles/STM32_Mass.elf.dir/FATFS/App/fatfs.c.obj
                0x08008a44                get_fattime
 .text.CreateNewFile
                0x08008a48       0x94 CMakeFiles/STM32_Mass.elf.dir/FATFS/App/fatfs.c.obj
                0x08008a48                CreateNewFile
 .text.ReadFileData
                0x08008adc       0x80 CMakeFiles/STM32_Mass.elf.dir/FATFS/App/fatfs.c.obj
                0x08008adc                ReadFileData
 .text.CreateDir
                0x08008b5c       0x5c CMakeFiles/STM32_Mass.elf.dir/FATFS/App/fatfs.c.obj
                0x08008b5c                CreateDir
 .text.ViewRootDir
                0x08008bb8       0xe4 CMakeFiles/STM32_Mass.elf.dir/FATFS/App/fatfs.c.obj
                0x08008bb8                ViewRootDir
 .text.BSP_SD_ReadBlocks_DMA
                0x08008c9c       0x18 CMakeFiles/STM32_Mass.elf.dir/FATFS/Target/bsp_driver_sd.c.obj
                0x08008c9c                BSP_SD_ReadBlocks_DMA
 .text.BSP_SD_WriteBlocks_DMA
                0x08008cb4       0x18 CMakeFiles/STM32_Mass.elf.dir/FATFS/Target/bsp_driver_sd.c.obj
                0x08008cb4                BSP_SD_WriteBlocks_DMA
 .text.BSP_SD_GetCardState
                0x08008ccc       0x14 CMakeFiles/STM32_Mass.elf.dir/FATFS/Target/bsp_driver_sd.c.obj
                0x08008ccc                BSP_SD_GetCardState
 .text.BSP_SD_GetCardInfo
                0x08008ce0       0x10 CMakeFiles/STM32_Mass.elf.dir/FATFS/Target/bsp_driver_sd.c.obj
                0x08008ce0                BSP_SD_GetCardInfo
 .text.HAL_SD_TxCpltCallback
                0x08008cf0        0x8 CMakeFiles/STM32_Mass.elf.dir/FATFS/Target/bsp_driver_sd.c.obj
                0x08008cf0                HAL_SD_TxCpltCallback
 .text.HAL_SD_RxCpltCallback
                0x08008cf8        0x8 CMakeFiles/STM32_Mass.elf.dir/FATFS/Target/bsp_driver_sd.c.obj
                0x08008cf8                HAL_SD_RxCpltCallback
 .text.BSP_SD_IsDetected
                0x08008d00       0x20 CMakeFiles/STM32_Mass.elf.dir/FATFS/Target/bsp_driver_sd.c.obj
                0x08008d00                BSP_SD_IsDetected
 .text.BSP_SD_Init
                0x08008d20       0x34 CMakeFiles/STM32_Mass.elf.dir/FATFS/Target/bsp_driver_sd.c.obj
                0x08008d20                BSP_SD_Init
 .text.BSP_PlatformIsDetected
                0x08008d54       0x18 CMakeFiles/STM32_Mass.elf.dir/FATFS/Target/fatfs_platform.c.obj
                0x08008d54                BSP_PlatformIsDetected
 .text.SD_CheckStatus
                0x08008d6c       0x24 CMakeFiles/STM32_Mass.elf.dir/FATFS/Target/sd_diskio.c.obj
 .text.SD_initialize
                0x08008d90       0x74 CMakeFiles/STM32_Mass.elf.dir/FATFS/Target/sd_diskio.c.obj
                0x08008d90                SD_initialize
 .text.SD_status
                0x08008e04        0x8 CMakeFiles/STM32_Mass.elf.dir/FATFS/Target/sd_diskio.c.obj
                0x08008e04                SD_status
 .text.SD_CheckStatusWithTimeout
                0x08008e0c       0x26 CMakeFiles/STM32_Mass.elf.dir/FATFS/Target/sd_diskio.c.obj
 *fill*         0x08008e32        0x2 
 .text.SD_read  0x08008e34       0x74 CMakeFiles/STM32_Mass.elf.dir/FATFS/Target/sd_diskio.c.obj
                0x08008e34                SD_read
 .text.SD_write
                0x08008ea8       0x74 CMakeFiles/STM32_Mass.elf.dir/FATFS/Target/sd_diskio.c.obj
                0x08008ea8                SD_write
 .text.SD_ioctl
                0x08008f1c       0x58 CMakeFiles/STM32_Mass.elf.dir/FATFS/Target/sd_diskio.c.obj
                0x08008f1c                SD_ioctl
 .text.BSP_SD_WriteCpltCallback
                0x08008f74       0x14 CMakeFiles/STM32_Mass.elf.dir/FATFS/Target/sd_diskio.c.obj
                0x08008f74                BSP_SD_WriteCpltCallback
 .text.BSP_SD_ReadCpltCallback
                0x08008f88       0x14 CMakeFiles/STM32_Mass.elf.dir/FATFS/Target/sd_diskio.c.obj
                0x08008f88                BSP_SD_ReadCpltCallback
 .text.USBD_MSC_GetDeviceQualifierDescriptor
                0x08008f9c        0xc CMakeFiles/STM32_Mass.elf.dir/Middlewares/ST/STM32_USB_Device_Library/Class/MSC/Src/usbd_msc.c.obj
                0x08008f9c                USBD_MSC_GetDeviceQualifierDescriptor
 .text.USBD_MSC_Init
                0x08008fa8       0xc8 CMakeFiles/STM32_Mass.elf.dir/Middlewares/ST/STM32_USB_Device_Library/Class/MSC/Src/usbd_msc.c.obj
                0x08008fa8                USBD_MSC_Init
 .text.USBD_MSC_DeInit
                0x08009070       0x74 CMakeFiles/STM32_Mass.elf.dir/Middlewares/ST/STM32_USB_Device_Library/Class/MSC/Src/usbd_msc.c.obj
                0x08009070                USBD_MSC_DeInit
 .text.USBD_MSC_Setup
                0x080090e4      0x144 CMakeFiles/STM32_Mass.elf.dir/Middlewares/ST/STM32_USB_Device_Library/Class/MSC/Src/usbd_msc.c.obj
                0x080090e4                USBD_MSC_Setup
 .text.USBD_MSC_DataIn
                0x08009228        0xa CMakeFiles/STM32_Mass.elf.dir/Middlewares/ST/STM32_USB_Device_Library/Class/MSC/Src/usbd_msc.c.obj
                0x08009228                USBD_MSC_DataIn
 .text.USBD_MSC_DataOut
                0x08009232        0xa CMakeFiles/STM32_Mass.elf.dir/Middlewares/ST/STM32_USB_Device_Library/Class/MSC/Src/usbd_msc.c.obj
                0x08009232                USBD_MSC_DataOut
 .text.USBD_MSC_GetHSCfgDesc
                0x0800923c       0x38 CMakeFiles/STM32_Mass.elf.dir/Middlewares/ST/STM32_USB_Device_Library/Class/MSC/Src/usbd_msc.c.obj
                0x0800923c                USBD_MSC_GetHSCfgDesc
 .text.USBD_MSC_GetFSCfgDesc
                0x08009274       0x38 CMakeFiles/STM32_Mass.elf.dir/Middlewares/ST/STM32_USB_Device_Library/Class/MSC/Src/usbd_msc.c.obj
                0x08009274                USBD_MSC_GetFSCfgDesc
 .text.USBD_MSC_GetOtherSpeedCfgDesc
                0x080092ac       0x38 CMakeFiles/STM32_Mass.elf.dir/Middlewares/ST/STM32_USB_Device_Library/Class/MSC/Src/usbd_msc.c.obj
                0x080092ac                USBD_MSC_GetOtherSpeedCfgDesc
 .text.USBD_MSC_RegisterStorage
                0x080092e4       0x16 CMakeFiles/STM32_Mass.elf.dir/Middlewares/ST/STM32_USB_Device_Library/Class/MSC/Src/usbd_msc.c.obj
                0x080092e4                USBD_MSC_RegisterStorage
 *fill*         0x080092fa        0x2 
 .text.MSC_BOT_SendData
                0x080092fc       0x3c CMakeFiles/STM32_Mass.elf.dir/Middlewares/ST/STM32_USB_Device_Library/Class/MSC/Src/usbd_msc_bot.c.obj
 .text.MSC_BOT_Abort
                0x08009338       0x5c CMakeFiles/STM32_Mass.elf.dir/Middlewares/ST/STM32_USB_Device_Library/Class/MSC/Src/usbd_msc_bot.c.obj
 .text.MSC_BOT_Init
                0x08009394       0x60 CMakeFiles/STM32_Mass.elf.dir/Middlewares/ST/STM32_USB_Device_Library/Class/MSC/Src/usbd_msc_bot.c.obj
                0x08009394                MSC_BOT_Init
 .text.MSC_BOT_Reset
                0x080093f4       0x44 CMakeFiles/STM32_Mass.elf.dir/Middlewares/ST/STM32_USB_Device_Library/Class/MSC/Src/usbd_msc_bot.c.obj
                0x080093f4                MSC_BOT_Reset
 .text.MSC_BOT_DeInit
                0x08009438       0x12 CMakeFiles/STM32_Mass.elf.dir/Middlewares/ST/STM32_USB_Device_Library/Class/MSC/Src/usbd_msc_bot.c.obj
                0x08009438                MSC_BOT_DeInit
 *fill*         0x0800944a        0x2 
 .text.MSC_BOT_SendCSW
                0x0800944c       0x4c CMakeFiles/STM32_Mass.elf.dir/Middlewares/ST/STM32_USB_Device_Library/Class/MSC/Src/usbd_msc_bot.c.obj
                0x0800944c                MSC_BOT_SendCSW
 .text.MSC_BOT_DataIn
                0x08009498       0x44 CMakeFiles/STM32_Mass.elf.dir/Middlewares/ST/STM32_USB_Device_Library/Class/MSC/Src/usbd_msc_bot.c.obj
                0x08009498                MSC_BOT_DataIn
 .text.MSC_BOT_CBW_Decode
                0x080094dc       0xb8 CMakeFiles/STM32_Mass.elf.dir/Middlewares/ST/STM32_USB_Device_Library/Class/MSC/Src/usbd_msc_bot.c.obj
 .text.MSC_BOT_DataOut
                0x08009594       0x3c CMakeFiles/STM32_Mass.elf.dir/Middlewares/ST/STM32_USB_Device_Library/Class/MSC/Src/usbd_msc_bot.c.obj
                0x08009594                MSC_BOT_DataOut
 .text.MSC_BOT_CplClrFeature
                0x080095d0       0x48 CMakeFiles/STM32_Mass.elf.dir/Middlewares/ST/STM32_USB_Device_Library/Class/MSC/Src/usbd_msc_bot.c.obj
                0x080095d0                MSC_BOT_CplClrFeature
 .text.SCSI_AllowPreventRemovable
                0x08009618       0x28 CMakeFiles/STM32_Mass.elf.dir/Middlewares/ST/STM32_USB_Device_Library/Class/MSC/Src/usbd_msc_scsi.c.obj
 .text.SCSI_UpdateBotData
                0x08009640       0x22 CMakeFiles/STM32_Mass.elf.dir/Middlewares/ST/STM32_USB_Device_Library/Class/MSC/Src/usbd_msc_scsi.c.obj
 *fill*         0x08009662        0x2 
 .text.SCSI_ModeSense6
                0x08009664       0x2c CMakeFiles/STM32_Mass.elf.dir/Middlewares/ST/STM32_USB_Device_Library/Class/MSC/Src/usbd_msc_scsi.c.obj
 .text.SCSI_ModeSense10
                0x08009690       0x2c CMakeFiles/STM32_Mass.elf.dir/Middlewares/ST/STM32_USB_Device_Library/Class/MSC/Src/usbd_msc_scsi.c.obj
 .text.SCSI_SenseCode
                0x080096bc       0x38 CMakeFiles/STM32_Mass.elf.dir/Middlewares/ST/STM32_USB_Device_Library/Class/MSC/Src/usbd_msc_scsi.c.obj
                0x080096bc                SCSI_SenseCode
 .text.SCSI_TestUnitReady
                0x080096f4       0x76 CMakeFiles/STM32_Mass.elf.dir/Middlewares/ST/STM32_USB_Device_Library/Class/MSC/Src/usbd_msc_scsi.c.obj
 .text.SCSI_RequestSense
                0x0800976a       0x92 CMakeFiles/STM32_Mass.elf.dir/Middlewares/ST/STM32_USB_Device_Library/Class/MSC/Src/usbd_msc_scsi.c.obj
 .text.SCSI_Inquiry
                0x080097fc       0xa4 CMakeFiles/STM32_Mass.elf.dir/Middlewares/ST/STM32_USB_Device_Library/Class/MSC/Src/usbd_msc_scsi.c.obj
 .text.SCSI_StartStopUnit
                0x080098a0       0x60 CMakeFiles/STM32_Mass.elf.dir/Middlewares/ST/STM32_USB_Device_Library/Class/MSC/Src/usbd_msc_scsi.c.obj
 .text.SCSI_ReadFormatCapacity
                0x08009900       0x94 CMakeFiles/STM32_Mass.elf.dir/Middlewares/ST/STM32_USB_Device_Library/Class/MSC/Src/usbd_msc_scsi.c.obj
 .text.SCSI_ReadCapacity10
                0x08009994       0x7a CMakeFiles/STM32_Mass.elf.dir/Middlewares/ST/STM32_USB_Device_Library/Class/MSC/Src/usbd_msc_scsi.c.obj
 .text.SCSI_ReadCapacity16
                0x08009a0e       0xbe CMakeFiles/STM32_Mass.elf.dir/Middlewares/ST/STM32_USB_Device_Library/Class/MSC/Src/usbd_msc_scsi.c.obj
 .text.SCSI_CheckAddressRange
                0x08009acc       0x32 CMakeFiles/STM32_Mass.elf.dir/Middlewares/ST/STM32_USB_Device_Library/Class/MSC/Src/usbd_msc_scsi.c.obj
 *fill*         0x08009afe        0x2 
 .text.SCSI_ProcessRead
                0x08009b00       0xb4 CMakeFiles/STM32_Mass.elf.dir/Middlewares/ST/STM32_USB_Device_Library/Class/MSC/Src/usbd_msc_scsi.c.obj
 .text.SCSI_Read10
                0x08009bb4       0xe6 CMakeFiles/STM32_Mass.elf.dir/Middlewares/ST/STM32_USB_Device_Library/Class/MSC/Src/usbd_msc_scsi.c.obj
 .text.SCSI_Read12
                0x08009c9a       0xf4 CMakeFiles/STM32_Mass.elf.dir/Middlewares/ST/STM32_USB_Device_Library/Class/MSC/Src/usbd_msc_scsi.c.obj
 *fill*         0x08009d8e        0x2 
 .text.SCSI_ProcessWrite
                0x08009d90       0xc4 CMakeFiles/STM32_Mass.elf.dir/Middlewares/ST/STM32_USB_Device_Library/Class/MSC/Src/usbd_msc_scsi.c.obj
 .text.SCSI_Write10
                0x08009e54      0x138 CMakeFiles/STM32_Mass.elf.dir/Middlewares/ST/STM32_USB_Device_Library/Class/MSC/Src/usbd_msc_scsi.c.obj
 .text.SCSI_Write12
                0x08009f8c      0x14c CMakeFiles/STM32_Mass.elf.dir/Middlewares/ST/STM32_USB_Device_Library/Class/MSC/Src/usbd_msc_scsi.c.obj
 .text.SCSI_Verify10
                0x0800a0d8       0x46 CMakeFiles/STM32_Mass.elf.dir/Middlewares/ST/STM32_USB_Device_Library/Class/MSC/Src/usbd_msc_scsi.c.obj
 .text.SCSI_ProcessCmd
                0x0800a11e       0xf8 CMakeFiles/STM32_Mass.elf.dir/Middlewares/ST/STM32_USB_Device_Library/Class/MSC/Src/usbd_msc_scsi.c.obj
                0x0800a11e                SCSI_ProcessCmd
 .text.USBD_Init
                0x0800a216       0x2e CMakeFiles/STM32_Mass.elf.dir/Middlewares/ST/STM32_USB_Device_Library/Core/Src/usbd_core.c.obj
                0x0800a216                USBD_Init
 .text.USBD_RegisterClass
                0x0800a244       0x34 CMakeFiles/STM32_Mass.elf.dir/Middlewares/ST/STM32_USB_Device_Library/Core/Src/usbd_core.c.obj
                0x0800a244                USBD_RegisterClass
 .text.USBD_Start
                0x0800a278        0x8 CMakeFiles/STM32_Mass.elf.dir/Middlewares/ST/STM32_USB_Device_Library/Core/Src/usbd_core.c.obj
                0x0800a278                USBD_Start
 .text.USBD_SetClassConfig
                0x0800a280       0x12 CMakeFiles/STM32_Mass.elf.dir/Middlewares/ST/STM32_USB_Device_Library/Core/Src/usbd_core.c.obj
                0x0800a280                USBD_SetClassConfig
 .text.USBD_ClrClassConfig
                0x0800a292       0x12 CMakeFiles/STM32_Mass.elf.dir/Middlewares/ST/STM32_USB_Device_Library/Core/Src/usbd_core.c.obj
                0x0800a292                USBD_ClrClassConfig
 .text.USBD_LL_SetupStage
                0x0800a2a4       0x58 CMakeFiles/STM32_Mass.elf.dir/Middlewares/ST/STM32_USB_Device_Library/Core/Src/usbd_core.c.obj
                0x0800a2a4                USBD_LL_SetupStage
 .text.USBD_LL_Reset
                0x0800a2fc       0x64 CMakeFiles/STM32_Mass.elf.dir/Middlewares/ST/STM32_USB_Device_Library/Core/Src/usbd_core.c.obj
                0x0800a2fc                USBD_LL_Reset
 .text.USBD_LL_SetSpeed
                0x0800a360        0x6 CMakeFiles/STM32_Mass.elf.dir/Middlewares/ST/STM32_USB_Device_Library/Core/Src/usbd_core.c.obj
                0x0800a360                USBD_LL_SetSpeed
 .text.USBD_LL_Suspend
                0x0800a366       0x1e CMakeFiles/STM32_Mass.elf.dir/Middlewares/ST/STM32_USB_Device_Library/Core/Src/usbd_core.c.obj
                0x0800a366                USBD_LL_Suspend
 .text.USBD_LL_Resume
                0x0800a384       0x1a CMakeFiles/STM32_Mass.elf.dir/Middlewares/ST/STM32_USB_Device_Library/Core/Src/usbd_core.c.obj
                0x0800a384                USBD_LL_Resume
 .text.USBD_LL_SOF
                0x0800a39e       0x22 CMakeFiles/STM32_Mass.elf.dir/Middlewares/ST/STM32_USB_Device_Library/Core/Src/usbd_core.c.obj
                0x0800a39e                USBD_LL_SOF
 .text.USBD_LL_IsoINIncomplete
                0x0800a3c0       0x2e CMakeFiles/STM32_Mass.elf.dir/Middlewares/ST/STM32_USB_Device_Library/Core/Src/usbd_core.c.obj
                0x0800a3c0                USBD_LL_IsoINIncomplete
 .text.USBD_LL_IsoOUTIncomplete
                0x0800a3ee       0x2e CMakeFiles/STM32_Mass.elf.dir/Middlewares/ST/STM32_USB_Device_Library/Core/Src/usbd_core.c.obj
                0x0800a3ee                USBD_LL_IsoOUTIncomplete
 .text.USBD_LL_DevConnected
                0x0800a41c        0x4 CMakeFiles/STM32_Mass.elf.dir/Middlewares/ST/STM32_USB_Device_Library/Core/Src/usbd_core.c.obj
                0x0800a41c                USBD_LL_DevConnected
 .text.USBD_LL_DevDisconnected
                0x0800a420       0x20 CMakeFiles/STM32_Mass.elf.dir/Middlewares/ST/STM32_USB_Device_Library/Core/Src/usbd_core.c.obj
                0x0800a420                USBD_LL_DevDisconnected
 .text.USBD_CoreFindIF
                0x0800a440        0x4 CMakeFiles/STM32_Mass.elf.dir/Middlewares/ST/STM32_USB_Device_Library/Core/Src/usbd_core.c.obj
                0x0800a440                USBD_CoreFindIF
 .text.USBD_CoreFindEP
                0x0800a444        0x4 CMakeFiles/STM32_Mass.elf.dir/Middlewares/ST/STM32_USB_Device_Library/Core/Src/usbd_core.c.obj
                0x0800a444                USBD_CoreFindEP
 .text.USBD_LL_DataOutStage
                0x0800a448       0xc6 CMakeFiles/STM32_Mass.elf.dir/Middlewares/ST/STM32_USB_Device_Library/Core/Src/usbd_core.c.obj
                0x0800a448                USBD_LL_DataOutStage
 .text.USBD_LL_DataInStage
                0x0800a50e       0xd6 CMakeFiles/STM32_Mass.elf.dir/Middlewares/ST/STM32_USB_Device_Library/Core/Src/usbd_core.c.obj
                0x0800a50e                USBD_LL_DataInStage
 .text.USBD_GetNextDesc
                0x0800a5e4        0xe CMakeFiles/STM32_Mass.elf.dir/Middlewares/ST/STM32_USB_Device_Library/Core/Src/usbd_core.c.obj
                0x0800a5e4                USBD_GetNextDesc
 .text.USBD_GetEpDesc
                0x0800a5f2       0x3e CMakeFiles/STM32_Mass.elf.dir/Middlewares/ST/STM32_USB_Device_Library/Core/Src/usbd_core.c.obj
                0x0800a5f2                USBD_GetEpDesc
 .text.USBD_GetLen
                0x0800a630       0x14 CMakeFiles/STM32_Mass.elf.dir/Middlewares/ST/STM32_USB_Device_Library/Core/Src/usbd_ctlreq.c.obj
 .text.USBD_ParseSetupRequest
                0x0800a644       0x28 CMakeFiles/STM32_Mass.elf.dir/Middlewares/ST/STM32_USB_Device_Library/Core/Src/usbd_ctlreq.c.obj
                0x0800a644                USBD_ParseSetupRequest
 .text.USBD_CtlError
                0x0800a66c       0x14 CMakeFiles/STM32_Mass.elf.dir/Middlewares/ST/STM32_USB_Device_Library/Core/Src/usbd_ctlreq.c.obj
                0x0800a66c                USBD_CtlError
 .text.USBD_GetDescriptor
                0x0800a680      0x18a CMakeFiles/STM32_Mass.elf.dir/Middlewares/ST/STM32_USB_Device_Library/Core/Src/usbd_ctlreq.c.obj
 .text.USBD_SetAddress
                0x0800a80a       0x50 CMakeFiles/STM32_Mass.elf.dir/Middlewares/ST/STM32_USB_Device_Library/Core/Src/usbd_ctlreq.c.obj
 *fill*         0x0800a85a        0x2 
 .text.USBD_SetConfig
                0x0800a85c       0xcc CMakeFiles/STM32_Mass.elf.dir/Middlewares/ST/STM32_USB_Device_Library/Core/Src/usbd_ctlreq.c.obj
 .text.USBD_GetConfig
                0x0800a928       0x40 CMakeFiles/STM32_Mass.elf.dir/Middlewares/ST/STM32_USB_Device_Library/Core/Src/usbd_ctlreq.c.obj
 .text.USBD_GetStatus
                0x0800a968       0x38 CMakeFiles/STM32_Mass.elf.dir/Middlewares/ST/STM32_USB_Device_Library/Core/Src/usbd_ctlreq.c.obj
 .text.USBD_SetFeature
                0x0800a9a0       0x2a CMakeFiles/STM32_Mass.elf.dir/Middlewares/ST/STM32_USB_Device_Library/Core/Src/usbd_ctlreq.c.obj
 .text.USBD_ClrFeature
                0x0800a9ca       0x26 CMakeFiles/STM32_Mass.elf.dir/Middlewares/ST/STM32_USB_Device_Library/Core/Src/usbd_ctlreq.c.obj
 .text.USBD_StdDevReq
                0x0800a9f0       0x76 CMakeFiles/STM32_Mass.elf.dir/Middlewares/ST/STM32_USB_Device_Library/Core/Src/usbd_ctlreq.c.obj
                0x0800a9f0                USBD_StdDevReq
 .text.USBD_StdItfReq
                0x0800aa66       0x84 CMakeFiles/STM32_Mass.elf.dir/Middlewares/ST/STM32_USB_Device_Library/Core/Src/usbd_ctlreq.c.obj
                0x0800aa66                USBD_StdItfReq
 .text.USBD_StdEPReq
                0x0800aaea      0x232 CMakeFiles/STM32_Mass.elf.dir/Middlewares/ST/STM32_USB_Device_Library/Core/Src/usbd_ctlreq.c.obj
                0x0800aaea                USBD_StdEPReq
 .text.USBD_GetString
                0x0800ad1c       0x3a CMakeFiles/STM32_Mass.elf.dir/Middlewares/ST/STM32_USB_Device_Library/Core/Src/usbd_ctlreq.c.obj
                0x0800ad1c                USBD_GetString
 .text.USBD_CtlSendData
                0x0800ad56       0x1a CMakeFiles/STM32_Mass.elf.dir/Middlewares/ST/STM32_USB_Device_Library/Core/Src/usbd_ioreq.c.obj
                0x0800ad56                USBD_CtlSendData
 .text.USBD_CtlContinueSendData
                0x0800ad70       0x10 CMakeFiles/STM32_Mass.elf.dir/Middlewares/ST/STM32_USB_Device_Library/Core/Src/usbd_ioreq.c.obj
                0x0800ad70                USBD_CtlContinueSendData
 .text.USBD_CtlContinueRx
                0x0800ad80       0x10 CMakeFiles/STM32_Mass.elf.dir/Middlewares/ST/STM32_USB_Device_Library/Core/Src/usbd_ioreq.c.obj
                0x0800ad80                USBD_CtlContinueRx
 .text.USBD_CtlSendStatus
                0x0800ad90       0x16 CMakeFiles/STM32_Mass.elf.dir/Middlewares/ST/STM32_USB_Device_Library/Core/Src/usbd_ioreq.c.obj
                0x0800ad90                USBD_CtlSendStatus
 .text.USBD_CtlReceiveStatus
                0x0800ada6       0x16 CMakeFiles/STM32_Mass.elf.dir/Middlewares/ST/STM32_USB_Device_Library/Core/Src/usbd_ioreq.c.obj
                0x0800ada6                USBD_CtlReceiveStatus
 .text.disk_status
                0x0800adbc       0x18 CMakeFiles/STM32_Mass.elf.dir/Middlewares/Third_Party/FatFs/src/diskio.c.obj
                0x0800adbc                disk_status
 .text.disk_initialize
                0x0800add4       0x28 CMakeFiles/STM32_Mass.elf.dir/Middlewares/Third_Party/FatFs/src/diskio.c.obj
                0x0800add4                disk_initialize
 .text.disk_read
                0x0800adfc       0x18 CMakeFiles/STM32_Mass.elf.dir/Middlewares/Third_Party/FatFs/src/diskio.c.obj
                0x0800adfc                disk_read
 .text.disk_write
                0x0800ae14       0x18 CMakeFiles/STM32_Mass.elf.dir/Middlewares/Third_Party/FatFs/src/diskio.c.obj
                0x0800ae14                disk_write
 .text.disk_ioctl
                0x0800ae2c       0x18 CMakeFiles/STM32_Mass.elf.dir/Middlewares/Third_Party/FatFs/src/diskio.c.obj
                0x0800ae2c                disk_ioctl
 .text.ld_word  0x0800ae44        0xa CMakeFiles/STM32_Mass.elf.dir/Middlewares/Third_Party/FatFs/src/ff.c.obj
 .text.ld_dword
                0x0800ae4e       0x16 CMakeFiles/STM32_Mass.elf.dir/Middlewares/Third_Party/FatFs/src/ff.c.obj
 .text.ld_qword
                0x0800ae64       0x44 CMakeFiles/STM32_Mass.elf.dir/Middlewares/Third_Party/FatFs/src/ff.c.obj
 .text.st_word  0x0800aea8        0x8 CMakeFiles/STM32_Mass.elf.dir/Middlewares/Third_Party/FatFs/src/ff.c.obj
 .text.st_dword
                0x0800aeb0       0x14 CMakeFiles/STM32_Mass.elf.dir/Middlewares/Third_Party/FatFs/src/ff.c.obj
 .text.st_qword
                0x0800aec4       0x26 CMakeFiles/STM32_Mass.elf.dir/Middlewares/Third_Party/FatFs/src/ff.c.obj
 .text.mem_cpy  0x0800aeea       0x14 CMakeFiles/STM32_Mass.elf.dir/Middlewares/Third_Party/FatFs/src/ff.c.obj
 .text.mem_set  0x0800aefe        0xa CMakeFiles/STM32_Mass.elf.dir/Middlewares/Third_Party/FatFs/src/ff.c.obj
 .text.mem_cmp  0x0800af08       0x1a CMakeFiles/STM32_Mass.elf.dir/Middlewares/Third_Party/FatFs/src/ff.c.obj
 .text.chk_chr  0x0800af22       0x10 CMakeFiles/STM32_Mass.elf.dir/Middlewares/Third_Party/FatFs/src/ff.c.obj
 *fill*         0x0800af32        0x2 
 .text.chk_lock
                0x0800af34       0x7c CMakeFiles/STM32_Mass.elf.dir/Middlewares/Third_Party/FatFs/src/ff.c.obj
 .text.enq_lock
                0x0800afb0       0x20 CMakeFiles/STM32_Mass.elf.dir/Middlewares/Third_Party/FatFs/src/ff.c.obj
 .text.inc_lock
                0x0800afd0       0xa4 CMakeFiles/STM32_Mass.elf.dir/Middlewares/Third_Party/FatFs/src/ff.c.obj
 .text.dec_lock
                0x0800b074       0x40 CMakeFiles/STM32_Mass.elf.dir/Middlewares/Third_Party/FatFs/src/ff.c.obj
 .text.clear_lock
                0x0800b0b4       0x3c CMakeFiles/STM32_Mass.elf.dir/Middlewares/Third_Party/FatFs/src/ff.c.obj
 .text.clust2sect
                0x0800b0f0       0x18 CMakeFiles/STM32_Mass.elf.dir/Middlewares/Third_Party/FatFs/src/ff.c.obj
 .text.clmt_clust
                0x0800b108       0x30 CMakeFiles/STM32_Mass.elf.dir/Middlewares/Third_Party/FatFs/src/ff.c.obj
 .text.ld_clust
                0x0800b138       0x26 CMakeFiles/STM32_Mass.elf.dir/Middlewares/Third_Party/FatFs/src/ff.c.obj
 .text.st_clust
                0x0800b15e       0x26 CMakeFiles/STM32_Mass.elf.dir/Middlewares/Third_Party/FatFs/src/ff.c.obj
 .text.pick_lfn
                0x0800b184       0x84 CMakeFiles/STM32_Mass.elf.dir/Middlewares/Third_Party/FatFs/src/ff.c.obj
 .text.put_lfn  0x0800b208       0x78 CMakeFiles/STM32_Mass.elf.dir/Middlewares/Third_Party/FatFs/src/ff.c.obj
 .text.gen_numname
                0x0800b280       0xa6 CMakeFiles/STM32_Mass.elf.dir/Middlewares/Third_Party/FatFs/src/ff.c.obj
 .text.sum_sfn  0x0800b326       0x20 CMakeFiles/STM32_Mass.elf.dir/Middlewares/Third_Party/FatFs/src/ff.c.obj
 .text.xdir_sum
                0x0800b346       0x32 CMakeFiles/STM32_Mass.elf.dir/Middlewares/Third_Party/FatFs/src/ff.c.obj
 .text.get_ldnumber
                0x0800b378       0x48 CMakeFiles/STM32_Mass.elf.dir/Middlewares/Third_Party/FatFs/src/ff.c.obj
 .text.lock_fs  0x0800b3c0       0x14 CMakeFiles/STM32_Mass.elf.dir/Middlewares/Third_Party/FatFs/src/ff.c.obj
 .text.sync_window
                0x0800b3d4       0x54 CMakeFiles/STM32_Mass.elf.dir/Middlewares/Third_Party/FatFs/src/ff.c.obj
 .text.move_window
                0x0800b428       0x36 CMakeFiles/STM32_Mass.elf.dir/Middlewares/Third_Party/FatFs/src/ff.c.obj
 *fill*         0x0800b45e        0x2 
 .text.check_fs
                0x0800b460       0x8c CMakeFiles/STM32_Mass.elf.dir/Middlewares/Third_Party/FatFs/src/ff.c.obj
 .text.find_volume
                0x0800b4ec      0x480 CMakeFiles/STM32_Mass.elf.dir/Middlewares/Third_Party/FatFs/src/ff.c.obj
 .text.find_bitmap
                0x0800b96c       0x88 CMakeFiles/STM32_Mass.elf.dir/Middlewares/Third_Party/FatFs/src/ff.c.obj
 .text.change_bitmap
                0x0800b9f4       0x78 CMakeFiles/STM32_Mass.elf.dir/Middlewares/Third_Party/FatFs/src/ff.c.obj
 .text.put_fat  0x0800ba6c      0x128 CMakeFiles/STM32_Mass.elf.dir/Middlewares/Third_Party/FatFs/src/ff.c.obj
 .text.fill_last_frag
                0x0800bb94       0x30 CMakeFiles/STM32_Mass.elf.dir/Middlewares/Third_Party/FatFs/src/ff.c.obj
 .text.fill_first_frag
                0x0800bbc4       0x32 CMakeFiles/STM32_Mass.elf.dir/Middlewares/Third_Party/FatFs/src/ff.c.obj
 .text.get_fat  0x0800bbf6      0x162 CMakeFiles/STM32_Mass.elf.dir/Middlewares/Third_Party/FatFs/src/ff.c.obj
 .text.dir_sdi  0x0800bd58       0xc0 CMakeFiles/STM32_Mass.elf.dir/Middlewares/Third_Party/FatFs/src/ff.c.obj
 .text.create_chain
                0x0800be18      0x18e CMakeFiles/STM32_Mass.elf.dir/Middlewares/Third_Party/FatFs/src/ff.c.obj
 .text.remove_chain
                0x0800bfa6       0xfe CMakeFiles/STM32_Mass.elf.dir/Middlewares/Third_Party/FatFs/src/ff.c.obj
 .text.dir_next
                0x0800c0a4      0x120 CMakeFiles/STM32_Mass.elf.dir/Middlewares/Third_Party/FatFs/src/ff.c.obj
 .text.load_xdir
                0x0800c1c4       0xf0 CMakeFiles/STM32_Mass.elf.dir/Middlewares/Third_Party/FatFs/src/ff.c.obj
 .text.load_obj_dir
                0x0800c2b4       0x32 CMakeFiles/STM32_Mass.elf.dir/Middlewares/Third_Party/FatFs/src/ff.c.obj
 .text.dir_read
                0x0800c2e6       0xe6 CMakeFiles/STM32_Mass.elf.dir/Middlewares/Third_Party/FatFs/src/ff.c.obj
 .text.dir_alloc
                0x0800c3cc       0x68 CMakeFiles/STM32_Mass.elf.dir/Middlewares/Third_Party/FatFs/src/ff.c.obj
 .text.store_xdir
                0x0800c434       0x5e CMakeFiles/STM32_Mass.elf.dir/Middlewares/Third_Party/FatFs/src/ff.c.obj
 .text.unlock_fs
                0x0800c492       0x24 CMakeFiles/STM32_Mass.elf.dir/Middlewares/Third_Party/FatFs/src/ff.c.obj
 .text.validate
                0x0800c4b6       0x5c CMakeFiles/STM32_Mass.elf.dir/Middlewares/Third_Party/FatFs/src/ff.c.obj
 *fill*         0x0800c512        0x2 
 .text.create_name
                0x0800c514      0x234 CMakeFiles/STM32_Mass.elf.dir/Middlewares/Third_Party/FatFs/src/ff.c.obj
 .text.get_xdir_info
                0x0800c748       0xa2 CMakeFiles/STM32_Mass.elf.dir/Middlewares/Third_Party/FatFs/src/ff.c.obj
 .text.get_fileinfo
                0x0800c7ea      0x102 CMakeFiles/STM32_Mass.elf.dir/Middlewares/Third_Party/FatFs/src/ff.c.obj
 .text.xname_sum
                0x0800c8ec       0x38 CMakeFiles/STM32_Mass.elf.dir/Middlewares/Third_Party/FatFs/src/ff.c.obj
 .text.create_xdir
                0x0800c924       0x7e CMakeFiles/STM32_Mass.elf.dir/Middlewares/Third_Party/FatFs/src/ff.c.obj
 *fill*         0x0800c9a2        0x2 
 .text.cmp_lfn  0x0800c9a4       0xa0 CMakeFiles/STM32_Mass.elf.dir/Middlewares/Third_Party/FatFs/src/ff.c.obj
 .text.dir_find
                0x0800ca44      0x172 CMakeFiles/STM32_Mass.elf.dir/Middlewares/Third_Party/FatFs/src/ff.c.obj
 .text.follow_path
                0x0800cbb6       0xce CMakeFiles/STM32_Mass.elf.dir/Middlewares/Third_Party/FatFs/src/ff.c.obj
 .text.dir_register
                0x0800cc84      0x1fc CMakeFiles/STM32_Mass.elf.dir/Middlewares/Third_Party/FatFs/src/ff.c.obj
 .text.sync_fs  0x0800ce80       0x8c CMakeFiles/STM32_Mass.elf.dir/Middlewares/Third_Party/FatFs/src/ff.c.obj
 .text.f_mount  0x0800cf0c       0x88 CMakeFiles/STM32_Mass.elf.dir/Middlewares/Third_Party/FatFs/src/ff.c.obj
                0x0800cf0c                f_mount
 .text.f_open   0x0800cf94      0x37e CMakeFiles/STM32_Mass.elf.dir/Middlewares/Third_Party/FatFs/src/ff.c.obj
                0x0800cf94                f_open
 .text.f_read   0x0800d312      0x20a CMakeFiles/STM32_Mass.elf.dir/Middlewares/Third_Party/FatFs/src/ff.c.obj
                0x0800d312                f_read
 .text.f_write  0x0800d51c      0x26a CMakeFiles/STM32_Mass.elf.dir/Middlewares/Third_Party/FatFs/src/ff.c.obj
                0x0800d51c                f_write
 .text.f_sync   0x0800d786      0x194 CMakeFiles/STM32_Mass.elf.dir/Middlewares/Third_Party/FatFs/src/ff.c.obj
                0x0800d786                f_sync
 .text.f_close  0x0800d91a       0x3a CMakeFiles/STM32_Mass.elf.dir/Middlewares/Third_Party/FatFs/src/ff.c.obj
                0x0800d91a                f_close
 .text.f_opendir
                0x0800d954       0xfc CMakeFiles/STM32_Mass.elf.dir/Middlewares/Third_Party/FatFs/src/ff.c.obj
                0x0800d954                f_opendir
 .text.f_readdir
                0x0800da50       0x7e CMakeFiles/STM32_Mass.elf.dir/Middlewares/Third_Party/FatFs/src/ff.c.obj
                0x0800da50                f_readdir
 .text.f_stat   0x0800dace       0x6e CMakeFiles/STM32_Mass.elf.dir/Middlewares/Third_Party/FatFs/src/ff.c.obj
                0x0800dace                f_stat
 .text.f_mkdir  0x0800db3c      0x210 CMakeFiles/STM32_Mass.elf.dir/Middlewares/Third_Party/FatFs/src/ff.c.obj
                0x0800db3c                f_mkdir
 .text.FATFS_LinkDriverEx
                0x0800dd4c       0x54 CMakeFiles/STM32_Mass.elf.dir/Middlewares/Third_Party/FatFs/src/ff_gen_drv.c.obj
                0x0800dd4c                FATFS_LinkDriverEx
 .text.FATFS_LinkDriver
                0x0800dda0        0xa CMakeFiles/STM32_Mass.elf.dir/Middlewares/Third_Party/FatFs/src/ff_gen_drv.c.obj
                0x0800dda0                FATFS_LinkDriver
 *fill*         0x0800ddaa        0x2 
 .text.ff_convert
                0x0800ddac       0x3c CMakeFiles/STM32_Mass.elf.dir/Middlewares/Third_Party/FatFs/src/option/ccsbcs.c.obj
                0x0800ddac                ff_convert
 .text.ff_wtoupper
                0x0800dde8       0x9c CMakeFiles/STM32_Mass.elf.dir/Middlewares/Third_Party/FatFs/src/option/ccsbcs.c.obj
                0x0800dde8                ff_wtoupper
 .text.ff_cre_syncobj
                0x0800de84       0x20 CMakeFiles/STM32_Mass.elf.dir/Middlewares/Third_Party/FatFs/src/option/syscall.c.obj