Archive member included to satisfy reference by file (symbol)

e:/gcc-arm-none-eabi-10-2020-q4-major/bin/../lib/gcc/arm-none-eabi/10.2.1/thumb/v7e-m+fp/hard\libgcc.a(_aeabi_uldivmod.o)
                              CMakeFiles/STM32H7_Test.elf.dir/Drivers/STM32H7xx_HAL_Driver/Src/stm32h7xx_hal_uart.c.obj (__aeabi_uldivmod)
e:/gcc-arm-none-eabi-10-2020-q4-major/bin/../lib/gcc/arm-none-eabi/10.2.1/thumb/v7e-m+fp/hard\libgcc.a(_udivmoddi4.o)
                              e:/gcc-arm-none-eabi-10-2020-q4-major/bin/../lib/gcc/arm-none-eabi/10.2.1/thumb/v7e-m+fp/hard\libgcc.a(_aeabi_uldivmod.o) (__udivmoddi4)
e:/gcc-arm-none-eabi-10-2020-q4-major/bin/../lib/gcc/arm-none-eabi/10.2.1/thumb/v7e-m+fp/hard\libgcc.a(_dvmd_tls.o)
                              e:/gcc-arm-none-eabi-10-2020-q4-major/bin/../lib/gcc/arm-none-eabi/10.2.1/thumb/v7e-m+fp/hard\libgcc.a(_aeabi_uldivmod.o) (__aeabi_ldiv0)
e:/gcc-arm-none-eabi-10-2020-q4-major/bin/../lib/gcc/arm-none-eabi/10.2.1/../../../../arm-none-eabi/lib/thumb/v7e-m+fp/hard\libg.a(lib_a-errno.o)
                              CMakeFiles/STM32H7_Test.elf.dir/Core/Src/syscalls.c.obj (__errno)
e:/gcc-arm-none-eabi-10-2020-q4-major/bin/../lib/gcc/arm-none-eabi/10.2.1/../../../../arm-none-eabi/lib/thumb/v7e-m+fp/hard\libg.a(lib_a-exit.o)
                              e:/gcc-arm-none-eabi-10-2020-q4-major/bin/../lib/gcc/arm-none-eabi/10.2.1/../../../../arm-none-eabi/lib/thumb/v7e-m+fp/hard/crt0.o (exit)
e:/gcc-arm-none-eabi-10-2020-q4-major/bin/../lib/gcc/arm-none-eabi/10.2.1/../../../../arm-none-eabi/lib/thumb/v7e-m+fp/hard\libg.a(lib_a-impure.o)
                              e:/gcc-arm-none-eabi-10-2020-q4-major/bin/../lib/gcc/arm-none-eabi/10.2.1/../../../../arm-none-eabi/lib/thumb/v7e-m+fp/hard\libg.a(lib_a-exit.o) (_global_impure_ptr)
e:/gcc-arm-none-eabi-10-2020-q4-major/bin/../lib/gcc/arm-none-eabi/10.2.1/../../../../arm-none-eabi/lib/thumb/v7e-m+fp/hard\libg.a(lib_a-init.o)
                              e:/gcc-arm-none-eabi-10-2020-q4-major/bin/../lib/gcc/arm-none-eabi/10.2.1/../../../../arm-none-eabi/lib/thumb/v7e-m+fp/hard/crt0.o (__libc_init_array)
e:/gcc-arm-none-eabi-10-2020-q4-major/bin/../lib/gcc/arm-none-eabi/10.2.1/../../../../arm-none-eabi/lib/thumb/v7e-m+fp/hard\libg.a(lib_a-malloc.o)
                              CMakeFiles/STM32H7_Test.elf.dir/Middlewares/Third_Party/FatFs/src/option/syscall.c.obj (malloc)
e:/gcc-arm-none-eabi-10-2020-q4-major/bin/../lib/gcc/arm-none-eabi/10.2.1/../../../../arm-none-eabi/lib/thumb/v7e-m+fp/hard\libg.a(lib_a-mallocr.o)
                              e:/gcc-arm-none-eabi-10-2020-q4-major/bin/../lib/gcc/arm-none-eabi/10.2.1/../../../../arm-none-eabi/lib/thumb/v7e-m+fp/hard\libg.a(lib_a-malloc.o) (_malloc_r)
e:/gcc-arm-none-eabi-10-2020-q4-major/bin/../lib/gcc/arm-none-eabi/10.2.1/../../../../arm-none-eabi/lib/thumb/v7e-m+fp/hard\libg.a(lib_a-memset.o)
                              e:/gcc-arm-none-eabi-10-2020-q4-major/bin/../lib/gcc/arm-none-eabi/10.2.1/../../../../arm-none-eabi/lib/thumb/v7e-m+fp/hard/crt0.o (memset)
e:/gcc-arm-none-eabi-10-2020-q4-major/bin/../lib/gcc/arm-none-eabi/10.2.1/../../../../arm-none-eabi/lib/thumb/v7e-m+fp/hard\libg.a(lib_a-mlock.o)
                              e:/gcc-arm-none-eabi-10-2020-q4-major/bin/../lib/gcc/arm-none-eabi/10.2.1/../../../../arm-none-eabi/lib/thumb/v7e-m+fp/hard\libg.a(lib_a-mallocr.o) (__malloc_lock)
e:/gcc-arm-none-eabi-10-2020-q4-major/bin/../lib/gcc/arm-none-eabi/10.2.1/../../../../arm-none-eabi/lib/thumb/v7e-m+fp/hard\libg.a(lib_a-printf.o)
                              CMakeFiles/STM32H7_Test.elf.dir/Middlewares/ST/STM32_USB_Device_Library/Core/Src/usbd_core.c.obj (printf)
e:/gcc-arm-none-eabi-10-2020-q4-major/bin/../lib/gcc/arm-none-eabi/10.2.1/../../../../arm-none-eabi/lib/thumb/v7e-m+fp/hard\libg.a(lib_a-putchar.o)
                              CMakeFiles/STM32H7_Test.elf.dir/Middlewares/ST/STM32_USB_Device_Library/Core/Src/usbd_core.c.obj (putchar)
e:/gcc-arm-none-eabi-10-2020-q4-major/bin/../lib/gcc/arm-none-eabi/10.2.1/../../../../arm-none-eabi/lib/thumb/v7e-m+fp/hard\libg.a(lib_a-sbrkr.o)
                              e:/gcc-arm-none-eabi-10-2020-q4-major/bin/../lib/gcc/arm-none-eabi/10.2.1/../../../../arm-none-eabi/lib/thumb/v7e-m+fp/hard\libg.a(lib_a-mallocr.o) (_sbrk_r)
e:/gcc-arm-none-eabi-10-2020-q4-major/bin/../lib/gcc/arm-none-eabi/10.2.1/../../../../arm-none-eabi/lib/thumb/v7e-m+fp/hard\libg.a(lib_a-sprintf.o)
                              CMakeFiles/STM32H7_Test.elf.dir/FATFS/App/fatfs.c.obj (sprintf)
e:/gcc-arm-none-eabi-10-2020-q4-major/bin/../lib/gcc/arm-none-eabi/10.2.1/../../../../arm-none-eabi/lib/thumb/v7e-m+fp/hard\libg.a(lib_a-strlen.o)
                              CMakeFiles/STM32H7_Test.elf.dir/FATFS/App/fatfs.c.obj (strlen)
e:/gcc-arm-none-eabi-10-2020-q4-major/bin/../lib/gcc/arm-none-eabi/10.2.1/../../../../arm-none-eabi/lib/thumb/v7e-m+fp/hard\libg.a(lib_a-svfprintf.o)
[...]
Memory Configuration

Name             Origin             Length             Attributes
FLASH            0x08000000         0x00020000         xr
DTCMRAM          0x20000000         0x00020000         xrw
RAM_D1           0x24000000         0x00080000         xrw
RAM_D2           0x30000000         0x00048000         xrw
RAM_D3           0x38000000         0x00010000         xrw
ITCMRAM          0x00000000         0x00010000         xrw
*default*        0x00000000         0xffffffff

Linker script and memory map

LOAD e:/gcc-arm-none-eabi-10-2020-q4-major/bin/../lib/gcc/arm-none-eabi/10.2.1/thumb/v7e-m+fp/hard/crti.o
LOAD e:/gcc-arm-none-eabi-10-2020-q4-major/bin/../lib/gcc/arm-none-eabi/10.2.1/thumb/v7e-m+fp/hard/crtbegin.o
LOAD e:/gcc-arm-none-eabi-10-2020-q4-major/bin/../lib/gcc/arm-none-eabi/10.2.1/../../../../arm-none-eabi/lib/thumb/v7e-m+fp/hard/crt0.o
LOAD CMakeFiles/STM32H7_Test.elf.dir/Core/Src/main.c.obj
LOAD CMakeFiles/STM32H7_Test.elf.dir/Core/Src/stm32h7xx_hal_msp.c.obj
LOAD CMakeFiles/STM32H7_Test.elf.dir/Core/Src/stm32h7xx_it.c.obj
LOAD CMakeFiles/STM32H7_Test.elf.dir/Core/Src/syscalls.c.obj
LOAD CMakeFiles/STM32H7_Test.elf.dir/Core/Src/sysmem.c.obj
LOAD CMakeFiles/STM32H7_Test.elf.dir/Core/Src/system_stm32h7xx.c.obj
LOAD CMakeFiles/STM32H7_Test.elf.dir/Core/Startup/startup_stm32h750vbtx.s.obj
LOAD CMakeFiles/STM32H7_Test.elf.dir/Drivers/STM32H7xx_HAL_Driver/Src/stm32h7xx_hal.c.obj
LOAD CMakeFiles/STM32H7_Test.elf.dir/Drivers/STM32H7xx_HAL_Driver/Src/stm32h7xx_hal_cortex.c.obj
LOAD CMakeFiles/STM32H7_Test.elf.dir/Drivers/STM32H7xx_HAL_Driver/Src/stm32h7xx_hal_crc.c.obj
LOAD CMakeFiles/STM32H7_Test.elf.dir/Drivers/STM32H7xx_HAL_Driver/Src/stm32h7xx_hal_crc_ex.c.obj
LOAD CMakeFiles/STM32H7_Test.elf.dir/Drivers/STM32H7xx_HAL_Driver/Src/stm32h7xx_hal_dma.c.obj
LOAD CMakeFiles/STM32H7_Test.elf.dir/Drivers/STM32H7xx_HAL_Driver/Src/stm32h7xx_hal_dma_ex.c.obj
LOAD CMakeFiles/STM32H7_Test.elf.dir/Drivers/STM32H7xx_HAL_Driver/Src/stm32h7xx_hal_exti.c.obj
LOAD CMakeFiles/STM32H7_Test.elf.dir/Drivers/STM32H7xx_HAL_Driver/Src/stm32h7xx_hal_flash.c.obj
LOAD CMakeFiles/STM32H7_Test.elf.dir/Drivers/STM32H7xx_HAL_Driver/Src/stm32h7xx_hal_flash_ex.c.obj
LOAD CMakeFiles/STM32H7_Test.elf.dir/Drivers/STM32H7xx_HAL_Driver/Src/stm32h7xx_hal_gpio.c.obj
LOAD CMakeFiles/STM32H7_Test.elf.dir/Drivers/STM32H7xx_HAL_Driver/Src/stm32h7xx_hal_hsem.c.obj
LOAD CMakeFiles/STM32H7_Test.elf.dir/Drivers/STM32H7xx_HAL_Driver/Src/stm32h7xx_hal_i2c.c.obj
LOAD CMakeFiles/STM32H7_Test.elf.dir/Drivers/STM32H7xx_HAL_Driver/Src/stm32h7xx_hal_i2c_ex.c.obj
LOAD CMakeFiles/STM32H7_Test.elf.dir/Drivers/STM32H7xx_HAL_Driver/Src/stm32h7xx_hal_mdma.c.obj
LOAD CMakeFiles/STM32H7_Test.elf.dir/Drivers/STM32H7xx_HAL_Driver/Src/stm32h7xx_hal_pcd.c.obj
LOAD CMakeFiles/STM32H7_Test.elf.dir/Drivers/STM32H7xx_HAL_Driver/Src/stm32h7xx_hal_pcd_ex.c.obj
LOAD CMakeFiles/STM32H7_Test.elf.dir/Drivers/STM32H7xx_HAL_Driver/Src/stm32h7xx_hal_pwr.c.obj
LOAD CMakeFiles/STM32H7_Test.elf.dir/Drivers/STM32H7xx_HAL_Driver/Src/stm32h7xx_hal_pwr_ex.c.obj
LOAD CMakeFiles/STM32H7_Test.elf.dir/Drivers/STM32H7xx_HAL_Driver/Src/stm32h7xx_hal_qspi.c.obj
LOAD CMakeFiles/STM32H7_Test.elf.dir/Drivers/STM32H7xx_HAL_Driver/Src/stm32h7xx_hal_rcc.c.obj
LOAD CMakeFiles/STM32H7_Test.elf.dir/Drivers/STM32H7xx_HAL_Driver/Src/stm32h7xx_hal_rcc_ex.c.obj
LOAD CMakeFiles/STM32H7_Test.elf.dir/Drivers/STM32H7xx_HAL_Driver/Src/stm32h7xx_hal_sd.c.obj
LOAD CMakeFiles/STM32H7_Test.elf.dir/Drivers/STM32H7xx_HAL_Driver/Src/stm32h7xx_hal_sd_ex.c.obj
LOAD CMakeFiles/STM32H7_Test.elf.dir/Drivers/STM32H7xx_HAL_Driver/Src/stm32h7xx_hal_tim.c.obj
LOAD CMakeFiles/STM32H7_Test.elf.dir/Drivers/STM32H7xx_HAL_Driver/Src/stm32h7xx_hal_tim_ex.c.obj
LOAD CMakeFiles/STM32H7_Test.elf.dir/Drivers/STM32H7xx_HAL_Driver/Src/stm32h7xx_hal_uart.c.obj
LOAD CMakeFiles/STM32H7_Test.elf.dir/Drivers/STM32H7xx_HAL_Driver/Src/stm32h7xx_hal_uart_ex.c.obj
LOAD CMakeFiles/STM32H7_Test.elf.dir/Drivers/STM32H7xx_HAL_Driver/Src/stm32h7xx_ll_delayblock.c.obj
LOAD CMakeFiles/STM32H7_Test.elf.dir/Drivers/STM32H7xx_HAL_Driver/Src/stm32h7xx_ll_sdmmc.c.obj
LOAD CMakeFiles/STM32H7_Test.elf.dir/Drivers/STM32H7xx_HAL_Driver/Src/stm32h7xx_ll_usb.c.obj
LOAD CMakeFiles/STM32H7_Test.elf.dir/FATFS/App/fatfs.c.obj
LOAD CMakeFiles/STM32H7_Test.elf.dir/FATFS/Target/bsp_driver_sd.c.obj
LOAD CMakeFiles/STM32H7_Test.elf.dir/FATFS/Target/fatfs_platform.c.obj
LOAD CMakeFiles/STM32H7_Test.elf.dir/FATFS/Target/sd_diskio.c.obj
LOAD CMakeFiles/STM32H7_Test.elf.dir/Middlewares/ST/STM32_USB_Device_Library/Class/MSC/Src/usbd_msc.c.obj
LOAD CMakeFiles/STM32H7_Test.elf.dir/Middlewares/ST/STM32_USB_Device_Library/Class/MSC/Src/usbd_msc_bot.c.obj
LOAD CMakeFiles/STM32H7_Test.elf.dir/Middlewares/ST/STM32_USB_Device_Library/Class/MSC/Src/usbd_msc_data.c.obj
LOAD CMakeFiles/STM32H7_Test.elf.dir/Middlewares/ST/STM32_USB_Device_Library/Class/MSC/Src/usbd_msc_scsi.c.obj
LOAD CMakeFiles/STM32H7_Test.elf.dir/Middlewares/ST/STM32_USB_Device_Library/Core/Src/usbd_core.c.obj
LOAD CMakeFiles/STM32H7_Test.elf.dir/Middlewares/ST/STM32_USB_Device_Library/Core/Src/usbd_ctlreq.c.obj
LOAD CMakeFiles/STM32H7_Test.elf.dir/Middlewares/ST/STM32_USB_Device_Library/Core/Src/usbd_ioreq.c.obj
LOAD CMakeFiles/STM32H7_Test.elf.dir/Middlewares/Third_Party/FatFs/src/diskio.c.obj
LOAD CMakeFiles/STM32H7_Test.elf.dir/Middlewares/Third_Party/FatFs/src/ff.c.obj
LOAD CMakeFiles/STM32H7_Test.elf.dir/Middlewares/Third_Party/FatFs/src/ff_gen_drv.c.obj
LOAD CMakeFiles/STM32H7_Test.elf.dir/Middlewares/Third_Party/FatFs/src/option/ccsbcs.c.obj
LOAD CMakeFiles/STM32H7_Test.elf.dir/Middlewares/Third_Party/FatFs/src/option/syscall.c.obj
LOAD CMakeFiles/STM32H7_Test.elf.dir/USB_DEVICE/App/usb_device.c.obj
LOAD CMakeFiles/STM32H7_Test.elf.dir/USB_DEVICE/App/usbd_desc.c.obj
LOAD CMakeFiles/STM32H7_Test.elf.dir/USB_DEVICE/App/usbd_storage_if.c.obj
LOAD CMakeFiles/STM32H7_Test.elf.dir/USB_DEVICE/Target/usbd_conf.c.obj
LOAD CMakeFiles/STM32H7_Test.elf.dir/UserApp/retarget.c.obj
START GROUP
LOAD e:/gcc-arm-none-eabi-10-2020-q4-major/bin/../lib/gcc/arm-none-eabi/10.2.1/thumb/v7e-m+fp/hard\libgcc.a
LOAD e:/gcc-arm-none-eabi-10-2020-q4-major/bin/../lib/gcc/arm-none-eabi/10.2.1/../../../../arm-none-eabi/lib/thumb/v7e-m+fp/hard\libg.a
LOAD e:/gcc-arm-none-eabi-10-2020-q4-major/bin/../lib/gcc/arm-none-eabi/10.2.1/../../../../arm-none-eabi/lib/thumb/v7e-m+fp/hard\libc.a
END GROUP
LOAD e:/gcc-arm-none-eabi-10-2020-q4-major/bin/../lib/gcc/arm-none-eabi/10.2.1/thumb/v7e-m+fp/hard/crtend.o
LOAD e:/gcc-arm-none-eabi-10-2020-q4-major/bin/../lib/gcc/arm-none-eabi/10.2.1/thumb/v7e-m+fp/hard/crtn.o
                0x24080000                _estack = (ORIGIN (RAM_D1) + LENGTH (RAM_D1))
                0x00004000                _Min_Heap_Size = 0x4000
                0x00004000                _Min_Stack_Size = 0x4000

.isr_vector     0x08000000      0x298
                0x08000000                . = ALIGN (0x4)
 *(.isr_vector)
 .isr_vector    0x08000000      0x298 CMakeFiles/STM32H7_Test.elf.dir/Core/Startup/startup_stm32h750vbtx.s.obj
                0x08000000                g_pfnVectors
                0x08000298                . = ALIGN (0x4)

.text           0x080002c0    0x15928
                0x080002c0                . = ALIGN (0x4)
 *(.text)
 .text          0x080002c0       0x40 e:/gcc-arm-none-eabi-10-2020-q4-major/bin/../lib/gcc/arm-none-eabi/10.2.1/thumb/v7e-m+fp/hard/crtbegin.o
 .text          0x08000300       0x30 e:/gcc-arm-none-eabi-10-2020-q4-major/bin/../lib/gcc/arm-none-eabi/10.2.1/thumb/v7e-m+fp/hard\libgcc.a(_aeabi_uldivmod.o)
                0x08000300                __aeabi_uldivmod
 .text          0x08000330      0x2d0 e:/gcc-arm-none-eabi-10-2020-q4-major/bin/../lib/gcc/arm-none-eabi/10.2.1/thumb/v7e-m+fp/hard\libgcc.a(_udivmoddi4.o)
                0x08000330                __udivmoddi4
 .text          0x08000600        0x4 e:/gcc-arm-none-eabi-10-2020-q4-major/bin/../lib/gcc/arm-none-eabi/10.2.1/thumb/v7e-m+fp/hard\libgcc.a(_dvmd_tls.o)
                0x08000600                __aeabi_idiv0
                0x08000600                __aeabi_ldiv0
 *fill*         0x08000604       0x3c 
 .text          0x08000640       0xdc e:/gcc-arm-none-eabi-10-2020-q4-major/bin/../lib/gcc/arm-none-eabi/10.2.1/../../../../arm-none-eabi/lib/thumb/v7e-m+fp/hard\libg.a(lib_a-strlen.o)
                0x08000640                strlen
 *fill*         0x0800071c        0x4 
 .text          0x08000720       0xa0 e:/gcc-arm-none-eabi-10-2020-q4-major/bin/../lib/gcc/arm-none-eabi/10.2.1/../../../../arm-none-eabi/lib/thumb/v7e-m+fp/hard\libg.a(lib_a-memchr.o)
                0x08000720                memchr
 .text          0x080007c0      0x134 e:/gcc-arm-none-eabi-10-2020-q4-major/bin/../lib/gcc/arm-none-eabi/10.2.1/../../../../arm-none-eabi/lib/thumb/v7e-m+fp/hard\libg.a(lib_a-memcpy.o)
                0x080007c0                memcpy
 .text          0x080008f4      0x378 e:/gcc-arm-none-eabi-10-2020-q4-major/bin/../lib/gcc/arm-none-eabi/10.2.1/thumb/v7e-m+fp/hard\libgcc.a(_arm_addsubdf3.o)
                0x080008f4                __aeabi_drsub
                0x080008fc                __aeabi_dsub
                0x080008fc                __subdf3
                0x08000900                __aeabi_dadd
                0x08000900                __adddf3
                0x08000b78                __floatunsidf
                0x08000b78                __aeabi_ui2d
                0x08000b98                __floatsidf
                0x08000b98                __aeabi_i2d
                0x08000bbc                __aeabi_f2d
                0x08000bbc                __extendsfdf2
                0x08000c00                __floatundidf
                0x08000c00                __aeabi_ul2d
                0x08000c10                __floatdidf
                0x08000c10                __aeabi_l2d
 .text          0x08000c6c      0x424 e:/gcc-arm-none-eabi-10-2020-q4-major/bin/../lib/gcc/arm-none-eabi/10.2.1/thumb/v7e-m+fp/hard\libgcc.a(_arm_muldivdf3.o)
                0x08000c6c                __aeabi_dmul
                0x08000c6c                __muldf3
                0x08000ec0                __divdf3
                0x08000ec0                __aeabi_ddiv
 .text          0x08001090      0x110 e:/gcc-arm-none-eabi-10-2020-q4-major/bin/../lib/gcc/arm-none-eabi/10.2.1/thumb/v7e-m+fp/hard\libgcc.a(_arm_cmpdf2.o)
                0x08001090                __gtdf2
                0x08001090                __gedf2
                0x08001098                __ltdf2
                0x08001098                __ledf2
                0x080010a0                __nedf2
                0x080010a0                __eqdf2
                0x080010a0                __cmpdf2
                0x0800111c                __aeabi_cdrcmple
                0x0800112c                __aeabi_cdcmpeq
                0x0800112c                __aeabi_cdcmple
                0x0800113c                __aeabi_dcmpeq
                0x08001150                __aeabi_dcmplt
                0x08001164                __aeabi_dcmple
                0x08001178                __aeabi_dcmpge
                0x0800118c                __aeabi_dcmpgt
 .text          0x080011a0       0x2c e:/gcc-arm-none-eabi-10-2020-q4-major/bin/../lib/gcc/arm-none-eabi/10.2.1/thumb/v7e-m+fp/hard\libgcc.a(_arm_unorddf2.o)
                0x080011a0                __unorddf2
                0x080011a0                __aeabi_dcmpun
 .text          0x080011cc       0x50 e:/gcc-arm-none-eabi-10-2020-q4-major/bin/../lib/gcc/arm-none-eabi/10.2.1/thumb/v7e-m+fp/hard\libgcc.a(_arm_fixdfsi.o)
                0x080011cc                __aeabi_d2iz
                0x080011cc                __fixdfsi
 *(.text*)
 .text.MX_SDMMC1_SD_Init
                0x0800121c       0x20 CMakeFiles/STM32H7_Test.elf.dir/Core/Src/main.c.obj
 .text.MX_GPIO_Init
                0x0800123c      0x104 CMakeFiles/STM32H7_Test.elf.dir/Core/Src/main.c.obj
 .text.Error_Handler
                0x08001340        0x4 CMakeFiles/STM32H7_Test.elf.dir/Core/Src/main.c.obj
                0x08001340                Error_Handler
 .text.MX_MDMA_Init
                0x08001344       0x8c CMakeFiles/STM32H7_Test.elf.dir/Core/Src/main.c.obj
 .text.MX_QUADSPI_Init
                0x080013d0       0x34 CMakeFiles/STM32H7_Test.elf.dir/Core/Src/main.c.obj
 .text.MX_USART1_UART_Init
                0x08001404       0x60 CMakeFiles/STM32H7_Test.elf.dir/Core/Src/main.c.obj
 .text.MX_CRC_Init
                0x08001464       0x2c CMakeFiles/STM32H7_Test.elf.dir/Core/Src/main.c.obj
 .text.SystemClock_Config
                0x08001490      0x120 CMakeFiles/STM32H7_Test.elf.dir/Core/Src/main.c.obj
                0x08001490                SystemClock_Config
 .text.main     0x080015b0      0x140 CMakeFiles/STM32H7_Test.elf.dir/Core/Src/main.c.obj
                0x080015b0                main
 .text.HAL_MspInit
                0x080016f0       0x24 CMakeFiles/STM32H7_Test.elf.dir/Core/Src/stm32h7xx_hal_msp.c.obj
                0x080016f0                HAL_MspInit
 .text.HAL_CRC_MspInit
                0x08001714       0x30 CMakeFiles/STM32H7_Test.elf.dir/Core/Src/stm32h7xx_hal_msp.c.obj
                0x08001714                HAL_CRC_MspInit
 .text.HAL_QSPI_MspInit
                0x08001744      0x114 CMakeFiles/STM32H7_Test.elf.dir/Core/Src/stm32h7xx_hal_msp.c.obj
                0x08001744                HAL_QSPI_MspInit
 .text.HAL_SD_MspInit
                0x08001858      0x11c CMakeFiles/STM32H7_Test.elf.dir/Core/Src/stm32h7xx_hal_msp.c.obj
                0x08001858                HAL_SD_MspInit
 .text.HAL_UART_MspInit
                0x08001974       0x9c CMakeFiles/STM32H7_Test.elf.dir/Core/Src/stm32h7xx_hal_msp.c.obj
                0x08001974                HAL_UART_MspInit
 .text.NMI_Handler
                0x08001a10        0x2 CMakeFiles/STM32H7_Test.elf.dir/Core/Src/stm32h7xx_it.c.obj
                0x08001a10                NMI_Handler
 .text.HardFault_Handler
                0x08001a12        0x2 CMakeFiles/STM32H7_Test.elf.dir/Core/Src/stm32h7xx_it.c.obj
                0x08001a12                HardFault_Handler
 .text.MemManage_Handler
                0x08001a14        0x2 CMakeFiles/STM32H7_Test.elf.dir/Core/Src/stm32h7xx_it.c.obj
                0x08001a14                MemManage_Handler
 .text.BusFault_Handler
                0x08001a16        0x2 CMakeFiles/STM32H7_Test.elf.dir/Core/Src/stm32h7xx_it.c.obj
                0x08001a16                BusFault_Handler
 .text.UsageFault_Handler
                0x08001a18        0x2 CMakeFiles/STM32H7_Test.elf.dir/Core/Src/stm32h7xx_it.c.obj
                0x08001a18                UsageFault_Handler
 .text.SVC_Handler
                0x08001a1a        0x2 CMakeFiles/STM32H7_Test.elf.dir/Core/Src/stm32h7xx_it.c.obj
                0x08001a1a                SVC_Handler
 .text.DebugMon_Handler
                0x08001a1c        0x2 CMakeFiles/STM32H7_Test.elf.dir/Core/Src/stm32h7xx_it.c.obj
                0x08001a1c                DebugMon_Handler
 .text.PendSV_Handler
                0x08001a1e        0x2 CMakeFiles/STM32H7_Test.elf.dir/Core/Src/stm32h7xx_it.c.obj
                0x08001a1e                PendSV_Handler
 .text.SysTick_Handler
                0x08001a20        0x8 CMakeFiles/STM32H7_Test.elf.dir/Core/Src/stm32h7xx_it.c.obj
                0x08001a20                SysTick_Handler
 .text.SDMMC1_IRQHandler
                0x08001a28       0x10 CMakeFiles/STM32H7_Test.elf.dir/Core/Src/stm32h7xx_it.c.obj
                0x08001a28                SDMMC1_IRQHandler
 .text.OTG_FS_IRQHandler
                0x08001a38       0x10 CMakeFiles/STM32H7_Test.elf.dir/Core/Src/stm32h7xx_it.c.obj
                0x08001a38                OTG_FS_IRQHandler
 .text.MDMA_IRQHandler
                0x08001a48       0x10 CMakeFiles/STM32H7_Test.elf.dir/Core/Src/stm32h7xx_it.c.obj
                0x08001a48                MDMA_IRQHandler
 .text._getpid  0x08001a58        0x4 CMakeFiles/STM32H7_Test.elf.dir/Core/Src/syscalls.c.obj
                0x08001a58                _getpid
 .text._kill    0x08001a5c       0x10 CMakeFiles/STM32H7_Test.elf.dir/Core/Src/syscalls.c.obj
                0x08001a5c                _kill
 .text._exit    0x08001a6c        0xc CMakeFiles/STM32H7_Test.elf.dir/Core/Src/syscalls.c.obj
                0x08001a6c                _exit
 .text._read    0x08001a78       0x20 CMakeFiles/STM32H7_Test.elf.dir/Core/Src/syscalls.c.obj
                0x08001a78                _read
 .text._write   0x08001a98       0x1c CMakeFiles/STM32H7_Test.elf.dir/Core/Src/syscalls.c.obj
                0x08001a98                _write
 .text._close   0x08001ab4        0x6 CMakeFiles/STM32H7_Test.elf.dir/Core/Src/syscalls.c.obj
                0x08001ab4                _close
 .text._fstat   0x08001aba        0xa CMakeFiles/STM32H7_Test.elf.dir/Core/Src/syscalls.c.obj
                0x08001aba                _fstat
 .text._isatty  0x08001ac4        0x4 CMakeFiles/STM32H7_Test.elf.dir/Core/Src/syscalls.c.obj
                0x08001ac4                _isatty
 .text._lseek   0x08001ac8        0x4 CMakeFiles/STM32H7_Test.elf.dir/Core/Src/syscalls.c.obj
                0x08001ac8                _lseek
 .text._sbrk    0x08001acc       0x48 CMakeFiles/STM32H7_Test.elf.dir/Core/Src/sysmem.c.obj
                0x08001acc                _sbrk
 .text.SystemInit
                0x08001b14       0xcc CMakeFiles/STM32H7_Test.elf.dir/Core/Src/system_stm32h7xx.c.obj
                0x08001b14                SystemInit
 .text.Reset_Handler
                0x08001be0       0x50 CMakeFiles/STM32H7_Test.elf.dir/Core/Startup/startup_stm32h750vbtx.s.obj
                0x08001be0                Reset_Handler
 .text.Default_Handler
                0x08001c30        0x2 CMakeFiles/STM32H7_Test.elf.dir/Core/Startup/startup_stm32h750vbtx.s.obj
                0x08001c30                RTC_Alarm_IRQHandler
                0x08001c30                HASH_RNG_IRQHandler
                0x08001c30                EXTI2_IRQHandler
                0x08001c30                TIM8_CC_IRQHandler
                0x08001c30                HRTIM1_Master_IRQHandler
                0x08001c30                UART8_IRQHandler
                0x08001c30                SPI4_IRQHandler
                0x08001c30                TIM1_CC_IRQHandler
                0x08001c30                BDMA_Channel6_IRQHandler
                0x08001c30                DMA2_Stream5_IRQHandler
                0x08001c30                HRTIM1_FLT_IRQHandler
                0x08001c30                JPEG_IRQHandler
                0x08001c30                DMA1_Stream5_IRQHandler
                0x08001c30                BDMA_Channel1_IRQHandler
                0x08001c30                HRTIM1_TIMD_IRQHandler
                0x08001c30                TAMP_STAMP_IRQHandler
                0x08001c30                EXTI3_IRQHandler
                0x08001c30                LPTIM4_IRQHandler
                0x08001c30                TIM8_TRG_COM_TIM14_IRQHandler
                0x08001c30                LPTIM2_IRQHandler
                0x08001c30                DFSDM1_FLT1_IRQHandler
                0x08001c30                DMAMUX2_OVR_IRQHandler
                0x08001c30                TIM8_UP_TIM13_IRQHandler
                0x08001c30                I2C3_ER_IRQHandler
                0x08001c30                DFSDM1_FLT2_IRQHandler
                0x08001c30                LPTIM3_IRQHandler
                0x08001c30                HSEM1_IRQHandler
                0x08001c30                EXTI0_IRQHandler
                0x08001c30                I2C2_EV_IRQHandler
                0x08001c30                DMA1_Stream2_IRQHandler
                0x08001c30                FPU_IRQHandler
                0x08001c30                OTG_HS_WKUP_IRQHandler
                0x08001c30                FDCAN1_IT1_IRQHandler
                0x08001c30                LTDC_ER_IRQHandler
                0x08001c30                DMA2_Stream2_IRQHandler
                0x08001c30                HRTIM1_TIME_IRQHandler
                0x08001c30                SPI1_IRQHandler
                0x08001c30                TIM6_DAC_IRQHandler
                0x08001c30                DCMI_IRQHandler
                0x08001c30                HRTIM1_TIMC_IRQHandler
                0x08001c30                DMA2_Stream3_IRQHandler
                0x08001c30                SAI2_IRQHandler
                0x08001c30                DFSDM1_FLT3_IRQHandler
                0x08001c30                USART6_IRQHandler
                0x08001c30                TIM17_IRQHandler
                0x08001c30                USART3_IRQHandler
                0x08001c30                BDMA_Channel7_IRQHandler
                0x08001c30                CRYP_IRQHandler
                0x08001c30                LPTIM5_IRQHandler
                0x08001c30                UART5_IRQHandler
                0x08001c30                ADC3_IRQHandler
                0x08001c30                DMA2_Stream0_IRQHandler
                0x08001c30                TIM4_IRQHandler
                0x08001c30                BDMA_Channel2_IRQHandler
                0x08001c30                QUADSPI_IRQHandler
                0x08001c30                I2C1_EV_IRQHandler
                0x08001c30                DMA1_Stream6_IRQHandler
                0x08001c30                DMAMUX1_OVR_IRQHandler
                0x08001c30                DMA1_Stream1_IRQHandler
                0x08001c30                TIM16_IRQHandler
                0x08001c30                UART4_IRQHandler
                0x08001c30                BDMA_Channel5_IRQHandler
                0x08001c30                TIM3_IRQHandler
                0x08001c30                RCC_IRQHandler
                0x08001c30                TIM8_BRK_TIM12_IRQHandler
                0x08001c30                TIM1_TRG_COM_IRQHandler
                0x08001c30                Default_Handler
                0x08001c30                ECC_IRQHandler
                0x08001c30                CEC_IRQHandler
                0x08001c30                EXTI15_10_IRQHandler
                0x08001c30                BDMA_Channel0_IRQHandler
                0x08001c30                ADC_IRQHandler
                0x08001c30                DMA1_Stream7_IRQHandler
                0x08001c30                HRTIM1_TIMA_IRQHandler
                0x08001c30                SPI5_IRQHandler
                0x08001c30                TIM7_IRQHandler
                0x08001c30                TIM5_IRQHandler
                0x08001c30                DMA2_Stream7_IRQHandler
                0x08001c30                TIM15_IRQHandler
                0x08001c30                PVD_AVD_IRQHandler
                0x08001c30                I2C3_EV_IRQHandler
                0x08001c30                EXTI9_5_IRQHandler
                0x08001c30                RTC_WKUP_IRQHandler
                0x08001c30                LTDC_IRQHandler
                0x08001c30                SAI3_IRQHandler
                0x08001c30                ETH_WKUP_IRQHandler
                0x08001c30                SPDIF_RX_IRQHandler
                0x08001c30                SPI2_IRQHandler
                0x08001c30                OTG_HS_EP1_IN_IRQHandler
                0x08001c30                DMA1_Stream0_IRQHandler
                0x08001c30                CRS_IRQHandler
                0x08001c30                EXTI4_IRQHandler
                0x08001c30                HRTIM1_TIMB_IRQHandler
                0x08001c30                FDCAN2_IT1_IRQHandler
                0x08001c30                ETH_IRQHandler
                0x08001c30                TIM1_UP_IRQHandler
                0x08001c30                BDMA_Channel4_IRQHandler
                0x08001c30                OTG_HS_EP1_OUT_IRQHandler
                0x08001c30                WWDG_IRQHandler
                0x08001c30                SPI6_IRQHandler
                0x08001c30                MDIOS_IRQHandler
                0x08001c30                I2C4_EV_IRQHandler
                0x08001c30                FDCAN2_IT0_IRQHandler
                0x08001c30                LPUART1_IRQHandler
                0x08001c30                FDCAN1_IT0_IRQHandler
                0x08001c30                TIM2_IRQHandler
                0x08001c30                OTG_FS_WKUP_IRQHandler
                0x08001c30                OTG_HS_IRQHandler
                0x08001c30                DMA2D_IRQHandler
                0x08001c30                TIM1_BRK_IRQHandler
                0x08001c30                EXTI1_IRQHandler
                0x08001c30                SDMMC2_IRQHandler
                0x08001c30                OTG_FS_EP1_OUT_IRQHandler
                0x08001c30                BDMA_Channel3_IRQHandler
                0x08001c30                UART7_IRQHandler
                0x08001c30                MDIOS_WKUP_IRQHandler
                0x08001c30                USART2_IRQHandler
                0x08001c30                DFSDM1_FLT0_IRQHandler
                0x08001c30                SAI4_IRQHandler
                0x08001c30                I2C2_ER_IRQHandler
                0x08001c30                DMA2_Stream1_IRQHandler
                0x08001c30                FLASH_IRQHandler
                0x08001c30                DMA2_Stream4_IRQHandler
                0x08001c30                USART1_IRQHandler
                0x08001c30                SPI3_IRQHandler
                0x08001c30                WAKEUP_PIN_IRQHandler
                0x08001c30                DMA1_Stream4_IRQHandler
                0x08001c30                OTG_FS_EP1_IN_IRQHandler
                0x08001c30                I2C1_ER_IRQHandler
                0x08001c30                FMC_IRQHandler
                0x08001c30                FDCAN_CAL_IRQHandler
                0x08001c30                SWPMI1_IRQHandler
                0x08001c30                COMP1_IRQHandler
                0x08001c30                LPTIM1_IRQHandler
                0x08001c30                I2C4_ER_IRQHandler
                0x08001c30                DMA2_Stream6_IRQHandler
                0x08001c30                SAI1_IRQHandler
                0x08001c30                DMA1_Stream3_IRQHandler
 *fill*         0x08001c32        0x2 
 .text.HAL_InitTick
                0x08001c34       0x50 CMakeFiles/STM32H7_Test.elf.dir/Drivers/STM32H7xx_HAL_Driver/Src/stm32h7xx_hal.c.obj
                0x08001c34                HAL_InitTick
 .text.HAL_Init
                0x08001c84       0x5c CMakeFiles/STM32H7_Test.elf.dir/Drivers/STM32H7xx_HAL_Driver/Src/stm32h7xx_hal.c.obj
                0x08001c84                HAL_Init
 .text.HAL_IncTick
                0x08001ce0       0x18 CMakeFiles/STM32H7_Test.elf.dir/Drivers/STM32H7xx_HAL_Driver/Src/stm32h7xx_hal.c.obj
                0x08001ce0                HAL_IncTick
 .text.HAL_GetTick
                0x08001cf8        0xc CMakeFiles/STM32H7_Test.elf.dir/Drivers/STM32H7xx_HAL_Driver/Src/stm32h7xx_hal.c.obj
                0x08001cf8                HAL_GetTick
 .text.HAL_Delay
                0x08001d04       0x28 CMakeFiles/STM32H7_Test.elf.dir/Drivers/STM32H7xx_HAL_Driver/Src/stm32h7xx_hal.c.obj
                0x08001d04                HAL_Delay
 .text.HAL_GetREVID
                0x08001d2c        0xc CMakeFiles/STM32H7_Test.elf.dir/Drivers/STM32H7xx_HAL_Driver/Src/stm32h7xx_hal.c.obj
                0x08001d2c                HAL_GetREVID
 .text.HAL_NVIC_SetPriorityGrouping
                0x08001d38       0x24 CMakeFiles/STM32H7_Test.elf.dir/Drivers/STM32H7xx_HAL_Driver/Src/stm32h7xx_hal_cortex.c.obj
                0x08001d38                HAL_NVIC_SetPriorityGrouping
 .text.HAL_NVIC_SetPriority
                0x08001d5c       0x6c CMakeFiles/STM32H7_Test.elf.dir/Drivers/STM32H7xx_HAL_Driver/Src/stm32h7xx_hal_cortex.c.obj
                0x08001d5c                HAL_NVIC_SetPriority
 .text.HAL_NVIC_EnableIRQ
                0x08001dc8       0x1c CMakeFiles/STM32H7_Test.elf.dir/Drivers/STM32H7xx_HAL_Driver/Src/stm32h7xx_hal_cortex.c.obj
                0x08001dc8                HAL_NVIC_EnableIRQ
 .text.HAL_SYSTICK_Config
                0x08001de4       0x28 CMakeFiles/STM32H7_Test.elf.dir/Drivers/STM32H7xx_HAL_Driver/Src/stm32h7xx_hal_cortex.c.obj
                0x08001de4                HAL_SYSTICK_Config
 .text.HAL_CRC_Init
                0x08001e0c       0x80 CMakeFiles/STM32H7_Test.elf.dir/Drivers/STM32H7xx_HAL_Driver/Src/stm32h7xx_hal_crc.c.obj
                0x08001e0c                HAL_CRC_Init
 .text.HAL_CRCEx_Polynomial_Set
                0x08001e8c       0x78 CMakeFiles/STM32H7_Test.elf.dir/Drivers/STM32H7xx_HAL_Driver/Src/stm32h7xx_hal_crc_ex.c.obj
                0x08001e8c                HAL_CRCEx_Polynomial_Set
 .text.HAL_GPIO_Init
                0x08001f04      0x220 CMakeFiles/STM32H7_Test.elf.dir/Drivers/STM32H7xx_HAL_Driver/Src/stm32h7xx_hal_gpio.c.obj
                0x08001f04                HAL_GPIO_Init
 .text.HAL_GPIO_ReadPin
                0x08002124        0xe CMakeFiles/STM32H7_Test.elf.dir/Drivers/STM32H7xx_HAL_Driver/Src/stm32h7xx_hal_gpio.c.obj
                0x08002124                HAL_GPIO_ReadPin
 .text.HAL_GPIO_WritePin
                0x08002132        0xc CMakeFiles/STM32H7_Test.elf.dir/Drivers/STM32H7xx_HAL_Driver/Src/stm32h7xx_hal_gpio.c.obj
                0x08002132                HAL_GPIO_WritePin
 .text.HAL_GPIO_TogglePin
                0x0800213e       0x12 CMakeFiles/STM32H7_Test.elf.dir/Drivers/STM32H7xx_HAL_Driver/Src/stm32h7xx_hal_gpio.c.obj
                0x0800213e                HAL_GPIO_TogglePin
 .text.MDMA_Init
                0x08002150       0xb8 CMakeFiles/STM32H7_Test.elf.dir/Drivers/STM32H7xx_HAL_Driver/Src/stm32h7xx_hal_mdma.c.obj
 .text.HAL_MDMA_Init
                0x08002208       0x60 CMakeFiles/STM32H7_Test.elf.dir/Drivers/STM32H7xx_HAL_Driver/Src/stm32h7xx_hal_mdma.c.obj
                0x08002208                HAL_MDMA_Init
 .text.HAL_MDMA_ConfigPostRequestMask
                0x08002268       0x66 CMakeFiles/STM32H7_Test.elf.dir/Drivers/STM32H7xx_HAL_Driver/Src/stm32h7xx_hal_mdma.c.obj
                0x08002268                HAL_MDMA_ConfigPostRequestMask
 *fill*         0x080022ce        0x2 
 .text.HAL_MDMA_IRQHandler
                0x080022d0      0x1b4 CMakeFiles/STM32H7_Test.elf.dir/Drivers/STM32H7xx_HAL_Driver/Src/stm32h7xx_hal_mdma.c.obj
                0x080022d0                HAL_MDMA_IRQHandler
 .text.PCD_WriteEmptyTxFifo
                0x08002484       0xd0 CMakeFiles/STM32H7_Test.elf.dir/Drivers/STM32H7xx_HAL_Driver/Src/stm32h7xx_hal_pcd.c.obj
 .text.HAL_PCD_Init
                0x08002554      0x13c CMakeFiles/STM32H7_Test.elf.dir/Drivers/STM32H7xx_HAL_Driver/Src/stm32h7xx_hal_pcd.c.obj
                0x08002554                HAL_PCD_Init
 .text.HAL_PCD_Start
                0x08002690       0x44 CMakeFiles/STM32H7_Test.elf.dir/Drivers/STM32H7xx_HAL_Driver/Src/stm32h7xx_hal_pcd.c.obj
                0x08002690                HAL_PCD_Start
 .text.PCD_EP_OutXfrComplete_int
                0x080026d4      0x104 CMakeFiles/STM32H7_Test.elf.dir/Drivers/STM32H7xx_HAL_Driver/Src/stm32h7xx_hal_pcd.c.obj
 .text.PCD_EP_OutSetupPacket_int
                0x080027d8       0x50 CMakeFiles/STM32H7_Test.elf.dir/Drivers/STM32H7xx_HAL_Driver/Src/stm32h7xx_hal_pcd.c.obj
 .text.HAL_PCD_SetAddress
                0x08002828       0x28 CMakeFiles/STM32H7_Test.elf.dir/Drivers/STM32H7xx_HAL_Driver/Src/stm32h7xx_hal_pcd.c.obj
                0x08002828                HAL_PCD_SetAddress
 .text.HAL_PCD_EP_Open
                0x08002850       0x8a CMakeFiles/STM32H7_Test.elf.dir/Drivers/STM32H7xx_HAL_Driver/Src/stm32h7xx_hal_pcd.c.obj
                0x08002850                HAL_PCD_EP_Open
 .text.HAL_PCD_EP_Close
                0x080028da       0x72 CMakeFiles/STM32H7_Test.elf.dir/Drivers/STM32H7xx_HAL_Driver/Src/stm32h7xx_hal_pcd.c.obj
                0x080028da                HAL_PCD_EP_Close
 .text.HAL_PCD_EP_Receive
                0x0800294c       0x4a CMakeFiles/STM32H7_Test.elf.dir/Drivers/STM32H7xx_HAL_Driver/Src/stm32h7xx_hal_pcd.c.obj
                0x0800294c                HAL_PCD_EP_Receive
 .text.HAL_PCD_EP_GetRxCount
                0x08002996       0x12 CMakeFiles/STM32H7_Test.elf.dir/Drivers/STM32H7xx_HAL_Driver/Src/stm32h7xx_hal_pcd.c.obj
                0x08002996                HAL_PCD_EP_GetRxCount
 .text.HAL_PCD_EP_Transmit
                0x080029a8       0x4a CMakeFiles/STM32H7_Test.elf.dir/Drivers/STM32H7xx_HAL_Driver/Src/stm32h7xx_hal_pcd.c.obj
                0x080029a8                HAL_PCD_EP_Transmit
 .text.HAL_PCD_EP_SetStall
                0x080029f2       0x88 CMakeFiles/STM32H7_Test.elf.dir/Drivers/STM32H7xx_HAL_Driver/Src/stm32h7xx_hal_pcd.c.obj
                0x080029f2                HAL_PCD_EP_SetStall
 .text.HAL_PCD_EP_ClrStall
                0x08002a7a       0x76 CMakeFiles/STM32H7_Test.elf.dir/Drivers/STM32H7xx_HAL_Driver/Src/stm32h7xx_hal_pcd.c.obj
                0x08002a7a                HAL_PCD_EP_ClrStall
 .text.HAL_PCD_EP_Abort
                0x08002af0       0x34 CMakeFiles/STM32H7_Test.elf.dir/Drivers/STM32H7xx_HAL_Driver/Src/stm32h7xx_hal_pcd.c.obj
                0x08002af0                HAL_PCD_EP_Abort
 .text.HAL_PCD_IRQHandler
                0x08002b24      0x606 CMakeFiles/STM32H7_Test.elf.dir/Drivers/STM32H7xx_HAL_Driver/Src/stm32h7xx_hal_pcd.c.obj
                0x08002b24                HAL_PCD_IRQHandler
 .text.HAL_PCD_EP_Flush
                0x0800312a       0x36 CMakeFiles/STM32H7_Test.elf.dir/Drivers/STM32H7xx_HAL_Driver/Src/stm32h7xx_hal_pcd.c.obj
                0x0800312a                HAL_PCD_EP_Flush
 .text.HAL_PCDEx_SetTxFiFo
                0x08003160       0x4c CMakeFiles/STM32H7_Test.elf.dir/Drivers/STM32H7xx_HAL_Driver/Src/stm32h7xx_hal_pcd_ex.c.obj
                0x08003160                HAL_PCDEx_SetTxFiFo
 .text.HAL_PCDEx_SetRxFiFo
                0x080031ac        0x8 CMakeFiles/STM32H7_Test.elf.dir/Drivers/STM32H7xx_HAL_Driver/Src/stm32h7xx_hal_pcd_ex.c.obj
                0x080031ac                HAL_PCDEx_SetRxFiFo
 .text.HAL_PCDEx_ActivateLPM
                0x080031b4       0x28 CMakeFiles/STM32H7_Test.elf.dir/Drivers/STM32H7xx_HAL_Driver/Src/stm32h7xx_hal_pcd_ex.c.obj
                0x080031b4                HAL_PCDEx_ActivateLPM
 .text.HAL_PCDEx_LPM_Callback
                0x080031dc        0x2 CMakeFiles/STM32H7_Test.elf.dir/Drivers/STM32H7xx_HAL_Driver/Src/stm32h7xx_hal_pcd_ex.c.obj
                0x080031dc                HAL_PCDEx_LPM_Callback
 *fill*         0x080031de        0x2 
 .text.HAL_PWREx_ConfigSupply
                0x080031e0       0x54 CMakeFiles/STM32H7_Test.elf.dir/Drivers/STM32H7xx_HAL_Driver/Src/stm32h7xx_hal_pwr_ex.c.obj
                0x080031e0                HAL_PWREx_ConfigSupply
 .text.HAL_PWREx_EnableUSBVoltageDetector
                0x08003234       0x10 CMakeFiles/STM32H7_Test.elf.dir/Drivers/STM32H7xx_HAL_Driver/Src/stm32h7xx_hal_pwr_ex.c.obj
                0x08003234                HAL_PWREx_EnableUSBVoltageDetector
 .text.QSPI_WaitFlagStateUntilTimeout
                0x08003244       0x54 CMakeFiles/STM32H7_Test.elf.dir/Drivers/STM32H7xx_HAL_Driver/Src/stm32h7xx_hal_qspi.c.obj
 .text.HAL_QSPI_SetTimeout
                0x08003298        0x4 CMakeFiles/STM32H7_Test.elf.dir/Drivers/STM32H7xx_HAL_Driver/Src/stm32h7xx_hal_qspi.c.obj
                0x08003298                HAL_QSPI_SetTimeout
 .text.HAL_QSPI_Init
                0x0800329c       0xa8 CMakeFiles/STM32H7_Test.elf.dir/Drivers/STM32H7xx_HAL_Driver/Src/stm32h7xx_hal_qspi.c.obj
                0x0800329c                HAL_QSPI_Init
 .text.HAL_RCC_OscConfig
                0x08003344      0x6b4 CMakeFiles/STM32H7_Test.elf.dir/Drivers/STM32H7xx_HAL_Driver/Src/stm32h7xx_hal_rcc.c.obj
                0x08003344                HAL_RCC_OscConfig
 .text.HAL_RCC_GetSysClockFreq
                0x080039f8      0x1f4 CMakeFiles/STM32H7_Test.elf.dir/Drivers/STM32H7xx_HAL_Driver/Src/stm32h7xx_hal_rcc.c.obj
                0x080039f8                HAL_RCC_GetSysClockFreq
 .text.HAL_RCC_ClockConfig
                0x08003bec      0x294 CMakeFiles/STM32H7_Test.elf.dir/Drivers/STM32H7xx_HAL_Driver/Src/stm32h7xx_hal_rcc.c.obj
                0x08003bec                HAL_RCC_ClockConfig
 .text.HAL_RCC_GetHCLKFreq
                0x08003e80       0x44 CMakeFiles/STM32H7_Test.elf.dir/Drivers/STM32H7xx_HAL_Driver/Src/stm32h7xx_hal_rcc.c.obj
                0x08003e80                HAL_RCC_GetHCLKFreq
 .text.HAL_RCC_GetPCLK1Freq
                0x08003ec4       0x24 CMakeFiles/STM32H7_Test.elf.dir/Drivers/STM32H7xx_HAL_Driver/Src/stm32h7xx_hal_rcc.c.obj
                0x08003ec4                HAL_RCC_GetPCLK1Freq
 .text.HAL_RCC_GetPCLK2Freq
                0x08003ee8       0x24 CMakeFiles/STM32H7_Test.elf.dir/Drivers/STM32H7xx_HAL_Driver/Src/stm32h7xx_hal_rcc.c.obj
                0x08003ee8                HAL_RCC_GetPCLK2Freq
 .text.RCCEx_PLL2_Config
                0x08003f0c      0x10c CMakeFiles/STM32H7_Test.elf.dir/Drivers/STM32H7xx_HAL_Driver/Src/stm32h7xx_hal_rcc_ex.c.obj
 .text.RCCEx_PLL3_Config
                0x08004018      0x10c CMakeFiles/STM32H7_Test.elf.dir/Drivers/STM32H7xx_HAL_Driver/Src/stm32h7xx_hal_rcc_ex.c.obj
 .text.HAL_RCCEx_PeriphCLKConfig
                0x08004124      0xa8c CMakeFiles/STM32H7_Test.elf.dir/Drivers/STM32H7xx_HAL_Driver/Src/stm32h7xx_hal_rcc_ex.c.obj
                0x08004124                HAL_RCCEx_PeriphCLKConfig
 .text.HAL_RCCEx_GetD3PCLK1Freq
                0x08004bb0       0x24 CMakeFiles/STM32H7_Test.elf.dir/Drivers/STM32H7xx_HAL_Driver/Src/stm32h7xx_hal_rcc_ex.c.obj
                0x08004bb0                HAL_RCCEx_GetD3PCLK1Freq
 .text.HAL_RCCEx_GetPLL2ClockFreq
                0x08004bd4      0x1f8 CMakeFiles/STM32H7_Test.elf.dir/Drivers/STM32H7xx_HAL_Driver/Src/stm32h7xx_hal_rcc_ex.c.obj
                0x08004bd4                HAL_RCCEx_GetPLL2ClockFreq
 .text.HAL_RCCEx_GetPLL3ClockFreq
                0x08004dcc      0x1f8 CMakeFiles/STM32H7_Test.elf.dir/Drivers/STM32H7xx_HAL_Driver/Src/stm32h7xx_hal_rcc_ex.c.obj
                0x08004dcc                HAL_RCCEx_GetPLL3ClockFreq
 .text.HAL_RCCEx_GetPLL1ClockFreq
                0x08004fc4      0x1f8 CMakeFiles/STM32H7_Test.elf.dir/Drivers/STM32H7xx_HAL_Driver/Src/stm32h7xx_hal_rcc_ex.c.obj
                0x08004fc4                HAL_RCCEx_GetPLL1ClockFreq
 .text.HAL_RCCEx_GetPeriphCLKFreq
                0x080051bc      0x6d0 CMakeFiles/STM32H7_Test.elf.dir/Drivers/STM32H7xx_HAL_Driver/Src/stm32h7xx_hal_rcc_ex.c.obj
                0x080051bc                HAL_RCCEx_GetPeriphCLKFreq
 .text.SD_PowerON
                0x0800588c       0xc4 CMakeFiles/STM32H7_Test.elf.dir/Drivers/STM32H7xx_HAL_Driver/Src/stm32h7xx_hal_sd.c.obj
 .text.SD_Read_IT
                0x08005950       0x3c CMakeFiles/STM32H7_Test.elf.dir/Drivers/STM32H7xx_HAL_Driver/Src/stm32h7xx_hal_sd.c.obj
 .text.SD_Write_IT
                0x0800598c       0x4c CMakeFiles/STM32H7_Test.elf.dir/Drivers/STM32H7xx_HAL_Driver/Src/stm32h7xx_hal_sd.c.obj
 .text.SD_SendSDStatus
                0x080059d8      0x108 CMakeFiles/STM32H7_Test.elf.dir/Drivers/STM32H7xx_HAL_Driver/Src/stm32h7xx_hal_sd.c.obj
 .text.SD_FindSCR
                0x08005ae0      0x108 CMakeFiles/STM32H7_Test.elf.dir/Drivers/STM32H7xx_HAL_Driver/Src/stm32h7xx_hal_sd.c.obj
 .text.SD_WideBus_Enable
                0x08005be8       0x4e CMakeFiles/STM32H7_Test.elf.dir/Drivers/STM32H7xx_HAL_Driver/Src/stm32h7xx_hal_sd.c.obj
 .text.SD_WideBus_Disable
                0x08005c36       0x4e CMakeFiles/STM32H7_Test.elf.dir/Drivers/STM32H7xx_HAL_Driver/Src/stm32h7xx_hal_sd.c.obj
 .text.SD_SendStatus
                0x08005c84       0x2c CMakeFiles/STM32H7_Test.elf.dir/Drivers/STM32H7xx_HAL_Driver/Src/stm32h7xx_hal_sd.c.obj
 .text.HAL_SD_ReadBlocks_DMA
                0x08005cb0       0xe0 CMakeFiles/STM32H7_Test.elf.dir/Drivers/STM32H7xx_HAL_Driver/Src/stm32h7xx_hal_sd.c.obj
                0x08005cb0                HAL_SD_ReadBlocks_DMA
 .text.HAL_SD_WriteBlocks_DMA
                0x08005d90       0xe0 CMakeFiles/STM32H7_Test.elf.dir/Drivers/STM32H7xx_HAL_Driver/Src/stm32h7xx_hal_sd.c.obj
                0x08005d90                HAL_SD_WriteBlocks_DMA
 .text.HAL_SD_ErrorCallback
                0x08005e70        0x2 CMakeFiles/STM32H7_Test.elf.dir/Drivers/STM32H7xx_HAL_Driver/Src/stm32h7xx_hal_sd.c.obj
                0x08005e70                HAL_SD_ErrorCallback
 .text.HAL_SD_GetCardCID
                0x08005e72       0x52 CMakeFiles/STM32H7_Test.elf.dir/Drivers/STM32H7xx_HAL_Driver/Src/stm32h7xx_hal_sd.c.obj
                0x08005e72                HAL_SD_GetCardCID
 .text.HAL_SD_GetCardCSD
                0x08005ec4      0x1b8 CMakeFiles/STM32H7_Test.elf.dir/Drivers/STM32H7xx_HAL_Driver/Src/stm32h7xx_hal_sd.c.obj
                0x08005ec4                HAL_SD_GetCardCSD
 .text.SD_InitCard
                0x0800607c       0xfc CMakeFiles/STM32H7_Test.elf.dir/Drivers/STM32H7xx_HAL_Driver/Src/stm32h7xx_hal_sd.c.obj
 .text.HAL_SD_InitCard
                0x08006178       0xcc CMakeFiles/STM32H7_Test.elf.dir/Drivers/STM32H7xx_HAL_Driver/Src/stm32h7xx_hal_sd.c.obj
                0x08006178                HAL_SD_InitCard
 .text.HAL_SD_GetCardStatus
                0x08006244       0xd0 CMakeFiles/STM32H7_Test.elf.dir/Drivers/STM32H7xx_HAL_Driver/Src/stm32h7xx_hal_sd.c.obj
                0x08006244                HAL_SD_GetCardStatus
 .text.HAL_SD_GetCardInfo
                0x08006314       0x24 CMakeFiles/STM32H7_Test.elf.dir/Drivers/STM32H7xx_HAL_Driver/Src/stm32h7xx_hal_sd.c.obj
                0x08006314                HAL_SD_GetCardInfo
 .text.HAL_SD_ConfigWideBusOperation
                0x08006338      0x158 CMakeFiles/STM32H7_Test.elf.dir/Drivers/STM32H7xx_HAL_Driver/Src/stm32h7xx_hal_sd.c.obj
                0x08006338                HAL_SD_ConfigWideBusOperation
 .text.HAL_SD_GetCardState
                0x08006490       0x22 CMakeFiles/STM32H7_Test.elf.dir/Drivers/STM32H7xx_HAL_Driver/Src/stm32h7xx_hal_sd.c.obj
                0x08006490                HAL_SD_GetCardState
 .text.HAL_SD_Init
                0x080064b2       0xba CMakeFiles/STM32H7_Test.elf.dir/Drivers/STM32H7xx_HAL_Driver/Src/stm32h7xx_hal_sd.c.obj
                0x080064b2                HAL_SD_Init
 .text.HAL_SDEx_Read_DMADoubleBuf0CpltCallback
                0x0800656c        0x2 CMakeFiles/STM32H7_Test.elf.dir/Drivers/STM32H7xx_HAL_Driver/Src/stm32h7xx_hal_sd.c.obj
                0x0800656c                HAL_SDEx_Read_DMADoubleBuf0CpltCallback
 .text.HAL_SDEx_Read_DMADoubleBuf1CpltCallback
                0x0800656e        0x2 CMakeFiles/STM32H7_Test.elf.dir/Drivers/STM32H7xx_HAL_Driver/Src/stm32h7xx_hal_sd.c.obj
                0x0800656e                HAL_SDEx_Read_DMADoubleBuf1CpltCallback
 .text.HAL_SDEx_Write_DMADoubleBuf0CpltCallback
                0x08006570        0x2 CMakeFiles/STM32H7_Test.elf.dir/Drivers/STM32H7xx_HAL_Driver/Src/stm32h7xx_hal_sd.c.obj
                0x08006570                HAL_SDEx_Write_DMADoubleBuf0CpltCallback
 .text.HAL_SDEx_Write_DMADoubleBuf1CpltCallback
                0x08006572        0x2 CMakeFiles/STM32H7_Test.elf.dir/Drivers/STM32H7xx_HAL_Driver/Src/stm32h7xx_hal_sd.c.obj
                0x08006572                HAL_SDEx_Write_DMADoubleBuf1CpltCallback
 .text.HAL_SD_IRQHandler
                0x08006574      0x22c CMakeFiles/STM32H7_Test.elf.dir/Drivers/STM32H7xx_HAL_Driver/Src/stm32h7xx_hal_sd.c.obj
                0x08006574                HAL_SD_IRQHandler
 .text.UART_EndRxTransfer
                0x080067a0       0x58 CMakeFiles/STM32H7_Test.elf.dir/Drivers/STM32H7xx_HAL_Driver/Src/stm32h7xx_hal_uart.c.obj
 .text.UART_SetConfig
                0x080067f8      0x5f4 CMakeFiles/STM32H7_Test.elf.dir/Drivers/STM32H7xx_HAL_Driver/Src/stm32h7xx_hal_uart.c.obj
                0x080067f8                UART_SetConfig
 .text.UART_AdvFeatureConfig
                0x08006dec       0xca CMakeFiles/STM32H7_Test.elf.dir/Drivers/STM32H7xx_HAL_Driver/Src/stm32h7xx_hal_uart.c.obj
                0x08006dec                UART_AdvFeatureConfig
 .text.UART_WaitOnFlagUntilTimeout
                0x08006eb6       0x9a CMakeFiles/STM32H7_Test.elf.dir/Drivers/STM32H7xx_HAL_Driver/Src/stm32h7xx_hal_uart.c.obj
                0x08006eb6                UART_WaitOnFlagUntilTimeout
 .text.HAL_UART_Transmit
                0x08006f50       0xd0 CMakeFiles/STM32H7_Test.elf.dir/Drivers/STM32H7xx_HAL_Driver/Src/stm32h7xx_hal_uart.c.obj
                0x08006f50                HAL_UART_Transmit
 .text.UART_CheckIdleState
                0x08007020       0xca CMakeFiles/STM32H7_Test.elf.dir/Drivers/STM32H7xx_HAL_Driver/Src/stm32h7xx_hal_uart.c.obj
                0x08007020                UART_CheckIdleState
 .text.HAL_UART_Init
                0x080070ea       0x66 CMakeFiles/STM32H7_Test.elf.dir/Drivers/STM32H7xx_HAL_Driver/Src/stm32h7xx_hal_uart.c.obj
                0x080070ea                HAL_UART_Init
 .text.UARTEx_SetNbDataToProcess
                0x08007150       0x4c CMakeFiles/STM32H7_Test.elf.dir/Drivers/STM32H7xx_HAL_Driver/Src/stm32h7xx_hal_uart_ex.c.obj
 .text.HAL_UARTEx_DisableFifoMode
                0x0800719c       0x3e CMakeFiles/STM32H7_Test.elf.dir/Drivers/STM32H7xx_HAL_Driver/Src/stm32h7xx_hal_uart_ex.c.obj
                0x0800719c                HAL_UARTEx_DisableFifoMode
 .text.HAL_UARTEx_SetTxFifoThreshold
                0x080071da       0x4a CMakeFiles/STM32H7_Test.elf.dir/Drivers/STM32H7xx_HAL_Driver/Src/stm32h7xx_hal_uart_ex.c.obj
                0x080071da                HAL_UARTEx_SetTxFifoThreshold
 .text.HAL_UARTEx_SetRxFifoThreshold
                0x08007224       0x4a CMakeFiles/STM32H7_Test.elf.dir/Drivers/STM32H7xx_HAL_Driver/Src/stm32h7xx_hal_uart_ex.c.obj
                0x08007224                HAL_UARTEx_SetRxFifoThreshold
 *fill*         0x0800726e        0x2 
 .text.SDMMC_GetCmdError
                0x08007270       0x3c CMakeFiles/STM32H7_Test.elf.dir/Drivers/STM32H7xx_HAL_Driver/Src/stm32h7xx_ll_sdmmc.c.obj
 .text.SDMMC_Init
                0x080072ac       0x30 CMakeFiles/STM32H7_Test.elf.dir/Drivers/STM32H7xx_HAL_Driver/Src/stm32h7xx_ll_sdmmc.c.obj
                0x080072ac                SDMMC_Init
 .text.SDMMC_ReadFIFO
                0x080072dc        0x6 CMakeFiles/STM32H7_Test.elf.dir/Drivers/STM32H7xx_HAL_Driver/Src/stm32h7xx_ll_sdmmc.c.obj
                0x080072dc                SDMMC_ReadFIFO
 .text.SDMMC_WriteFIFO
                0x080072e2        0xa CMakeFiles/STM32H7_Test.elf.dir/Drivers/STM32H7xx_HAL_Driver/Src/stm32h7xx_ll_sdmmc.c.obj
                0x080072e2                SDMMC_WriteFIFO
 .text.SDMMC_PowerState_ON
                0x080072ec        0xc CMakeFiles/STM32H7_Test.elf.dir/Drivers/STM32H7xx_HAL_Driver/Src/stm32h7xx_ll_sdmmc.c.obj
                0x080072ec                SDMMC_PowerState_ON
 .text.SDMMC_GetPowerState
                0x080072f8        0x8 CMakeFiles/STM32H7_Test.elf.dir/Drivers/STM32H7xx_HAL_Driver/Src/stm32h7xx_ll_sdmmc.c.obj
                0x080072f8                SDMMC_GetPowerState
 .text.SDMMC_SendCommand
                0x08007300       0x24 CMakeFiles/STM32H7_Test.elf.dir/Drivers/STM32H7xx_HAL_Driver/Src/stm32h7xx_ll_sdmmc.c.obj
                0x08007300                SDMMC_SendCommand
 .text.SDMMC_GetCommandResponse
                0x08007324        0x6 CMakeFiles/STM32H7_Test.elf.dir/Drivers/STM32H7xx_HAL_Driver/Src/stm32h7xx_ll_sdmmc.c.obj
                0x08007324                SDMMC_GetCommandResponse
 .text.SDMMC_GetResponse
                0x0800732a        0x6 CMakeFiles/STM32H7_Test.elf.dir/Drivers/STM32H7xx_HAL_Driver/Src/stm32h7xx_ll_sdmmc.c.obj
                0x0800732a                SDMMC_GetResponse
 .text.SDMMC_ConfigData
                0x08007330       0x24 CMakeFiles/STM32H7_Test.elf.dir/Drivers/STM32H7xx_HAL_Driver/Src/stm32h7xx_ll_sdmmc.c.obj
                0x08007330                SDMMC_ConfigData
 .text.SDMMC_CmdGoIdleState
                0x08007354       0x26 CMakeFiles/STM32H7_Test.elf.dir/Drivers/STM32H7xx_HAL_Driver/Src/stm32h7xx_ll_sdmmc.c.obj
                0x08007354                SDMMC_CmdGoIdleState
 *fill*         0x0800737a        0x2 
 .text.SDMMC_GetCmdResp1
                0x0800737c      0x160 CMakeFiles/STM32H7_Test.elf.dir/Drivers/STM32H7xx_HAL_Driver/Src/stm32h7xx_ll_sdmmc.c.obj
                0x0800737c                SDMMC_GetCmdResp1
 .text.SDMMC_CmdBlockLength
                0x080074dc       0x32 CMakeFiles/STM32H7_Test.elf.dir/Drivers/STM32H7xx_HAL_Driver/Src/stm32h7xx_ll_sdmmc.c.obj
                0x080074dc                SDMMC_CmdBlockLength
 .text.SDMMC_CmdReadSingleBlock
                0x0800750e       0x32 CMakeFiles/STM32H7_Test.elf.dir/Drivers/STM32H7xx_HAL_Driver/Src/stm32h7xx_ll_sdmmc.c.obj
                0x0800750e                SDMMC_CmdReadSingleBlock
 .text.SDMMC_CmdReadMultiBlock
                0x08007540       0x32 CMakeFiles/STM32H7_Test.elf.dir/Drivers/STM32H7xx_HAL_Driver/Src/stm32h7xx_ll_sdmmc.c.obj
                0x08007540                SDMMC_CmdReadMultiBlock
 .text.SDMMC_CmdWriteSingleBlock
                0x08007572       0x32 CMakeFiles/STM32H7_Test.elf.dir/Drivers/STM32H7xx_HAL_Driver/Src/stm32h7xx_ll_sdmmc.c.obj
                0x08007572                SDMMC_CmdWriteSingleBlock
 .text.SDMMC_CmdWriteMultiBlock
                0x080075a4       0x32 CMakeFiles/STM32H7_Test.elf.dir/Drivers/STM32H7xx_HAL_Driver/Src/stm32h7xx_ll_sdmmc.c.obj
                0x080075a4                SDMMC_CmdWriteMultiBlock
 *fill*         0x080075d6        0x2 
 .text.SDMMC_CmdStopTransfer
                0x080075d8       0x58 CMakeFiles/STM32H7_Test.elf.dir/Drivers/STM32H7xx_HAL_Driver/Src/stm32h7xx_ll_sdmmc.c.obj
                0x080075d8                SDMMC_CmdStopTransfer
 .text.SDMMC_CmdSelDesel
                0x08007630       0x32 CMakeFiles/STM32H7_Test.elf.dir/Drivers/STM32H7xx_HAL_Driver/Src/stm32h7xx_ll_sdmmc.c.obj
                0x08007630                SDMMC_CmdSelDesel
 .text.SDMMC_CmdAppCommand
                0x08007662       0x32 CMakeFiles/STM32H7_Test.elf.dir/Drivers/STM32H7xx_HAL_Driver/Src/stm32h7xx_ll_sdmmc.c.obj
                0x08007662                SDMMC_CmdAppCommand
 .text.SDMMC_CmdBusWidth
                0x08007694       0x32 CMakeFiles/STM32H7_Test.elf.dir/Drivers/STM32H7xx_HAL_Driver/Src/stm32h7xx_ll_sdmmc.c.obj
                0x08007694                SDMMC_CmdBusWidth
 .text.SDMMC_CmdSendSCR
                0x080076c6       0x32 CMakeFiles/STM32H7_Test.elf.dir/Drivers/STM32H7xx_HAL_Driver/Src/stm32h7xx_ll_sdmmc.c.obj
                0x080076c6                SDMMC_CmdSendSCR
 .text.SDMMC_CmdSendStatus
                0x080076f8       0x32 CMakeFiles/STM32H7_Test.elf.dir/Drivers/STM32H7xx_HAL_Driver/Src/stm32h7xx_ll_sdmmc.c.obj
                0x080076f8                SDMMC_CmdSendStatus
 .text.SDMMC_CmdStatusRegister
                0x0800772a       0x32 CMakeFiles/STM32H7_Test.elf.dir/Drivers/STM32H7xx_HAL_Driver/Src/stm32h7xx_ll_sdmmc.c.obj
                0x0800772a                SDMMC_CmdStatusRegister
 .text.SDMMC_GetCmdResp2
                0x0800775c       0x60 CMakeFiles/STM32H7_Test.elf.dir/Drivers/STM32H7xx_HAL_Driver/Src/stm32h7xx_ll_sdmmc.c.obj
                0x0800775c                SDMMC_GetCmdResp2
 .text.SDMMC_CmdSendCID
                0x080077bc       0x2c CMakeFiles/STM32H7_Test.elf.dir/Drivers/STM32H7xx_HAL_Driver/Src/stm32h7xx_ll_sdmmc.c.obj
                0x080077bc                SDMMC_CmdSendCID
 .text.SDMMC_CmdSendCSD
                0x080077e8       0x2c CMakeFiles/STM32H7_Test.elf.dir/Drivers/STM32H7xx_HAL_Driver/Src/stm32h7xx_ll_sdmmc.c.obj
                0x080077e8                SDMMC_CmdSendCSD
 .text.SDMMC_GetCmdResp3
                0x08007814       0x50 CMakeFiles/STM32H7_Test.elf.dir/Drivers/STM32H7xx_HAL_Driver/Src/stm32h7xx_ll_sdmmc.c.obj
                0x08007814                SDMMC_GetCmdResp3
 .text.SDMMC_CmdAppOperCommand
                0x08007864       0x2c CMakeFiles/STM32H7_Test.elf.dir/Drivers/STM32H7xx_HAL_Driver/Src/stm32h7xx_ll_sdmmc.c.obj
                0x08007864                SDMMC_CmdAppOperCommand
 .text.SDMMC_GetCmdResp6
                0x08007890       0xa4 CMakeFiles/STM32H7_Test.elf.dir/Drivers/STM32H7xx_HAL_Driver/Src/stm32h7xx_ll_sdmmc.c.obj
                0x08007890                SDMMC_GetCmdResp6
 .text.SDMMC_CmdSetRelAdd
                0x08007934       0x32 CMakeFiles/STM32H7_Test.elf.dir/Drivers/STM32H7xx_HAL_Driver/Src/stm32h7xx_ll_sdmmc.c.obj
                0x08007934                SDMMC_CmdSetRelAdd
 *fill*         0x08007966        0x2 
 .text.SDMMC_GetCmdResp7
                0x08007968       0x64 CMakeFiles/STM32H7_Test.elf.dir/Drivers/STM32H7xx_HAL_Driver/Src/stm32h7xx_ll_sdmmc.c.obj
                0x08007968                SDMMC_GetCmdResp7
 .text.SDMMC_CmdOperCond
                0x080079cc       0x30 CMakeFiles/STM32H7_Test.elf.dir/Drivers/STM32H7xx_HAL_Driver/Src/stm32h7xx_ll_sdmmc.c.obj
                0x080079cc                SDMMC_CmdOperCond
 .text.USB_CoreReset
                0x080079fc       0x50 CMakeFiles/STM32H7_Test.elf.dir/Drivers/STM32H7xx_HAL_Driver/Src/stm32h7xx_ll_usb.c.obj
 .text.USB_CoreInit
                0x08007a4c       0x9c CMakeFiles/STM32H7_Test.elf.dir/Drivers/STM32H7xx_HAL_Driver/Src/stm32h7xx_ll_usb.c.obj
                0x08007a4c                USB_CoreInit
 .text.USB_SetTurnaroundTime
                0x08007ae8       0xe4 CMakeFiles/STM32H7_Test.elf.dir/Drivers/STM32H7xx_HAL_Driver/Src/stm32h7xx_ll_usb.c.obj
                0x08007ae8                USB_SetTurnaroundTime
 .text.USB_EnableGlobalInt
                0x08007bcc        0xc CMakeFiles/STM32H7_Test.elf.dir/Drivers/STM32H7xx_HAL_Driver/Src/stm32h7xx_ll_usb.c.obj
                0x08007bcc                USB_EnableGlobalInt
 .text.USB_DisableGlobalInt
                0x08007bd8        0xc CMakeFiles/STM32H7_Test.elf.dir/Drivers/STM32H7xx_HAL_Driver/Src/stm32h7xx_ll_usb.c.obj
                0x08007bd8                USB_DisableGlobalInt
 .text.USB_FlushTxFifo
                0x08007be4       0x50 CMakeFiles/STM32H7_Test.elf.dir/Drivers/STM32H7xx_HAL_Driver/Src/stm32h7xx_ll_usb.c.obj
                0x08007be4                USB_FlushTxFifo
 .text.USB_FlushRxFifo
                0x08007c34       0x4c CMakeFiles/STM32H7_Test.elf.dir/Drivers/STM32H7xx_HAL_Driver/Src/stm32h7xx_ll_usb.c.obj
                0x08007c34                USB_FlushRxFifo
 .text.USB_SetDevSpeed
                0x08007c80        0xe CMakeFiles/STM32H7_Test.elf.dir/Drivers/STM32H7xx_HAL_Driver/Src/stm32h7xx_ll_usb.c.obj
                0x08007c80                USB_SetDevSpeed
 *fill*         0x08007c8e        0x2 
 .text.USB_DevInit
                0x08007c90      0x188 CMakeFiles/STM32H7_Test.elf.dir/Drivers/STM32H7xx_HAL_Driver/Src/stm32h7xx_ll_usb.c.obj
                0x08007c90                USB_DevInit
 .text.USB_GetDevSpeed
                0x08007e18       0x1e CMakeFiles/STM32H7_Test.elf.dir/Drivers/STM32H7xx_HAL_Driver/Src/stm32h7xx_ll_usb.c.obj
                0x08007e18                USB_GetDevSpeed
 *fill*         0x08007e36        0x2 
 .text.USB_ActivateEndpoint
                0x08007e38       0x9c CMakeFiles/STM32H7_Test.elf.dir/Drivers/STM32H7xx_HAL_Driver/Src/stm32h7xx_ll_usb.c.obj
                0x08007e38                USB_ActivateEndpoint
 .text.USB_DeactivateEndpoint
                0x08007ed4       0xe0 CMakeFiles/STM32H7_Test.elf.dir/Drivers/STM32H7xx_HAL_Driver/Src/stm32h7xx_ll_usb.c.obj
                0x08007ed4                USB_DeactivateEndpoint
 .text.USB_EPStopXfer
                0x08007fb4       0xbe CMakeFiles/STM32H7_Test.elf.dir/Drivers/STM32H7xx_HAL_Driver/Src/stm32h7xx_ll_usb.c.obj
                0x08007fb4                USB_EPStopXfer
 .text.USB_WritePacket
                0x08008072       0x2e CMakeFiles/STM32H7_Test.elf.dir/Drivers/STM32H7xx_HAL_Driver/Src/stm32h7xx_ll_usb.c.obj
                0x08008072                USB_WritePacket
 .text.USB_EPStartXfer
                0x080080a0      0x23c CMakeFiles/STM32H7_Test.elf.dir/Drivers/STM32H7xx_HAL_Driver/Src/stm32h7xx_ll_usb.c.obj
                0x080080a0                USB_EPStartXfer
 .text.USB_ReadPacket
                0x080082dc       0x54 CMakeFiles/STM32H7_Test.elf.dir/Drivers/STM32H7xx_HAL_Driver/Src/stm32h7xx_ll_usb.c.obj
                0x080082dc                USB_ReadPacket
 .text.USB_EPSetStall
                0x08008330       0x5a CMakeFiles/STM32H7_Test.elf.dir/Drivers/STM32H7xx_HAL_Driver/Src/stm32h7xx_ll_usb.c.obj
                0x08008330                USB_EPSetStall
 .text.USB_EPClearStall
                0x0800838a       0x5c CMakeFiles/STM32H7_Test.elf.dir/Drivers/STM32H7xx_HAL_Driver/Src/stm32h7xx_ll_usb.c.obj
                0x0800838a                USB_EPClearStall
 .text.USB_SetDevAddress
                0x080083e6       0x20 CMakeFiles/STM32H7_Test.elf.dir/Drivers/STM32H7xx_HAL_Driver/Src/stm32h7xx_ll_usb.c.obj
                0x080083e6                USB_SetDevAddress
 .text.USB_DevConnect
                0x08008406       0x1c CMakeFiles/STM32H7_Test.elf.dir/Drivers/STM32H7xx_HAL_Driver/Src/stm32h7xx_ll_usb.c.obj
                0x08008406                USB_DevConnect
 .text.USB_DevDisconnect
                0x08008422       0x1c CMakeFiles/STM32H7_Test.elf.dir/Drivers/STM32H7xx_HAL_Driver/Src/stm32h7xx_ll_usb.c.obj
                0x08008422                USB_DevDisconnect
 .text.USB_ReadInterrupts
                0x0800843e        0x8 CMakeFiles/STM32H7_Test.elf.dir/Drivers/STM32H7xx_HAL_Driver/Src/stm32h7xx_ll_usb.c.obj
                0x0800843e                USB_ReadInterrupts
 .text.USB_ReadDevAllOutEpInterrupt
                0x08008446       0x10 CMakeFiles/STM32H7_Test.elf.dir/Drivers/STM32H7xx_HAL_Driver/Src/stm32h7xx_ll_usb.c.obj
                0x08008446                USB_ReadDevAllOutEpInterrupt
 .text.USB_ReadDevAllInEpInterrupt
                0x08008456       0x10 CMakeFiles/STM32H7_Test.elf.dir/Drivers/STM32H7xx_HAL_Driver/Src/stm32h7xx_ll_usb.c.obj
                0x08008456                USB_ReadDevAllInEpInterrupt
 .text.USB_ReadDevOutEPInterrupt
                0x08008466       0x12 CMakeFiles/STM32H7_Test.elf.dir/Drivers/STM32H7xx_HAL_Driver/Src/stm32h7xx_ll_usb.c.obj
                0x08008466                USB_ReadDevOutEPInterrupt
 .text.USB_ReadDevInEPInterrupt
                0x08008478       0x28 CMakeFiles/STM32H7_Test.elf.dir/Drivers/STM32H7xx_HAL_Driver/Src/stm32h7xx_ll_usb.c.obj
                0x08008478                USB_ReadDevInEPInterrupt
 .text.USB_GetMode
                0x080084a0        0x8 CMakeFiles/STM32H7_Test.elf.dir/Drivers/STM32H7xx_HAL_Driver/Src/stm32h7xx_ll_usb.c.obj
                0x080084a0                USB_GetMode
 .text.USB_SetCurrentMode
                0x080084a8       0x62 CMakeFiles/STM32H7_Test.elf.dir/Drivers/STM32H7xx_HAL_Driver/Src/stm32h7xx_ll_usb.c.obj
                0x080084a8                USB_SetCurrentMode
 *fill*         0x0800850a        0x2 
 .text.USB_ActivateSetup
                0x0800850c       0x20 CMakeFiles/STM32H7_Test.elf.dir/Drivers/STM32H7xx_HAL_Driver/Src/stm32h7xx_ll_usb.c.obj
                0x0800850c                USB_ActivateSetup
 .text.USB_EP0_OutStart
                0x0800852c       0x60 CMakeFiles/STM32H7_Test.elf.dir/Drivers/STM32H7xx_HAL_Driver/Src/stm32h7xx_ll_usb.c.obj
                0x0800852c                USB_EP0_OutStart
 .text.MX_FATFS_Init
                0x0800858c       0x1c CMakeFiles/STM32H7_Test.elf.dir/FATFS/App/fatfs.c.obj
                0x0800858c                MX_FATFS_Init
 .text.get_fattime
                0x080085a8        0x4 CMakeFiles/STM32H7_Test.elf.dir/FATFS/App/fatfs.c.obj
                0x080085a8                get_fattime
 .text.CreateNewFile
                0x080085ac       0x94 CMakeFiles/STM32H7_Test.elf.dir/FATFS/App/fatfs.c.obj
                0x080085ac                CreateNewFile
 .text.ReadFileData
                0x08008640       0x80 CMakeFiles/STM32H7_Test.elf.dir/FATFS/App/fatfs.c.obj
                0x08008640                ReadFileData
 .text.CreateDir
                0x080086c0       0x5c CMakeFiles/STM32H7_Test.elf.dir/FATFS/App/fatfs.c.obj
                0x080086c0                CreateDir
 .text.ViewRootDir
                0x0800871c       0xbc CMakeFiles/STM32H7_Test.elf.dir/FATFS/App/fatfs.c.obj
                0x0800871c                ViewRootDir
 .text.BSP_SD_ReadBlocks_DMA
                0x080087d8       0x18 CMakeFiles/STM32H7_Test.elf.dir/FATFS/Target/bsp_driver_sd.c.obj
                0x080087d8                BSP_SD_ReadBlocks_DMA
 .text.BSP_SD_WriteBlocks_DMA
                0x080087f0       0x18 CMakeFiles/STM32H7_Test.elf.dir/FATFS/Target/bsp_driver_sd.c.obj
                0x080087f0                BSP_SD_WriteBlocks_DMA
 .text.BSP_SD_GetCardState
                0x08008808       0x14 CMakeFiles/STM32H7_Test.elf.dir/FATFS/Target/bsp_driver_sd.c.obj
                0x08008808                BSP_SD_GetCardState
 .text.BSP_SD_GetCardInfo
                0x0800881c       0x10 CMakeFiles/STM32H7_Test.elf.dir/FATFS/Target/bsp_driver_sd.c.obj
                0x0800881c                BSP_SD_GetCardInfo
 .text.HAL_SD_TxCpltCallback
                0x0800882c        0x8 CMakeFiles/STM32H7_Test.elf.dir/FATFS/Target/bsp_driver_sd.c.obj
                0x0800882c                HAL_SD_TxCpltCallback
 .text.HAL_SD_RxCpltCallback
                0x08008834        0x8 CMakeFiles/STM32H7_Test.elf.dir/FATFS/Target/bsp_driver_sd.c.obj
                0x08008834                HAL_SD_RxCpltCallback
 .text.BSP_SD_IsDetected
                0x0800883c       0x20 CMakeFiles/STM32H7_Test.elf.dir/FATFS/Target/bsp_driver_sd.c.obj
                0x0800883c                BSP_SD_IsDetected
 .text.BSP_SD_Init
                0x0800885c       0x34 CMakeFiles/STM32H7_Test.elf.dir/FATFS/Target/bsp_driver_sd.c.obj
                0x0800885c                BSP_SD_Init
 .text.BSP_PlatformIsDetected
                0x08008890       0x18 CMakeFiles/STM32H7_Test.elf.dir/FATFS/Target/fatfs_platform.c.obj
                0x08008890                BSP_PlatformIsDetected
 .text.SD_CheckStatus
                0x080088a8       0x24 CMakeFiles/STM32H7_Test.elf.dir/FATFS/Target/sd_diskio.c.obj
 .text.SD_initialize
                0x080088cc       0x20 CMakeFiles/STM32H7_Test.elf.dir/FATFS/Target/sd_diskio.c.obj
                0x080088cc                SD_initialize
 .text.SD_status
                0x080088ec        0x8 CMakeFiles/STM32H7_Test.elf.dir/FATFS/Target/sd_diskio.c.obj
                0x080088ec                SD_status
 .text.SD_CheckStatusWithTimeout
                0x080088f4       0x26 CMakeFiles/STM32H7_Test.elf.dir/FATFS/Target/sd_diskio.c.obj
 *fill*         0x0800891a        0x2 
 .text.SD_read  0x0800891c       0x80 CMakeFiles/STM32H7_Test.elf.dir/FATFS/Target/sd_diskio.c.obj
                0x0800891c                SD_read
 .text.SD_write
                0x0800899c       0x80 CMakeFiles/STM32H7_Test.elf.dir/FATFS/Target/sd_diskio.c.obj
                0x0800899c                SD_write
 .text.SD_ioctl
                0x08008a1c       0x58 CMakeFiles/STM32H7_Test.elf.dir/FATFS/Target/sd_diskio.c.obj
                0x08008a1c                SD_ioctl
 .text.BSP_SD_WriteCpltCallback
                0x08008a74        0xc CMakeFiles/STM32H7_Test.elf.dir/FATFS/Target/sd_diskio.c.obj
                0x08008a74                BSP_SD_WriteCpltCallback
 .text.BSP_SD_ReadCpltCallback
                0x08008a80        0xc CMakeFiles/STM32H7_Test.elf.dir/FATFS/Target/sd_diskio.c.obj
                0x08008a80                BSP_SD_ReadCpltCallback
 .text.USBD_MSC_GetDeviceQualifierDescriptor
                0x08008a8c        0xc CMakeFiles/STM32H7_Test.elf.dir/Middlewares/ST/STM32_USB_Device_Library/Class/MSC/Src/usbd_msc.c.obj
                0x08008a8c                USBD_MSC_GetDeviceQualifierDescriptor
 .text.USBD_MSC_Init
                0x08008a98       0xc8 CMakeFiles/STM32H7_Test.elf.dir/Middlewares/ST/STM32_USB_Device_Library/Class/MSC/Src/usbd_msc.c.obj
                0x08008a98                USBD_MSC_Init
 .text.USBD_MSC_DeInit
                0x08008b60       0x74 CMakeFiles/STM32H7_Test.elf.dir/Middlewares/ST/STM32_USB_Device_Library/Class/MSC/Src/usbd_msc.c.obj
                0x08008b60                USBD_MSC_DeInit
 .text.USBD_MSC_Setup
                0x08008bd4      0x144 CMakeFiles/STM32H7_Test.elf.dir/Middlewares/ST/STM32_USB_Device_Library/Class/MSC/Src/usbd_msc.c.obj
                0x08008bd4                USBD_MSC_Setup
 .text.USBD_MSC_DataIn
                0x08008d18        0xa CMakeFiles/STM32H7_Test.elf.dir/Middlewares/ST/STM32_USB_Device_Library/Class/MSC/Src/usbd_msc.c.obj
                0x08008d18                USBD_MSC_DataIn
 .text.USBD_MSC_DataOut
                0x08008d22        0xa CMakeFiles/STM32H7_Test.elf.dir/Middlewares/ST/STM32_USB_Device_Library/Class/MSC/Src/usbd_msc.c.obj
                0x08008d22                USBD_MSC_DataOut
 .text.USBD_MSC_GetHSCfgDesc
                0x08008d2c       0x38 CMakeFiles/STM32H7_Test.elf.dir/Middlewares/ST/STM32_USB_Device_Library/Class/MSC/Src/usbd_msc.c.obj
                0x08008d2c                USBD_MSC_GetHSCfgDesc
 .text.USBD_MSC_GetFSCfgDesc
                0x08008d64       0x38 CMakeFiles/STM32H7_Test.elf.dir/Middlewares/ST/STM32_USB_Device_Library/Class/MSC/Src/usbd_msc.c.obj
                0x08008d64                USBD_MSC_GetFSCfgDesc
 .text.USBD_MSC_GetOtherSpeedCfgDesc
                0x08008d9c       0x38 CMakeFiles/STM32H7_Test.elf.dir/Middlewares/ST/STM32_USB_Device_Library/Class/MSC/Src/usbd_msc.c.obj
                0x08008d9c                USBD_MSC_GetOtherSpeedCfgDesc
 .text.USBD_MSC_RegisterStorage
                0x08008dd4       0x16 CMakeFiles/STM32H7_Test.elf.dir/Middlewares/ST/STM32_USB_Device_Library/Class/MSC/Src/usbd_msc.c.obj
                0x08008dd4                USBD_MSC_RegisterStorage
 *fill*         0x08008dea        0x2 
 .text.MSC_BOT_SendData
                0x08008dec       0x3c CMakeFiles/STM32H7_Test.elf.dir/Middlewares/ST/STM32_USB_Device_Library/Class/MSC/Src/usbd_msc_bot.c.obj
 .text.MSC_BOT_Abort
                0x08008e28       0x5c CMakeFiles/STM32H7_Test.elf.dir/Middlewares/ST/STM32_USB_Device_Library/Class/MSC/Src/usbd_msc_bot.c.obj
 .text.MSC_BOT_Init
                0x08008e84       0x60 CMakeFiles/STM32H7_Test.elf.dir/Middlewares/ST/STM32_USB_Device_Library/Class/MSC/Src/usbd_msc_bot.c.obj
                0x08008e84                MSC_BOT_Init
 .text.MSC_BOT_Reset
                0x08008ee4       0x44 CMakeFiles/STM32H7_Test.elf.dir/Middlewares/ST/STM32_USB_Device_Library/Class/MSC/Src/usbd_msc_bot.c.obj
                0x08008ee4                MSC_BOT_Reset
 .text.MSC_BOT_DeInit
                0x08008f28       0x12 CMakeFiles/STM32H7_Test.elf.dir/Middlewares/ST/STM32_USB_Device_Library/Class/MSC/Src/usbd_msc_bot.c.obj
                0x08008f28                MSC_BOT_DeInit
 *fill*         0x08008f3a        0x2 
 .text.MSC_BOT_SendCSW
                0x08008f3c       0x4c CMakeFiles/STM32H7_Test.elf.dir/Middlewares/ST/STM32_USB_Device_Library/Class/MSC/Src/usbd_msc_bot.c.obj
                0x08008f3c                MSC_BOT_SendCSW
 .text.MSC_BOT_DataIn
                0x08008f88       0x44 CMakeFiles/STM32H7_Test.elf.dir/Middlewares/ST/STM32_USB_Device_Library/Class/MSC/Src/usbd_msc_bot.c.obj
                0x08008f88                MSC_BOT_DataIn
 .text.MSC_BOT_CBW_Decode
                0x08008fcc       0xb8 CMakeFiles/STM32H7_Test.elf.dir/Middlewares/ST/STM32_USB_Device_Library/Class/MSC/Src/usbd_msc_bot.c.obj
 .text.MSC_BOT_DataOut
                0x08009084       0x3c CMakeFiles/STM32H7_Test.elf.dir/Middlewares/ST/STM32_USB_Device_Library/Class/MSC/Src/usbd_msc_bot.c.obj
                0x08009084                MSC_BOT_DataOut
 .text.MSC_BOT_CplClrFeature
                0x080090c0       0x48 CMakeFiles/STM32H7_Test.elf.dir/Middlewares/ST/STM32_USB_Device_Library/Class/MSC/Src/usbd_msc_bot.c.obj
                0x080090c0                MSC_BOT_CplClrFeature
 .text.SCSI_AllowPreventRemovable
                0x08009108       0x28 CMakeFiles/STM32H7_Test.elf.dir/Middlewares/ST/STM32_USB_Device_Library/Class/MSC/Src/usbd_msc_scsi.c.obj
 .text.SCSI_UpdateBotData
                0x08009130       0x22 CMakeFiles/STM32H7_Test.elf.dir/Middlewares/ST/STM32_USB_Device_Library/Class/MSC/Src/usbd_msc_scsi.c.obj
 *fill*         0x08009152        0x2 
 .text.SCSI_ModeSense6
                0x08009154       0x2c CMakeFiles/STM32H7_Test.elf.dir/Middlewares/ST/STM32_USB_Device_Library/Class/MSC/Src/usbd_msc_scsi.c.obj
 .text.SCSI_ModeSense10
                0x08009180       0x2c CMakeFiles/STM32H7_Test.elf.dir/Middlewares/ST/STM32_USB_Device_Library/Class/MSC/Src/usbd_msc_scsi.c.obj
 .text.SCSI_SenseCode
                0x080091ac       0x38 CMakeFiles/STM32H7_Test.elf.dir/Middlewares/ST/STM32_USB_Device_Library/Class/MSC/Src/usbd_msc_scsi.c.obj
                0x080091ac                SCSI_SenseCode
 .text.SCSI_TestUnitReady
                0x080091e4       0x76 CMakeFiles/STM32H7_Test.elf.dir/Middlewares/ST/STM32_USB_Device_Library/Class/MSC/Src/usbd_msc_scsi.c.obj
 .text.SCSI_RequestSense
                0x0800925a       0x92 CMakeFiles/STM32H7_Test.elf.dir/Middlewares/ST/STM32_USB_Device_Library/Class/MSC/Src/usbd_msc_scsi.c.obj
 .text.SCSI_Inquiry
                0x080092ec       0xa4 CMakeFiles/STM32H7_Test.elf.dir/Middlewares/ST/STM32_USB_Device_Library/Class/MSC/Src/usbd_msc_scsi.c.obj
 .text.SCSI_StartStopUnit
                0x08009390       0x60 CMakeFiles/STM32H7_Test.elf.dir/Middlewares/ST/STM32_USB_Device_Library/Class/MSC/Src/usbd_msc_scsi.c.obj
 .text.SCSI_ReadFormatCapacity
                0x080093f0       0x94 CMakeFiles/STM32H7_Test.elf.dir/Middlewares/ST/STM32_USB_Device_Library/Class/MSC/Src/usbd_msc_scsi.c.obj
 .text.SCSI_ReadCapacity10
                0x08009484       0x7a CMakeFiles/STM32H7_Test.elf.dir/Middlewares/ST/STM32_USB_Device_Library/Class/MSC/Src/usbd_msc_scsi.c.obj
 .text.SCSI_ReadCapacity16
                0x080094fe       0xbe CMakeFiles/STM32H7_Test.elf.dir/Middlewares/ST/STM32_USB_Device_Library/Class/MSC/Src/usbd_msc_scsi.c.obj
 .text.SCSI_CheckAddressRange
                0x080095bc       0x32 CMakeFiles/STM32H7_Test.elf.dir/Middlewares/ST/STM32_USB_Device_Library/Class/MSC/Src/usbd_msc_scsi.c.obj
 *fill*         0x080095ee        0x2 
 .text.SCSI_ProcessRead
                0x080095f0       0xb4 CMakeFiles/STM32H7_Test.elf.dir/Middlewares/ST/STM32_USB_Device_Library/Class/MSC/Src/usbd_msc_scsi.c.obj
 .text.SCSI_Read10
                0x080096a4       0xe6 CMakeFiles/STM32H7_Test.elf.dir/Middlewares/ST/STM32_USB_Device_Library/Class/MSC/Src/usbd_msc_scsi.c.obj
 .text.SCSI_Read12
                0x0800978a       0xf4 CMakeFiles/STM32H7_Test.elf.dir/Middlewares/ST/STM32_USB_Device_Library/Class/MSC/Src/usbd_msc_scsi.c.obj
 *fill*         0x0800987e        0x2 
 .text.SCSI_ProcessWrite
                0x08009880       0xc4 CMakeFiles/STM32H7_Test.elf.dir/Middlewares/ST/STM32_USB_Device_Library/Class/MSC/Src/usbd_msc_scsi.c.obj
 .text.SCSI_Write10
                0x08009944      0x138 CMakeFiles/STM32H7_Test.elf.dir/Middlewares/ST/STM32_USB_Device_Library/Class/MSC/Src/usbd_msc_scsi.c.obj
 .text.SCSI_Write12
                0x08009a7c      0x14c CMakeFiles/STM32H7_Test.elf.dir/Middlewares/ST/STM32_USB_Device_Library/Class/MSC/Src/usbd_msc_scsi.c.obj
 .text.SCSI_Verify10
                0x08009bc8       0x46 CMakeFiles/STM32H7_Test.elf.dir/Middlewares/ST/STM32_USB_Device_Library/Class/MSC/Src/usbd_msc_scsi.c.obj
 .text.SCSI_ProcessCmd
                0x08009c0e       0xf8 CMakeFiles/STM32H7_Test.elf.dir/Middlewares/ST/STM32_USB_Device_Library/Class/MSC/Src/usbd_msc_scsi.c.obj
                0x08009c0e                SCSI_ProcessCmd
 *fill*         0x08009d06        0x2 
 .text.USBD_Init
                0x08009d08       0x48 CMakeFiles/STM32H7_Test.elf.dir/Middlewares/ST/STM32_USB_Device_Library/Core/Src/usbd_core.c.obj
                0x08009d08                USBD_Init
 .text.USBD_RegisterClass
                0x08009d50       0x50 CMakeFiles/STM32H7_Test.elf.dir/Middlewares/ST/STM32_USB_Device_Library/Core/Src/usbd_core.c.obj
                0x08009d50                USBD_RegisterClass
 .text.USBD_Start
                0x08009da0        0x8 CMakeFiles/STM32H7_Test.elf.dir/Middlewares/ST/STM32_USB_Device_Library/Core/Src/usbd_core.c.obj
                0x08009da0                USBD_Start
 .text.USBD_SetClassConfig
                0x08009da8       0x12 CMakeFiles/STM32H7_Test.elf.dir/Middlewares/ST/STM32_USB_Device_Library/Core/Src/usbd_core.c.obj
                0x08009da8                USBD_SetClassConfig
 .text.USBD_ClrClassConfig
                0x08009dba       0x12 CMakeFiles/STM32H7_Test.elf.dir/Middlewares/ST/STM32_USB_Device_Library/Core/Src/usbd_core.c.obj
                0x08009dba                USBD_ClrClassConfig
 .text.USBD_LL_SetupStage
                0x08009dcc       0x58 CMakeFiles/STM32H7_Test.elf.dir/Middlewares/ST/STM32_USB_Device_Library/Core/Src/usbd_core.c.obj
                0x08009dcc                USBD_LL_SetupStage
 .text.USBD_LL_Reset
                0x08009e24       0x64 CMakeFiles/STM32H7_Test.elf.dir/Middlewares/ST/STM32_USB_Device_Library/Core/Src/usbd_core.c.obj
                0x08009e24                USBD_LL_Reset
 .text.USBD_LL_SetSpeed
                0x08009e88        0x6 CMakeFiles/STM32H7_Test.elf.dir/Middlewares/ST/STM32_USB_Device_Library/Core/Src/usbd_core.c.obj
                0x08009e88                USBD_LL_SetSpeed
 .text.USBD_LL_Suspend
                0x08009e8e       0x1e CMakeFiles/STM32H7_Test.elf.dir/Middlewares/ST/STM32_USB_Device_Library/Core/Src/usbd_core.c.obj
                0x08009e8e                USBD_LL_Suspend
 .text.USBD_LL_Resume
                0x08009eac       0x1a CMakeFiles/STM32H7_Test.elf.dir/Middlewares/ST/STM32_USB_Device_Library/Core/Src/usbd_core.c.obj
                0x08009eac                USBD_LL_Resume
 .text.USBD_LL_SOF
                0x08009ec6       0x22 CMakeFiles/STM32H7_Test.elf.dir/Middlewares/ST/STM32_USB_Device_Library/Core/Src/usbd_core.c.obj
                0x08009ec6                USBD_LL_SOF
 .text.USBD_LL_IsoINIncomplete
                0x08009ee8       0x2e CMakeFiles/STM32H7_Test.elf.dir/Middlewares/ST/STM32_USB_Device_Library/Core/Src/usbd_core.c.obj
                0x08009ee8                USBD_LL_IsoINIncomplete
 .text.USBD_LL_IsoOUTIncomplete
                0x08009f16       0x2e CMakeFiles/STM32H7_Test.elf.dir/Middlewares/ST/STM32_USB_Device_Library/Core/Src/usbd_core.c.obj
                0x08009f16                USBD_LL_IsoOUTIncomplete
 .text.USBD_LL_DevConnected
                0x08009f44        0x4 CMakeFiles/STM32H7_Test.elf.dir/Middlewares/ST/STM32_USB_Device_Library/Core/Src/usbd_core.c.obj
                0x08009f44                USBD_LL_DevConnected
 .text.USBD_LL_DevDisconnected
                0x08009f48       0x20 CMakeFiles/STM32H7_Test.elf.dir/Middlewares/ST/STM32_USB_Device_Library/Core/Src/usbd_core.c.obj
                0x08009f48                USBD_LL_DevDisconnected
 .text.USBD_CoreFindIF
                0x08009f68        0x4 CMakeFiles/STM32H7_Test.elf.dir/Middlewares/ST/STM32_USB_Device_Library/Core/Src/usbd_core.c.obj
                0x08009f68                USBD_CoreFindIF
 .text.USBD_CoreFindEP
                0x08009f6c        0x4 CMakeFiles/STM32H7_Test.elf.dir/Middlewares/ST/STM32_USB_Device_Library/Core/Src/usbd_core.c.obj
                0x08009f6c                USBD_CoreFindEP
 .text.USBD_LL_DataOutStage
                0x08009f70       0xc6 CMakeFiles/STM32H7_Test.elf.dir/Middlewares/ST/STM32_USB_Device_Library/Core/Src/usbd_core.c.obj
                0x08009f70                USBD_LL_DataOutStage
 .text.USBD_LL_DataInStage
                0x0800a036       0xd6 CMakeFiles/STM32H7_Test.elf.dir/Middlewares/ST/STM32_USB_Device_Library/Core/Src/usbd_core.c.obj
                0x0800a036                USBD_LL_DataInStage
 .text.USBD_GetNextDesc
                0x0800a10c        0xe CMakeFiles/STM32H7_Test.elf.dir/Middlewares/ST/STM32_USB_Device_Library/Core/Src/usbd_core.c.obj
                0x0800a10c                USBD_GetNextDesc
 .text.USBD_GetEpDesc
                0x0800a11a       0x3e CMakeFiles/STM32H7_Test.elf.dir/Middlewares/ST/STM32_USB_Device_Library/Core/Src/usbd_core.c.obj
                0x0800a11a                USBD_GetEpDesc
 .text.USBD_GetLen
                0x0800a158       0x14 CMakeFiles/STM32H7_Test.elf.dir/Middlewares/ST/STM32_USB_Device_Library/Core/Src/usbd_ctlreq.c.obj
 .text.USBD_ParseSetupRequest
                0x0800a16c       0x28 CMakeFiles/STM32H7_Test.elf.dir/Middlewares/ST/STM32_USB_Device_Library/Core/Src/usbd_ctlreq.c.obj
                0x0800a16c                USBD_ParseSetupRequest
 .text.USBD_CtlError
                0x0800a194       0x14 CMakeFiles/STM32H7_Test.elf.dir/Middlewares/ST/STM32_USB_Device_Library/Core/Src/usbd_ctlreq.c.obj
                0x0800a194                USBD_CtlError
 .text.USBD_GetDescriptor
                0x0800a1a8      0x18a CMakeFiles/STM32H7_Test.elf.dir/Middlewares/ST/STM32_USB_Device_Library/Core/Src/usbd_ctlreq.c.obj
 .text.USBD_SetAddress
                0x0800a332       0x50 CMakeFiles/STM32H7_Test.elf.dir/Middlewares/ST/STM32_USB_Device_Library/Core/Src/usbd_ctlreq.c.obj
 *fill*         0x0800a382        0x2 
 .text.USBD_SetConfig
                0x0800a384       0xcc CMakeFiles/STM32H7_Test.elf.dir/Middlewares/ST/STM32_USB_Device_Library/Core/Src/usbd_ctlreq.c.obj
 .text.USBD_GetConfig
                0x0800a450       0x40 CMakeFiles/STM32H7_Test.elf.dir/Middlewares/ST/STM32_USB_Device_Library/Core/Src/usbd_ctlreq.c.obj
 .text.USBD_GetStatus
                0x0800a490       0x38 CMakeFiles/STM32H7_Test.elf.dir/Middlewares/ST/STM32_USB_Device_Library/Core/Src/usbd_ctlreq.c.obj
 .text.USBD_SetFeature
                0x0800a4c8       0x2a CMakeFiles/STM32H7_Test.elf.dir/Middlewares/ST/STM32_USB_Device_Library/Core/Src/usbd_ctlreq.c.obj
 .text.USBD_ClrFeature
                0x0800a4f2       0x26 CMakeFiles/STM32H7_Test.elf.dir/Middlewares/ST/STM32_USB_Device_Library/Core/Src/usbd_ctlreq.c.obj
 .text.USBD_StdDevReq
                0x0800a518       0x76 CMakeFiles/STM32H7_Test.elf.dir/Middlewares/ST/STM32_USB_Device_Library/Core/Src/usbd_ctlreq.c.obj
                0x0800a518                USBD_StdDevReq
 .text.USBD_StdItfReq
                0x0800a58e       0x84 CMakeFiles/STM32H7_Test.elf.dir/Middlewares/ST/STM32_USB_Device_Library/Core/Src/usbd_ctlreq.c.obj
                0x0800a58e                USBD_StdItfReq
 .text.USBD_StdEPReq
                0x0800a612      0x232 CMakeFiles/STM32H7_Test.elf.dir/Middlewares/ST/STM32_USB_Device_Library/Core/Src/usbd_ctlreq.c.obj
                0x0800a612                USBD_StdEPReq
 .text.USBD_GetString
                0x0800a844       0x3a CMakeFiles/STM32H7_Test.elf.dir/Middlewares/ST/STM32_USB_Device_Library/Core/Src/usbd_ctlreq.c.obj
                0x0800a844                USBD_GetString
 .text.USBD_CtlSendData
                0x0800a87e       0x1a CMakeFiles/STM32H7_Test.elf.dir/Middlewares/ST/STM32_USB_Device_Library/Core/Src/usbd_ioreq.c.obj
                0x0800a87e                USBD_CtlSendData
 .text.USBD_CtlContinueSendData
                0x0800a898       0x10 CMakeFiles/STM32H7_Test.elf.dir/Middlewares/ST/STM32_USB_Device_Library/Core/Src/usbd_ioreq.c.obj
                0x0800a898                USBD_CtlContinueSendData
 .text.USBD_CtlContinueRx
                0x0800a8a8       0x10 CMakeFiles/STM32H7_Test.elf.dir/Middlewares/ST/STM32_USB_Device_Library/Core/Src/usbd_ioreq.c.obj
                0x0800a8a8                USBD_CtlContinueRx
 .text.USBD_CtlSendStatus
                0x0800a8b8       0x16 CMakeFiles/STM32H7_Test.elf.dir/Middlewares/ST/STM32_USB_Device_Library/Core/Src/usbd_ioreq.c.obj
                0x0800a8b8                USBD_CtlSendStatus
 .text.USBD_CtlReceiveStatus
                0x0800a8ce       0x16 CMakeFiles/STM32H7_Test.elf.dir/Middlewares/ST/STM32_USB_Device_Library/Core/Src/usbd_ioreq.c.obj
                0x0800a8ce                USBD_CtlReceiveStatus
 .text.disk_status
                0x0800a8e4       0x18 CMakeFiles/STM32H7_Test.elf.dir/Middlewares/Third_Party/FatFs/src/diskio.c.obj
                0x0800a8e4                disk_status
 .text.disk_initialize
                0x0800a8fc       0x28 CMakeFiles/STM32H7_Test.elf.dir/Middlewares/Third_Party/FatFs/src/diskio.c.obj
                0x0800a8fc                disk_initialize
 .text.disk_read
                0x0800a924       0x18 CMakeFiles/STM32H7_Test.elf.dir/Middlewares/Third_Party/FatFs/src/diskio.c.obj
                0x0800a924                disk_read
 .text.disk_write
                0x0800a93c       0x18 CMakeFiles/STM32H7_Test.elf.dir/Middlewares/Third_Party/FatFs/src/diskio.c.obj
                0x0800a93c                disk_write
 .text.disk_ioctl
                0x0800a954       0x18 CMakeFiles/STM32H7_Test.elf.dir/Middlewares/Third_Party/FatFs/src/diskio.c.obj
                0x0800a954                disk_ioctl
 .text.ld_word  0x0800a96c        0xa CMakeFiles/STM32H7_Test.elf.dir/Middlewares/Third_Party/FatFs/src/ff.c.obj
 .text.ld_dword
                0x0800a976       0x16 CMakeFiles/STM32H7_Test.elf.dir/Middlewares/Third_Party/FatFs/src/ff.c.obj
 .text.ld_qword
                0x0800a98c       0x44 CMakeFiles/STM32H7_Test.elf.dir/Middlewares/Third_Party/FatFs/src/ff.c.obj
 .text.st_word  0x0800a9d0        0x8 CMakeFiles/STM32H7_Test.elf.dir/Middlewares/Third_Party/FatFs/src/ff.c.obj
 .text.st_dword
                0x0800a9d8       0x14 CMakeFiles/STM32H7_Test.elf.dir/Middlewares/Third_Party/FatFs/src/ff.c.obj
 .text.st_qword
                0x0800a9ec       0x26 CMakeFiles/STM32H7_Test.elf.dir/Middlewares/Third_Party/FatFs/src/ff.c.obj
 .text.mem_cpy  0x0800aa12       0x14 CMakeFiles/STM32H7_Test.elf.dir/Middlewares/Third_Party/FatFs/src/ff.c.obj
 .text.mem_set  0x0800aa26        0xa CMakeFiles/STM32H7_Test.elf.dir/Middlewares/Third_Party/FatFs/src/ff.c.obj
 .text.mem_cmp  0x0800aa30       0x1a CMakeFiles/STM32H7_Test.elf.dir/Middlewares/Third_Party/FatFs/src/ff.c.obj
 .text.chk_chr  0x0800aa4a       0x10 CMakeFiles/STM32H7_Test.elf.dir/Middlewares/Third_Party/FatFs/src/ff.c.obj
 *fill*         0x0800aa5a        0x2 
 .text.chk_lock
                0x0800aa5c       0x7c CMakeFiles/STM32H7_Test.elf.dir/Middlewares/Third_Party/FatFs/src/ff.c.obj
 .text.enq_lock
                0x0800aad8       0x20 CMakeFiles/STM32H7_Test.elf.dir/Middlewares/Third_Party/FatFs/src/ff.c.obj
 .text.inc_lock
                0x0800aaf8       0xa4 CMakeFiles/STM32H7_Test.elf.dir/Middlewares/Third_Party/FatFs/src/ff.c.obj
 .text.dec_lock
                0x0800ab9c       0x40 CMakeFiles/STM32H7_Test.elf.dir/Middlewares/Third_Party/FatFs/src/ff.c.obj
 .text.clear_lock
                0x0800abdc       0x3c CMakeFiles/STM32H7_Test.elf.dir/Middlewares/Third_Party/FatFs/src/ff.c.obj
 .text.clust2sect
                0x0800ac18       0x18 CMakeFiles/STM32H7_Test.elf.dir/Middlewares/Third_Party/FatFs/src/ff.c.obj
 .text.clmt_clust
                0x0800ac30       0x30 CMakeFiles/STM32H7_Test.elf.dir/Middlewares/Third_Party/FatFs/src/ff.c.obj
 .text.ld_clust
                0x0800ac60       0x26 CMakeFiles/STM32H7_Test.elf.dir/Middlewares/Third_Party/FatFs/src/ff.c.obj
 .text.st_clust
                0x0800ac86       0x26 CMakeFiles/STM32H7_Test.elf.dir/Middlewares/Third_Party/FatFs/src/ff.c.obj
 .text.pick_lfn
                0x0800acac       0x84 CMakeFiles/STM32H7_Test.elf.dir/Middlewares/Third_Party/FatFs/src/ff.c.obj
 .text.put_lfn  0x0800ad30       0x78 CMakeFiles/STM32H7_Test.elf.dir/Middlewares/Third_Party/FatFs/src/ff.c.obj
 .text.gen_numname
                0x0800ada8       0xa6 CMakeFiles/STM32H7_Test.elf.dir/Middlewares/Third_Party/FatFs/src/ff.c.obj
 .text.sum_sfn  0x0800ae4e       0x20 CMakeFiles/STM32H7_Test.elf.dir/Middlewares/Third_Party/FatFs/src/ff.c.obj
 .text.xdir_sum
                0x0800ae6e       0x32 CMakeFiles/STM32H7_Test.elf.dir/Middlewares/Third_Party/FatFs/src/ff.c.obj
 .text.get_ldnumber
                0x0800aea0       0x48 CMakeFiles/STM32H7_Test.elf.dir/Middlewares/Third_Party/FatFs/src/ff.c.obj
 .text.validate
                0x0800aee8       0x46 CMakeFiles/STM32H7_Test.elf.dir/Middlewares/Third_Party/FatFs/src/ff.c.obj
 .text.sync_window
                0x0800af2e       0x54 CMakeFiles/STM32H7_Test.elf.dir/Middlewares/Third_Party/FatFs/src/ff.c.obj
 .text.move_window
                0x0800af82       0x36 CMakeFiles/STM32H7_Test.elf.dir/Middlewares/Third_Party/FatFs/src/ff.c.obj
 .text.check_fs
                0x0800afb8       0x8c CMakeFiles/STM32H7_Test.elf.dir/Middlewares/Third_Party/FatFs/src/ff.c.obj
 .text.find_volume
                0x0800b044      0x470 CMakeFiles/STM32H7_Test.elf.dir/Middlewares/Third_Party/FatFs/src/ff.c.obj
 .text.find_bitmap
                0x0800b4b4       0x88 CMakeFiles/STM32H7_Test.elf.dir/Middlewares/Third_Party/FatFs/src/ff.c.obj
 .text.change_bitmap
                0x0800b53c       0x78 CMakeFiles/STM32H7_Test.elf.dir/Middlewares/Third_Party/FatFs/src/ff.c.obj
 .text.put_fat  0x0800b5b4      0x128 CMakeFiles/STM32H7_Test.elf.dir/Middlewares/Third_Party/FatFs/src/ff.c.obj
 .text.fill_last_frag
                0x0800b6dc       0x30 CMakeFiles/STM32H7_Test.elf.dir/Middlewares/Third_Party/FatFs/src/ff.c.obj
 .text.fill_first_frag
                0x0800b70c       0x32 CMakeFiles/STM32H7_Test.elf.dir/Middlewares/Third_Party/FatFs/src/ff.c.obj
 .text.get_fat  0x0800b73e      0x162 CMakeFiles/STM32H7_Test.elf.dir/Middlewares/Third_Party/FatFs/src/ff.c.obj
 .text.dir_sdi  0x0800b8a0       0xc0 CMakeFiles/STM32H7_Test.elf.dir/Middlewares/Third_Party/FatFs/src/ff.c.obj
 .text.create_chain
                0x0800b960      0x18e CMakeFiles/STM32H7_Test.elf.dir/Middlewares/Third_Party/FatFs/src/ff.c.obj
 .text.remove_chain
                0x0800baee       0xfe CMakeFiles/STM32H7_Test.elf.dir/Middlewares/Third_Party/FatFs/src/ff.c.obj
 .text.dir_next
                0x0800bbec      0x120 CMakeFiles/STM32H7_Test.elf.dir/Middlewares/Third_Party/FatFs/src/ff.c.obj
 .text.load_xdir
                0x0800bd0c       0xf0 CMakeFiles/STM32H7_Test.elf.dir/Middlewares/Third_Party/FatFs/src/ff.c.obj
 .text.load_obj_dir
                0x0800bdfc       0x32 CMakeFiles/STM32H7_Test.elf.dir/Middlewares/Third_Party/FatFs/src/ff.c.obj
 .text.dir_read
                0x0800be2e       0xe6 CMakeFiles/STM32H7_Test.elf.dir/Middlewares/Third_Party/FatFs/src/ff.c.obj
 .text.dir_alloc
                0x0800bf14       0x68 CMakeFiles/STM32H7_Test.elf.dir/Middlewares/Third_Party/FatFs/src/ff.c.obj
 .text.store_xdir
                0x0800bf7c       0x5e CMakeFiles/STM32H7_Test.elf.dir/Middlewares/Third_Party/FatFs/src/ff.c.obj
 *fill*         0x0800bfda        0x2 
 .text.create_name
                0x0800bfdc      0x234 CMakeFiles/STM32H7_Test.elf.dir/Middlewares/Third_Party/FatFs/src/ff.c.obj
 .text.get_xdir_info
                0x0800c210       0xa2 CMakeFiles/STM32H7_Test.elf.dir/Middlewares/Third_Party/FatFs/src/ff.c.obj
 .text.get_fileinfo
                0x0800c2b2      0x102 CMakeFiles/STM32H7_Test.elf.dir/Middlewares/Third_Party/FatFs/src/ff.c.obj
 .text.xname_sum
                0x0800c3b4       0x38 CMakeFiles/STM32H7_Test.elf.dir/Middlewares/Third_Party/FatFs/src/ff.c.obj
 .text.create_xdir
                0x0800c3ec       0x7e CMakeFiles/STM32H7_Test.elf.dir/Middlewares/Third_Party/FatFs/src/ff.c.obj
 *fill*         0x0800c46a        0x2 
 .text.cmp_lfn  0x0800c46c       0xa0 CMakeFiles/STM32H7_Test.elf.dir/Middlewares/Third_Party/FatFs/src/ff.c.obj
 .text.dir_find
                0x0800c50c      0x172 CMakeFiles/STM32H7_Test.elf.dir/Middlewares/Third_Party/FatFs/src/ff.c.obj
 .text.follow_path
                0x0800c67e       0xce CMakeFiles/STM32H7_Test.elf.dir/Middlewares/Third_Party/FatFs/src/ff.c.obj
 .text.dir_register
                0x0800c74c      0x1fc CMakeFiles/STM32H7_Test.elf.dir/Middlewares/Third_Party/FatFs/src/ff.c.obj
 .text.sync_fs  0x0800c948       0x8c CMakeFiles/STM32H7_Test.elf.dir/Middlewares/Third_Party/FatFs/src/ff.c.obj
 .text.f_mount  0x0800c9d4       0x60 CMakeFiles/STM32H7_Test.elf.dir/Middlewares/Third_Party/FatFs/src/ff.c.obj
                0x0800c9d4                f_mount
 .text.f_open   0x0800ca34      0x370 CMakeFiles/STM32H7_Test.elf.dir/Middlewares/Third_Party/FatFs/src/ff.c.obj
                0x0800ca34                f_open
 .text.f_read   0x0800cda4      0x1e6 CMakeFiles/STM32H7_Test.elf.dir/Middlewares/Third_Party/FatFs/src/ff.c.obj
                0x0800cda4                f_read
 .text.f_write  0x0800cf8a      0x248 CMakeFiles/STM32H7_Test.elf.dir/Middlewares/Third_Party/FatFs/src/ff.c.obj
                0x0800cf8a                f_write
 .text.f_sync   0x0800d1d2      0x180 CMakeFiles/STM32H7_Test.elf.dir/Middlewares/Third_Party/FatFs/src/ff.c.obj
                0x0800d1d2                f_sync
 .text.f_close  0x0800d352       0x2a CMakeFiles/STM32H7_Test.elf.dir/Middlewares/Third_Party/FatFs/src/ff.c.obj
                0x0800d352                f_close
 .text.f_opendir
                0x0800d37c       0xee CMakeFiles/STM32H7_Test.elf.dir/Middlewares/Third_Party/FatFs/src/ff.c.obj
                0x0800d37c                f_opendir
 .text.f_readdir
                0x0800d46a       0x6e CMakeFiles/STM32H7_Test.elf.dir/Middlewares/Third_Party/FatFs/src/ff.c.obj
                0x0800d46a                f_readdir
 .text.f_stat   0x0800d4d8       0x60 CMakeFiles/STM32H7_Test.elf.dir/Middlewares/Third_Party/FatFs/src/ff.c.obj
                0x0800d4d8                f_stat
 .text.f_mkdir  0x0800d538      0x202 CMakeFiles/STM32H7_Test.elf.dir/Middlewares/Third_Party/FatFs/src/ff.c.obj
                0x0800d538                f_mkdir
 *fill*         0x0800d73a        0x2 
 .text.FATFS_LinkDriverEx
                0x0800d73c       0x54 CMakeFiles/STM32H7_Test.elf.dir/Middlewares/Third_Party/FatFs/src/ff_gen_drv.c.obj
                0x0800d73c                FATFS_LinkDriverEx
 .text.FATFS_LinkDriver
                0x0800d790        0xa CMakeFiles/STM32H7_Test.elf.dir/Middlewares/Third_Party/FatFs/src/ff_gen_drv.c.obj
                0x0800d790                FATFS_LinkDriver
 *fill*         0x0800d79a        0x2 
 .text.ff_convert
                0x0800d79c       0x3c CMakeFiles/STM32H7_Test.elf.dir/Middlewares/Third_Party/FatFs/src/option/ccsbcs.c.obj
                0x0800d79c                ff_convert
 .text.ff_wtoupper
                0x0800d7d8       0x9c CMakeFiles/STM32H7_Test.elf.dir/Middlewares/Third_Party/FatFs/src/option/ccsbcs.c.obj
                0x0800d7d8                ff_wtoupper
 .text.ff_memalloc
                0x0800d874        0x8 CMakeFiles/STM32H7_Test.elf.dir/Middlewares/Third_Party/FatFs/src/option/syscall.c.obj
                0x0800d874                ff_memalloc
 .text.ff_memfree
                0x0800d87c        0x8 CMakeFiles/STM32H7_Test.elf.dir/Middlewares/Third_Party/FatFs/src/option/syscall.c.obj
                0x0800d87c                ff_memfree
 .text.MX_USB_DEVICE_Init
                0x0800d884       0x58 CMakeFiles/STM32H7_Test.elf.dir/USB_DEVICE/App/usb_device.c.obj
                0x0800d884                MX_USB_DEVICE_Init
 .text.USBD_FS_DeviceDescriptor
                0x0800d8dc        0xc CMakeFiles/STM32H7_Test.elf.dir/USB_DEVICE/App/usbd_desc.c.obj
                0x0800d8dc                USBD_FS_DeviceDescriptor
 .text.USBD_FS_LangIDStrDescriptor
                0x0800d8e8        0xc CMakeFiles/STM32H7_Test.elf.dir/USB_DEVICE/App/usbd_desc.c.obj
                0x0800d8e8                USBD_FS_LangIDStrDescriptor
 .text.IntToUnicode
                0x0800d8f4       0x46 CMakeFiles/STM32H7_Test.elf.dir/USB_DEVICE/App/usbd_desc.c.obj
 *fill*         0x0800d93a        0x2 
 .text.Get_SerialNum
                0x0800d93c       0x38 CMakeFiles/STM32H7_Test.elf.dir/USB_DEVICE/App/usbd_desc.c.obj
 .text.USBD_FS_SerialStrDescriptor
                0x0800d974       0x14 CMakeFiles/STM32H7_Test.elf.dir/USB_DEVICE/App/usbd_desc.c.obj
                0x0800d974                USBD_FS_SerialStrDescriptor
 .text.USBD_FS_ProductStrDescriptor
                0x0800d988       0x24 CMakeFiles/STM32H7_Test.elf.dir/USB_DEVICE/App/usbd_desc.c.obj
                0x0800d988                USBD_FS_ProductStrDescriptor
 .text.USBD_FS_ManufacturerStrDescriptor
                0x0800d9ac       0x1c CMakeFiles/STM32H7_Test.elf.dir/USB_DEVICE/App/usbd_desc.c.obj
                0x0800d9ac                USBD_FS_ManufacturerStrDescriptor
 .text.USBD_FS_ConfigStrDescriptor
                0x0800d9c8       0x24 CMakeFiles/STM32H7_Test.elf.dir/USB_DEVICE/App/usbd_desc.c.obj
                0x0800d9c8                USBD_FS_ConfigStrDescriptor
 .text.USBD_FS_InterfaceStrDescriptor
                0x0800d9ec       0x24 CMakeFiles/STM32H7_Test.elf.dir/USB_DEVICE/App/usbd_desc.c.obj
                0x0800d9ec                USBD_FS_InterfaceStrDescriptor
 .text.STORAGE_GetCapacity_FS
                0x0800da10       0x14 CMakeFiles/STM32H7_Test.elf.dir/USB_DEVICE/App/usbd_storage_if.c.obj
 .text.STORAGE_IsWriteProtected_FS
                0x0800da24        0x4 CMakeFiles/STM32H7_Test.elf.dir/USB_DEVICE/App/usbd_storage_if.c.obj
 .text.STORAGE_GetMaxLun_FS
                0x0800da28        0x4 CMakeFiles/STM32H7_Test.elf.dir/USB_DEVICE/App/usbd_storage_if.c.obj
 .text.STORAGE_Write_FS
                0x0800da2c       0x28 CMakeFiles/STM32H7_Test.elf.dir/USB_DEVICE/App/usbd_storage_if.c.obj
 .text.STORAGE_Read_FS
                0x0800da54       0x28 CMakeFiles/STM32H7_Test.elf.dir/USB_DEVICE/App/usbd_storage_if.c.obj
 .text.STORAGE_IsReady_FS
                0x0800da7c       0x4c CMakeFiles/STM32H7_Test.elf.dir/USB_DEVICE/App/usbd_storage_if.c.obj
 .text.STORAGE_Init_FS
                0x0800dac8        0xa CMakeFiles/STM32H7_Test.elf.dir/USB_DEVICE/App/usbd_storage_if.c.obj
 *fill*         0x0800dad2        0x2 
 .text.HAL_PCD_MspInit
                0x0800dad4       0xb4 CMakeFiles/STM32H7_Test.elf.dir/USB_DEVICE/Target/usbd_conf.c.obj
                0x0800dad4                HAL_PCD_MspInit
 .text.HAL_PCD_SetupStageCallback
                0x0800db88       0x10 CMakeFiles/STM32H7_Test.elf.dir/USB_DEVICE/Target/usbd_conf.c.obj
                0x0800db88                HAL_PCD_SetupStageCallback
 .text.HAL_PCD_DataOutStageCallback